<?xml version="1.0" encoding="ISO-8859-1" ?>
<link_info>
   <banner>TI ARM Linker Unix v18.1.4.LTS</banner>
   <copyright>Copyright (c) 1996-2018 Texas Instruments Incorporated</copyright>
   <link_time>0x5c4997ef</link_time>
   <link_errors>0x0</link_errors>
   <output_file>hall_test.out</output_file>
   <entry_point>
      <name>_c_int00</name>
      <address>0x89ac</address>
   </entry_point>
   <input_file_list>
      <input_file id="fl-2">
         <path>./source/</path>
         <kind>object</kind>
         <file>HL_epc.obj</file>
         <name>HL_epc.obj</name>
      </input_file>
      <input_file id="fl-3">
         <path>./source/</path>
         <kind>object</kind>
         <file>HL_errata.obj</file>
         <name>HL_errata.obj</name>
      </input_file>
      <input_file id="fl-4">
         <path>./source/</path>
         <kind>object</kind>
         <file>HL_esm.obj</file>
         <name>HL_esm.obj</name>
      </input_file>
      <input_file id="fl-5">
         <path>./source/</path>
         <kind>object</kind>
         <file>HL_etpwm.obj</file>
         <name>HL_etpwm.obj</name>
      </input_file>
      <input_file id="fl-6">
         <path>./source/</path>
         <kind>object</kind>
         <file>HL_gio.obj</file>
         <name>HL_gio.obj</name>
      </input_file>
      <input_file id="fl-7">
         <path>./source/</path>
         <kind>object</kind>
         <file>HL_nmpu.obj</file>
         <name>HL_nmpu.obj</name>
      </input_file>
      <input_file id="fl-8">
         <path>./source/</path>
         <kind>object</kind>
         <file>HL_notification.obj</file>
         <name>HL_notification.obj</name>
      </input_file>
      <input_file id="fl-9">
         <path>./source/</path>
         <kind>object</kind>
         <file>HL_pinmux.obj</file>
         <name>HL_pinmux.obj</name>
      </input_file>
      <input_file id="fl-a">
         <path>./source/</path>
         <kind>object</kind>
         <file>HL_rti.obj</file>
         <name>HL_rti.obj</name>
      </input_file>
      <input_file id="fl-b">
         <path>./source/</path>
         <kind>object</kind>
         <file>HL_sci.obj</file>
         <name>HL_sci.obj</name>
      </input_file>
      <input_file id="fl-c">
         <path>./source/</path>
         <kind>object</kind>
         <file>HL_sys_core.obj</file>
         <name>HL_sys_core.obj</name>
      </input_file>
      <input_file id="fl-d">
         <path>./source/</path>
         <kind>object</kind>
         <file>HL_sys_dma.obj</file>
         <name>HL_sys_dma.obj</name>
      </input_file>
      <input_file id="fl-e">
         <path>./source/</path>
         <kind>object</kind>
         <file>HL_sys_intvecs.obj</file>
         <name>HL_sys_intvecs.obj</name>
      </input_file>
      <input_file id="fl-f">
         <path>./source/</path>
         <kind>object</kind>
         <file>HL_sys_main.obj</file>
         <name>HL_sys_main.obj</name>
      </input_file>
      <input_file id="fl-10">
         <path>./source/</path>
         <kind>object</kind>
         <file>HL_sys_mpu.obj</file>
         <name>HL_sys_mpu.obj</name>
      </input_file>
      <input_file id="fl-11">
         <path>./source/</path>
         <kind>object</kind>
         <file>HL_sys_pcr.obj</file>
         <name>HL_sys_pcr.obj</name>
      </input_file>
      <input_file id="fl-12">
         <path>./source/</path>
         <kind>object</kind>
         <file>HL_sys_phantom.obj</file>
         <name>HL_sys_phantom.obj</name>
      </input_file>
      <input_file id="fl-13">
         <path>./source/</path>
         <kind>object</kind>
         <file>HL_sys_pmm.obj</file>
         <name>HL_sys_pmm.obj</name>
      </input_file>
      <input_file id="fl-14">
         <path>./source/</path>
         <kind>object</kind>
         <file>HL_sys_pmu.obj</file>
         <name>HL_sys_pmu.obj</name>
      </input_file>
      <input_file id="fl-15">
         <path>./source/</path>
         <kind>object</kind>
         <file>HL_sys_startup.obj</file>
         <name>HL_sys_startup.obj</name>
      </input_file>
      <input_file id="fl-16">
         <path>./source/</path>
         <kind>object</kind>
         <file>HL_sys_vim.obj</file>
         <name>HL_sys_vim.obj</name>
      </input_file>
      <input_file id="fl-17">
         <path>./source/</path>
         <kind>object</kind>
         <file>HL_system.obj</file>
         <name>HL_system.obj</name>
      </input_file>
      <input_file id="fl-1b">
         <kind>object</kind>
         <file>&lt;internal&gt;</file>
         <name>&lt;internal&gt;</name>
      </input_file>
      <input_file id="fl-d1">
         <path>/home/roro/ti/ccsv8/tools/compiler/ti-cgt-arm_18.1.4.LTS/lib/</path>
         <kind>archive</kind>
         <file>rtsv7R4_A_be_v3D16_eabi.lib</file>
         <name>s_floor.c.obj</name>
      </input_file>
      <input_file id="fl-d2">
         <path>/home/roro/ti/ccsv8/tools/compiler/ti-cgt-arm_18.1.4.LTS/lib/</path>
         <kind>archive</kind>
         <file>rtsv7R4_A_be_v3D16_eabi.lib</file>
         <name>autoinit.c.obj</name>
      </input_file>
      <input_file id="fl-d3">
         <path>/home/roro/ti/ccsv8/tools/compiler/ti-cgt-arm_18.1.4.LTS/lib/</path>
         <kind>archive</kind>
         <file>rtsv7R4_A_be_v3D16_eabi.lib</file>
         <name>cpy_tbl.c.obj</name>
      </input_file>
      <input_file id="fl-d4">
         <path>/home/roro/ti/ccsv8/tools/compiler/ti-cgt-arm_18.1.4.LTS/lib/</path>
         <kind>archive</kind>
         <file>rtsv7R4_A_be_v3D16_eabi.lib</file>
         <name>copy_zero_init.c.obj</name>
      </input_file>
      <input_file id="fl-d5">
         <path>/home/roro/ti/ccsv8/tools/compiler/ti-cgt-arm_18.1.4.LTS/lib/</path>
         <kind>archive</kind>
         <file>rtsv7R4_A_be_v3D16_eabi.lib</file>
         <name>copy_decompress_none.c.obj</name>
      </input_file>
      <input_file id="fl-d6">
         <path>/home/roro/ti/ccsv8/tools/compiler/ti-cgt-arm_18.1.4.LTS/lib/</path>
         <kind>archive</kind>
         <file>rtsv7R4_A_be_v3D16_eabi.lib</file>
         <name>copy_decompress_lzss.c.obj</name>
      </input_file>
      <input_file id="fl-d7">
         <path>/home/roro/ti/ccsv8/tools/compiler/ti-cgt-arm_18.1.4.LTS/lib/</path>
         <kind>archive</kind>
         <file>rtsv7R4_A_be_v3D16_eabi.lib</file>
         <name>exit.c.obj</name>
      </input_file>
      <input_file id="fl-d8">
         <path>/home/roro/ti/ccsv8/tools/compiler/ti-cgt-arm_18.1.4.LTS/lib/</path>
         <kind>archive</kind>
         <file>rtsv7R4_A_be_v3D16_eabi.lib</file>
         <name>_lock.c.obj</name>
      </input_file>
      <input_file id="fl-d9">
         <path>/home/roro/ti/ccsv8/tools/compiler/ti-cgt-arm_18.1.4.LTS/lib/</path>
         <kind>archive</kind>
         <file>rtsv7R4_A_be_v3D16_eabi.lib</file>
         <name>sprintf.c.obj</name>
      </input_file>
      <input_file id="fl-da">
         <path>/home/roro/ti/ccsv8/tools/compiler/ti-cgt-arm_18.1.4.LTS/lib/</path>
         <kind>archive</kind>
         <file>rtsv7R4_A_be_v3D16_eabi.lib</file>
         <name>strlen.c.obj</name>
      </input_file>
      <input_file id="fl-db">
         <path>/home/roro/ti/ccsv8/tools/compiler/ti-cgt-arm_18.1.4.LTS/lib/</path>
         <kind>archive</kind>
         <file>rtsv7R4_A_be_v3D16_eabi.lib</file>
         <name>memcpy32.asm.obj</name>
      </input_file>
      <input_file id="fl-dc">
         <path>/home/roro/ti/ccsv8/tools/compiler/ti-cgt-arm_18.1.4.LTS/lib/</path>
         <kind>archive</kind>
         <file>rtsv7R4_A_be_v3D16_eabi.lib</file>
         <name>memset32.asm.obj</name>
      </input_file>
      <input_file id="fl-dd">
         <path>/home/roro/ti/ccsv8/tools/compiler/ti-cgt-arm_18.1.4.LTS/lib/</path>
         <kind>archive</kind>
         <file>rtsv7R4_A_be_v3D16_eabi.lib</file>
         <name>_printfi.c.obj</name>
      </input_file>
      <input_file id="fl-de">
         <path>/home/roro/ti/ccsv8/tools/compiler/ti-cgt-arm_18.1.4.LTS/lib/</path>
         <kind>archive</kind>
         <file>rtsv7R4_A_be_v3D16_eabi.lib</file>
         <name>atoi.c.obj</name>
      </input_file>
      <input_file id="fl-df">
         <path>/home/roro/ti/ccsv8/tools/compiler/ti-cgt-arm_18.1.4.LTS/lib/</path>
         <kind>archive</kind>
         <file>rtsv7R4_A_be_v3D16_eabi.lib</file>
         <name>ctype.c.obj</name>
      </input_file>
      <input_file id="fl-e0">
         <path>/home/roro/ti/ccsv8/tools/compiler/ti-cgt-arm_18.1.4.LTS/lib/</path>
         <kind>archive</kind>
         <file>rtsv7R4_A_be_v3D16_eabi.lib</file>
         <name>ltoa.c.obj</name>
      </input_file>
      <input_file id="fl-e1">
         <path>/home/roro/ti/ccsv8/tools/compiler/ti-cgt-arm_18.1.4.LTS/lib/</path>
         <kind>archive</kind>
         <file>rtsv7R4_A_be_v3D16_eabi.lib</file>
         <name>memccpy.c.obj</name>
      </input_file>
      <input_file id="fl-e2">
         <path>/home/roro/ti/ccsv8/tools/compiler/ti-cgt-arm_18.1.4.LTS/lib/</path>
         <kind>archive</kind>
         <file>rtsv7R4_A_be_v3D16_eabi.lib</file>
         <name>strchr.c.obj</name>
      </input_file>
      <input_file id="fl-e3">
         <path>/home/roro/ti/ccsv8/tools/compiler/ti-cgt-arm_18.1.4.LTS/lib/</path>
         <kind>archive</kind>
         <file>rtsv7R4_A_be_v3D16_eabi.lib</file>
         <name>errno.c.obj</name>
      </input_file>
      <input_file id="fl-e4">
         <path>/home/roro/ti/ccsv8/tools/compiler/ti-cgt-arm_18.1.4.LTS/lib/</path>
         <kind>archive</kind>
         <file>rtsv7R4_A_be_v3D16_eabi.lib</file>
         <name>s_frexp.c.obj</name>
      </input_file>
      <input_file id="fl-e5">
         <path>/home/roro/ti/ccsv8/tools/compiler/ti-cgt-arm_18.1.4.LTS/lib/</path>
         <kind>archive</kind>
         <file>rtsv7R4_A_be_v3D16_eabi.lib</file>
         <name>s_scalbn.c.obj</name>
      </input_file>
      <input_file id="fl-e6">
         <path>/home/roro/ti/ccsv8/tools/compiler/ti-cgt-arm_18.1.4.LTS/lib/</path>
         <kind>archive</kind>
         <file>rtsv7R4_A_be_v3D16_eabi.lib</file>
         <name>wcslen.c.obj</name>
      </input_file>
      <input_file id="fl-e7">
         <path>/home/roro/ti/ccsv8/tools/compiler/ti-cgt-arm_18.1.4.LTS/lib/</path>
         <kind>archive</kind>
         <file>rtsv7R4_A_be_v3D16_eabi.lib</file>
         <name>i_div32.asm.obj</name>
      </input_file>
      <input_file id="fl-e8">
         <path>/home/roro/ti/ccsv8/tools/compiler/ti-cgt-arm_18.1.4.LTS/lib/</path>
         <kind>archive</kind>
         <file>rtsv7R4_A_be_v3D16_eabi.lib</file>
         <name>u_div32.asm.obj</name>
      </input_file>
      <input_file id="fl-e9">
         <path>/home/roro/ti/ccsv8/tools/compiler/ti-cgt-arm_18.1.4.LTS/lib/</path>
         <kind>archive</kind>
         <file>rtsv7R4_A_be_v3D16_eabi.lib</file>
         <name>ull_div32.asm.obj</name>
      </input_file>
      <input_file id="fl-ea">
         <path>/home/roro/ti/ccsv8/tools/compiler/ti-cgt-arm_18.1.4.LTS/lib/</path>
         <kind>archive</kind>
         <file>rtsv7R4_A_be_v3D16_eabi.lib</file>
         <name>s_copysign.c.obj</name>
      </input_file>
      <input_file id="fl-eb">
         <path>/home/roro/ti/ccsv8/tools/compiler/ti-cgt-arm_18.1.4.LTS/lib/</path>
         <kind>archive</kind>
         <file>rtsv7R4_A_be_v3D16_eabi.lib</file>
         <name>div0.asm.obj</name>
      </input_file>
   </input_file_list>
   <object_component_list>
      <object_component id="oc-2e">
         <name>.intvecs</name>
         <load_address>0x0</load_address>
         <run_address>0x0</run_address>
         <size>0x20</size>
         <input_file_ref idref="fl-e"/>
      </object_component>
      <object_component id="oc-124">
         <name>.text</name>
         <load_address>0x20</load_address>
         <run_address>0x20</run_address>
         <size>0x217c</size>
         <input_file_ref idref="fl-5"/>
      </object_component>
      <object_component id="oc-1d5">
         <name>.text:__TI_printfi</name>
         <load_address>0x219c</load_address>
         <run_address>0x219c</run_address>
         <size>0xf9c</size>
         <input_file_ref idref="fl-dd"/>
      </object_component>
      <object_component id="oc-cd">
         <name>.text</name>
         <load_address>0x3138</load_address>
         <run_address>0x3138</run_address>
         <size>0x9d0</size>
         <input_file_ref idref="fl-9"/>
      </object_component>
      <object_component id="oc-73">
         <name>.text</name>
         <load_address>0x3b08</load_address>
         <run_address>0x3b08</run_address>
         <size>0x95c</size>
         <input_file_ref idref="fl-17"/>
      </object_component>
      <object_component id="oc-3a">
         <name>.text</name>
         <load_address>0x4464</load_address>
         <run_address>0x4464</run_address>
         <size>0x938</size>
         <input_file_ref idref="fl-16"/>
      </object_component>
      <object_component id="oc-112">
         <name>.text</name>
         <load_address>0x4d9c</load_address>
         <run_address>0x4d9c</run_address>
         <size>0x860</size>
         <input_file_ref idref="fl-b"/>
      </object_component>
      <object_component id="oc-79">
         <name>.text</name>
         <load_address>0x55fc</load_address>
         <run_address>0x55fc</run_address>
         <size>0x78c</size>
         <input_file_ref idref="fl-4"/>
      </object_component>
      <object_component id="oc-130">
         <name>.text</name>
         <load_address>0x5d88</load_address>
         <run_address>0x5d88</run_address>
         <size>0x69c</size>
         <input_file_ref idref="fl-a"/>
      </object_component>
      <object_component id="oc-12a">
         <name>.text</name>
         <load_address>0x6424</load_address>
         <run_address>0x6424</run_address>
         <size>0x484</size>
         <input_file_ref idref="fl-6"/>
      </object_component>
      <object_component id="oc-85">
         <name>.text</name>
         <load_address>0x68a8</load_address>
         <run_address>0x68a8</run_address>
         <size>0x428</size>
         <input_file_ref idref="fl-f"/>
      </object_component>
      <object_component id="oc-68">
         <name>.text</name>
         <load_address>0x6cd0</load_address>
         <run_address>0x6cd0</run_address>
         <size>0x3c4</size>
         <input_file_ref idref="fl-c"/>
      </object_component>
      <object_component id="oc-7f">
         <name>.text</name>
         <load_address>0x7094</load_address>
         <run_address>0x7094</run_address>
         <size>0x36c</size>
         <input_file_ref idref="fl-10"/>
      </object_component>
      <object_component id="oc-39">
         <name>.text:retain</name>
         <load_address>0x7400</load_address>
         <run_address>0x7400</run_address>
         <size>0x33c</size>
         <input_file_ref idref="fl-16"/>
      </object_component>
      <object_component id="oc-25e">
         <name>.text:_pconv_a</name>
         <load_address>0x773c</load_address>
         <run_address>0x773c</run_address>
         <size>0x2dc</size>
         <input_file_ref idref="fl-dd"/>
      </object_component>
      <object_component id="oc-2bb">
         <name>.text</name>
         <load_address>0x7a18</load_address>
         <run_address>0x7a18</run_address>
         <size>0x2b8</size>
         <input_file_ref idref="fl-e9"/>
      </object_component>
      <object_component id="oc-24c">
         <name>.text:_pconv_g</name>
         <load_address>0x7cd0</load_address>
         <run_address>0x7cd0</run_address>
         <size>0x248</size>
         <input_file_ref idref="fl-dd"/>
      </object_component>
      <object_component id="oc-50">
         <name>.text</name>
         <load_address>0x7f18</load_address>
         <run_address>0x7f18</run_address>
         <size>0x180</size>
         <input_file_ref idref="fl-db"/>
      </object_component>
      <object_component id="oc-1f">
         <name>.text:retain</name>
         <load_address>0x8098</load_address>
         <run_address>0x8098</run_address>
         <size>0x178</size>
         <input_file_ref idref="fl-4"/>
      </object_component>
      <object_component id="oc-258">
         <name>.text:_pconv_e</name>
         <load_address>0x8210</load_address>
         <run_address>0x8210</run_address>
         <size>0x15c</size>
         <input_file_ref idref="fl-dd"/>
      </object_component>
      <object_component id="oc-2d9">
         <name>.text:fcvt</name>
         <load_address>0x836c</load_address>
         <run_address>0x836c</run_address>
         <size>0x144</size>
         <input_file_ref idref="fl-dd"/>
      </object_component>
      <object_component id="oc-1ca">
         <name>.text:floor</name>
         <load_address>0x84b0</load_address>
         <run_address>0x84b0</run_address>
         <size>0x13c</size>
         <input_file_ref idref="fl-d1"/>
      </object_component>
      <object_component id="oc-2ed">
         <name>.text:scalbn</name>
         <load_address>0x85ec</load_address>
         <run_address>0x85ec</run_address>
         <size>0x120</size>
         <input_file_ref idref="fl-e5"/>
      </object_component>
      <object_component id="oc-246">
         <name>.text:_ltostr</name>
         <load_address>0x870c</load_address>
         <run_address>0x870c</run_address>
         <size>0x115</size>
         <input_file_ref idref="fl-dd"/>
      </object_component>
      <object_component id="oc-2d2">
         <name>.text:_mcpy</name>
         <load_address>0x8824</load_address>
         <run_address>0x8824</run_address>
         <size>0xc8</size>
         <input_file_ref idref="fl-dd"/>
      </object_component>
      <object_component id="oc-6d">
         <name>.text</name>
         <load_address>0x88ec</load_address>
         <run_address>0x88ec</run_address>
         <size>0xc0</size>
         <input_file_ref idref="fl-8"/>
      </object_component>
      <object_component id="oc-19">
         <name>.text:retain</name>
         <load_address>0x89ac</load_address>
         <run_address>0x89ac</run_address>
         <size>0xb4</size>
         <input_file_ref idref="fl-15"/>
      </object_component>
      <object_component id="oc-bf">
         <name>.text</name>
         <load_address>0x8a60</load_address>
         <run_address>0x8a60</run_address>
         <size>0xb0</size>
         <input_file_ref idref="fl-dc"/>
      </object_component>
      <object_component id="oc-2cc">
         <name>.text:_ecpy</name>
         <load_address>0x8b10</load_address>
         <run_address>0x8b10</run_address>
         <size>0x98</size>
         <input_file_ref idref="fl-dd"/>
      </object_component>
      <object_component id="oc-c">
         <name>.text:decompress:lzss:__TI_decompress_lzss</name>
         <load_address>0x8ba8</load_address>
         <run_address>0x8ba8</run_address>
         <size>0x90</size>
         <input_file_ref idref="fl-d6"/>
      </object_component>
      <object_component id="oc-2e7">
         <name>.text:frexp</name>
         <load_address>0x8c38</load_address>
         <run_address>0x8c38</run_address>
         <size>0x8c</size>
         <input_file_ref idref="fl-e4"/>
      </object_component>
      <object_component id="oc-240">
         <name>.text:atoi</name>
         <load_address>0x8cc4</load_address>
         <run_address>0x8cc4</run_address>
         <size>0x84</size>
         <input_file_ref idref="fl-de"/>
      </object_component>
      <object_component id="oc-2c6">
         <name>.text:ltoa</name>
         <load_address>0x8d48</load_address>
         <run_address>0x8d48</run_address>
         <size>0x80</size>
         <input_file_ref idref="fl-e0"/>
      </object_component>
      <object_component id="oc-252">
         <name>.text:_pconv_f</name>
         <load_address>0x8dc8</load_address>
         <run_address>0x8dc8</run_address>
         <size>0x74</size>
         <input_file_ref idref="fl-dd"/>
      </object_component>
      <object_component id="oc-e2">
         <name>.text:__TI_auto_init_nobinit_nopinit:__TI_auto_init_nobinit_nopinit</name>
         <load_address>0x8e3c</load_address>
         <run_address>0x8e3c</run_address>
         <size>0x68</size>
         <input_file_ref idref="fl-d2"/>
      </object_component>
      <object_component id="oc-2df">
         <name>.text:_fcpy</name>
         <load_address>0x8ea4</load_address>
         <run_address>0x8ea4</run_address>
         <size>0x64</size>
         <input_file_ref idref="fl-dd"/>
      </object_component>
      <object_component id="oc-118">
         <name>.text:sprintf</name>
         <load_address>0x8f08</load_address>
         <run_address>0x8f08</run_address>
         <size>0x64</size>
         <input_file_ref idref="fl-d9"/>
      </object_component>
      <object_component id="oc-28">
         <name>.text:retain</name>
         <load_address>0x8f6c</load_address>
         <run_address>0x8f6c</run_address>
         <size>0x54</size>
         <input_file_ref idref="fl-a"/>
      </object_component>
      <object_component id="oc-328">
         <name>.text</name>
         <load_address>0x8fc0</load_address>
         <run_address>0x8fc0</run_address>
         <size>0x54</size>
         <input_file_ref idref="fl-e7"/>
      </object_component>
      <object_component id="oc-2c0">
         <name>.text</name>
         <load_address>0x9014</load_address>
         <run_address>0x9014</run_address>
         <size>0x50</size>
         <input_file_ref idref="fl-e8"/>
      </object_component>
      <object_component id="oc-1db">
         <name>.text:_outs</name>
         <load_address>0x9064</load_address>
         <run_address>0x9064</run_address>
         <size>0x30</size>
         <input_file_ref idref="fl-d9"/>
      </object_component>
      <object_component id="oc-264">
         <name>.text:memccpy</name>
         <load_address>0x9094</load_address>
         <run_address>0x9094</run_address>
         <size>0x2c</size>
         <input_file_ref idref="fl-e1"/>
      </object_component>
      <object_component id="oc-2f3">
         <name>.text:strchr</name>
         <load_address>0x90c0</load_address>
         <run_address>0x90c0</run_address>
         <size>0x28</size>
         <input_file_ref idref="fl-e2"/>
      </object_component>
      <object_component id="oc-26a">
         <name>.text:wcslen</name>
         <load_address>0x90e8</load_address>
         <run_address>0x90e8</run_address>
         <size>0x24</size>
         <input_file_ref idref="fl-e6"/>
      </object_component>
      <object_component id="oc-5c">
         <name>.text:decompress:ZI:__TI_zero_init_nomemset:__TI_zero_init_nomemset</name>
         <load_address>0x910c</load_address>
         <run_address>0x910c</run_address>
         <size>0x20</size>
         <input_file_ref idref="fl-d4"/>
      </object_component>
      <object_component id="oc-11e">
         <name>.text:strlen</name>
         <load_address>0x912c</load_address>
         <run_address>0x912c</run_address>
         <size>0x20</size>
         <input_file_ref idref="fl-da"/>
      </object_component>
      <object_component id="oc-33a">
         <name>.text:copysign</name>
         <load_address>0x914c</load_address>
         <run_address>0x914c</run_address>
         <size>0x1c</size>
         <input_file_ref idref="fl-ea"/>
      </object_component>
      <object_component id="oc-1e1">
         <name>.text:_outc</name>
         <load_address>0x9168</load_address>
         <run_address>0x9168</run_address>
         <size>0x14</size>
         <input_file_ref idref="fl-d9"/>
      </object_component>
      <object_component id="oc-12">
         <name>.text:decompress:none:__TI_decompress_none</name>
         <load_address>0x917c</load_address>
         <run_address>0x917c</run_address>
         <size>0x14</size>
         <input_file_ref idref="fl-d5"/>
      </object_component>
      <object_component id="oc-270">
         <name>.text:__aeabi_errno_addr</name>
         <load_address>0x9190</load_address>
         <run_address>0x9190</run_address>
         <size>0xc</size>
         <input_file_ref idref="fl-e3"/>
      </object_component>
      <object_component id="oc-141">
         <name>.text:abort:abort</name>
         <load_address>0x919c</load_address>
         <run_address>0x919c</run_address>
         <size>0x8</size>
         <input_file_ref idref="fl-d7"/>
      </object_component>
      <object_component id="oc-33">
         <name>.text:retain</name>
         <load_address>0x91a4</load_address>
         <run_address>0x91a4</run_address>
         <size>0x4</size>
         <input_file_ref idref="fl-12"/>
      </object_component>
      <object_component id="oc-322">
         <name>.text</name>
         <load_address>0x91a8</load_address>
         <run_address>0x91a8</run_address>
         <size>0x4</size>
         <input_file_ref idref="fl-eb"/>
      </object_component>
      <object_component id="oc-25">
         <name>.const:s_vim_init</name>
         <load_address>0x91c0</load_address>
         <run_address>0x91c0</run_address>
         <size>0x200</size>
         <input_file_ref idref="fl-16"/>
      </object_component>
      <object_component id="oc-2b6">
         <name>.const:.string:_ctypes_</name>
         <load_address>0x93c0</load_address>
         <run_address>0x93c0</run_address>
         <size>0x101</size>
         <input_file_ref idref="fl-df"/>
      </object_component>
      <object_component id="oc-38d">
         <name>.cinit..data.load</name>
         <load_address>0x94e0</load_address>
         <run_address>0x94e0</run_address>
         <size>0x1a</size>
      </object_component>
      <object_component id="oc-38a">
         <name>__TI_handler_table</name>
         <load_address>0x94fc</load_address>
         <run_address>0x94fc</run_address>
         <size>0xc</size>
      </object_component>
      <object_component id="oc-38c">
         <name>.cinit..bss.load</name>
         <load_address>0x9508</load_address>
         <run_address>0x9508</run_address>
         <size>0x8</size>
      </object_component>
      <object_component id="oc-38b">
         <name>__TI_cinit_table</name>
         <load_address>0x9510</load_address>
         <run_address>0x9510</run_address>
         <size>0x10</size>
      </object_component>
      <object_component id="oc-1d0">
         <name>.bss:g_sciTransfer_t</name>
         <uninitialized>true</uninitialized>
         <run_address>0x8001580</run_address>
         <size>0x50</size>
         <input_file_ref idref="fl-b"/>
      </object_component>
      <object_component id="oc-136">
         <name>.common:buf</name>
         <uninitialized>true</uninitialized>
         <run_address>0x8001500</run_address>
         <size>0x80</size>
      </object_component>
      <object_component id="oc-139">
         <name>.common:buf_len</name>
         <uninitialized>true</uninitialized>
         <run_address>0x80015d0</run_address>
         <size>0x4</size>
      </object_component>
      <object_component id="oc-13d">
         <name>.data:pwm</name>
         <load_address>0x80015d4</load_address>
         <run_address>0x80015d4</run_address>
         <size>0x14</size>
         <input_file_ref idref="fl-f"/>
      </object_component>
      <object_component id="oc-13a">
         <name>.data</name>
         <load_address>0x80015e8</load_address>
         <run_address>0x80015e8</run_address>
         <size>0x8</size>
         <input_file_ref idref="fl-f"/>
      </object_component>
      <object_component id="oc-303">
         <name>.data</name>
         <load_address>0x80015f0</load_address>
         <run_address>0x80015f0</run_address>
         <size>0x4</size>
         <input_file_ref idref="fl-e3"/>
      </object_component>
      <object_component id="oc-181">
         <name>.debug_info</name>
         <load_address>0x0</load_address>
         <run_address>0x0</run_address>
         <size>0x373</size>
         <input_file_ref idref="fl-2"/>
      </object_component>
      <object_component id="oc-d4">
         <name>.debug_info</name>
         <load_address>0x373</load_address>
         <run_address>0x373</run_address>
         <size>0x429</size>
         <input_file_ref idref="fl-2"/>
      </object_component>
      <object_component id="oc-154">
         <name>.debug_info</name>
         <load_address>0x79c</load_address>
         <run_address>0x79c</run_address>
         <size>0x26b</size>
         <input_file_ref idref="fl-2"/>
      </object_component>
      <object_component id="oc-8e">
         <name>.debug_info</name>
         <load_address>0xa07</load_address>
         <run_address>0xa07</run_address>
         <size>0x157</size>
         <input_file_ref idref="fl-2"/>
      </object_component>
      <object_component id="oc-9f">
         <name>.debug_info</name>
         <load_address>0xb5e</load_address>
         <run_address>0xb5e</run_address>
         <size>0x8b</size>
         <input_file_ref idref="fl-2"/>
      </object_component>
      <object_component id="oc-9a">
         <name>.debug_info</name>
         <load_address>0xbe9</load_address>
         <run_address>0xbe9</run_address>
         <size>0x18c</size>
         <input_file_ref idref="fl-2"/>
      </object_component>
      <object_component id="oc-210">
         <name>.debug_info</name>
         <load_address>0xd75</load_address>
         <run_address>0xd75</run_address>
         <size>0x297</size>
         <input_file_ref idref="fl-2"/>
      </object_component>
      <object_component id="oc-14d">
         <name>.debug_info</name>
         <load_address>0x100c</load_address>
         <run_address>0x100c</run_address>
         <size>0xbb</size>
         <input_file_ref idref="fl-2"/>
      </object_component>
      <object_component id="oc-a4">
         <name>.debug_info</name>
         <load_address>0x10c7</load_address>
         <run_address>0x10c7</run_address>
         <size>0x86</size>
         <input_file_ref idref="fl-2"/>
      </object_component>
      <object_component id="oc-159">
         <name>.debug_info</name>
         <load_address>0x114d</load_address>
         <run_address>0x114d</run_address>
         <size>0x102</size>
         <input_file_ref idref="fl-2"/>
      </object_component>
      <object_component id="oc-19d">
         <name>.debug_info</name>
         <load_address>0x124f</load_address>
         <run_address>0x124f</run_address>
         <size>0x142</size>
         <input_file_ref idref="fl-2"/>
      </object_component>
      <object_component id="oc-15e">
         <name>.debug_info</name>
         <load_address>0x1391</load_address>
         <run_address>0x1391</run_address>
         <size>0x285</size>
         <input_file_ref idref="fl-2"/>
      </object_component>
      <object_component id="oc-163">
         <name>.debug_info</name>
         <load_address>0x1616</load_address>
         <run_address>0x1616</run_address>
         <size>0x44a</size>
         <input_file_ref idref="fl-2"/>
      </object_component>
      <object_component id="oc-168">
         <name>.debug_info</name>
         <load_address>0x1a60</load_address>
         <run_address>0x1a60</run_address>
         <size>0x1f9</size>
         <input_file_ref idref="fl-2"/>
      </object_component>
      <object_component id="oc-16d">
         <name>.debug_info</name>
         <load_address>0x1c59</load_address>
         <run_address>0x1c59</run_address>
         <size>0x152</size>
         <input_file_ref idref="fl-2"/>
      </object_component>
      <object_component id="oc-172">
         <name>.debug_info</name>
         <load_address>0x1dab</load_address>
         <run_address>0x1dab</run_address>
         <size>0x70a</size>
         <input_file_ref idref="fl-2"/>
      </object_component>
      <object_component id="oc-177">
         <name>.debug_info</name>
         <load_address>0x24b5</load_address>
         <run_address>0x24b5</run_address>
         <size>0x36d</size>
         <input_file_ref idref="fl-2"/>
      </object_component>
      <object_component id="oc-e0">
         <name>.debug_info</name>
         <load_address>0x2822</load_address>
         <run_address>0x2822</run_address>
         <size>0x33f</size>
         <input_file_ref idref="fl-4"/>
      </object_component>
      <object_component id="oc-7a">
         <name>.debug_info</name>
         <load_address>0x2b61</load_address>
         <run_address>0x2b61</run_address>
         <size>0x10b4</size>
         <input_file_ref idref="fl-4"/>
      </object_component>
      <object_component id="oc-20">
         <name>.debug_info</name>
         <load_address>0x3c15</load_address>
         <run_address>0x3c15</run_address>
         <size>0x19c</size>
         <input_file_ref idref="fl-4"/>
      </object_component>
      <object_component id="oc-db">
         <name>.debug_info</name>
         <load_address>0x3db1</load_address>
         <run_address>0x3db1</run_address>
         <size>0x168</size>
         <input_file_ref idref="fl-4"/>
      </object_component>
      <object_component id="oc-1f1">
         <name>.debug_info</name>
         <load_address>0x3f19</load_address>
         <run_address>0x3f19</run_address>
         <size>0x2fb</size>
         <input_file_ref idref="fl-5"/>
      </object_component>
      <object_component id="oc-125">
         <name>.debug_info</name>
         <load_address>0x4214</load_address>
         <run_address>0x4214</run_address>
         <size>0x2858</size>
         <input_file_ref idref="fl-5"/>
      </object_component>
      <object_component id="oc-1f2">
         <name>.debug_info</name>
         <load_address>0x6a6c</load_address>
         <run_address>0x6a6c</run_address>
         <size>0xc6d</size>
         <input_file_ref idref="fl-5"/>
      </object_component>
      <object_component id="oc-1a2">
         <name>.debug_info</name>
         <load_address>0x76d9</load_address>
         <run_address>0x76d9</run_address>
         <size>0x396</size>
         <input_file_ref idref="fl-5"/>
      </object_component>
      <object_component id="oc-1b4">
         <name>.debug_info</name>
         <load_address>0x7a6f</load_address>
         <run_address>0x7a6f</run_address>
         <size>0x199</size>
         <input_file_ref idref="fl-5"/>
      </object_component>
      <object_component id="oc-1f8">
         <name>.debug_info</name>
         <load_address>0x7c08</load_address>
         <run_address>0x7c08</run_address>
         <size>0x2a4</size>
         <input_file_ref idref="fl-6"/>
      </object_component>
      <object_component id="oc-12b">
         <name>.debug_info</name>
         <load_address>0x7eac</load_address>
         <run_address>0x7eac</run_address>
         <size>0x70e</size>
         <input_file_ref idref="fl-6"/>
      </object_component>
      <object_component id="oc-28c">
         <name>.debug_info</name>
         <load_address>0x85ba</load_address>
         <run_address>0x85ba</run_address>
         <size>0x12a</size>
         <input_file_ref idref="fl-6"/>
      </object_component>
      <object_component id="oc-c7">
         <name>.debug_info</name>
         <load_address>0x86e4</load_address>
         <run_address>0x86e4</run_address>
         <size>0x3b8</size>
         <input_file_ref idref="fl-8"/>
      </object_component>
      <object_component id="oc-6e">
         <name>.debug_info</name>
         <load_address>0x8a9c</load_address>
         <run_address>0x8a9c</run_address>
         <size>0x90d</size>
         <input_file_ref idref="fl-8"/>
      </object_component>
      <object_component id="oc-193">
         <name>.debug_info</name>
         <load_address>0x93a9</load_address>
         <run_address>0x93a9</run_address>
         <size>0x306</size>
         <input_file_ref idref="fl-8"/>
      </object_component>
      <object_component id="oc-198">
         <name>.debug_info</name>
         <load_address>0x96af</load_address>
         <run_address>0x96af</run_address>
         <size>0xadd</size>
         <input_file_ref idref="fl-8"/>
      </object_component>
      <object_component id="oc-c8">
         <name>.debug_info</name>
         <load_address>0xa18c</load_address>
         <run_address>0xa18c</run_address>
         <size>0x6eb</size>
         <input_file_ref idref="fl-8"/>
      </object_component>
      <object_component id="oc-1fb">
         <name>.debug_info</name>
         <load_address>0xa877</load_address>
         <run_address>0xa877</run_address>
         <size>0x1d4</size>
         <input_file_ref idref="fl-8"/>
      </object_component>
      <object_component id="oc-1a7">
         <name>.debug_info</name>
         <load_address>0xaa4b</load_address>
         <run_address>0xaa4b</run_address>
         <size>0x243</size>
         <input_file_ref idref="fl-8"/>
      </object_component>
      <object_component id="oc-23b">
         <name>.debug_info</name>
         <load_address>0xac8e</load_address>
         <run_address>0xac8e</run_address>
         <size>0x18e</size>
         <input_file_ref idref="fl-8"/>
      </object_component>
      <object_component id="oc-ce">
         <name>.debug_info</name>
         <load_address>0xae1c</load_address>
         <run_address>0xae1c</run_address>
         <size>0x110</size>
         <input_file_ref idref="fl-9"/>
      </object_component>
      <object_component id="oc-1fa">
         <name>.debug_info</name>
         <load_address>0xaf2c</load_address>
         <run_address>0xaf2c</run_address>
         <size>0x2ff</size>
         <input_file_ref idref="fl-a"/>
      </object_component>
      <object_component id="oc-131">
         <name>.debug_info</name>
         <load_address>0xb22b</load_address>
         <run_address>0xb22b</run_address>
         <size>0x10c4</size>
         <input_file_ref idref="fl-a"/>
      </object_component>
      <object_component id="oc-29">
         <name>.debug_info</name>
         <load_address>0xc2ef</load_address>
         <run_address>0xc2ef</run_address>
         <size>0x13a</size>
         <input_file_ref idref="fl-a"/>
      </object_component>
      <object_component id="oc-1d4">
         <name>.debug_info</name>
         <load_address>0xc429</load_address>
         <run_address>0xc429</run_address>
         <size>0x2f1</size>
         <input_file_ref idref="fl-b"/>
      </object_component>
      <object_component id="oc-1d1">
         <name>.debug_info</name>
         <load_address>0xc71a</load_address>
         <run_address>0xc71a</run_address>
         <size>0xd9</size>
         <input_file_ref idref="fl-b"/>
      </object_component>
      <object_component id="oc-113">
         <name>.debug_info</name>
         <load_address>0xc7f3</load_address>
         <run_address>0xc7f3</run_address>
         <size>0xc91</size>
         <input_file_ref idref="fl-b"/>
      </object_component>
      <object_component id="oc-236">
         <name>.debug_info</name>
         <load_address>0xd484</load_address>
         <run_address>0xd484</run_address>
         <size>0x91</size>
         <input_file_ref idref="fl-b"/>
      </object_component>
      <object_component id="oc-69">
         <name>.debug_info</name>
         <load_address>0xd515</load_address>
         <run_address>0xd515</run_address>
         <size>0x806</size>
         <input_file_ref idref="fl-c"/>
      </object_component>
      <object_component id="oc-2f">
         <name>.debug_info</name>
         <load_address>0xdd1b</load_address>
         <run_address>0xdd1b</run_address>
         <size>0xfc</size>
         <input_file_ref idref="fl-e"/>
      </object_component>
      <object_component id="oc-137">
         <name>.debug_info</name>
         <load_address>0xde17</load_address>
         <run_address>0xde17</run_address>
         <size>0x5e9</size>
         <input_file_ref idref="fl-f"/>
      </object_component>
      <object_component id="oc-13e">
         <name>.debug_info</name>
         <load_address>0xe400</load_address>
         <run_address>0xe400</run_address>
         <size>0xc7</size>
         <input_file_ref idref="fl-f"/>
      </object_component>
      <object_component id="oc-13b">
         <name>.debug_info</name>
         <load_address>0xe4c7</load_address>
         <run_address>0xe4c7</run_address>
         <size>0x121</size>
         <input_file_ref idref="fl-f"/>
      </object_component>
      <object_component id="oc-86">
         <name>.debug_info</name>
         <load_address>0xe5e8</load_address>
         <run_address>0xe5e8</run_address>
         <size>0x5f8</size>
         <input_file_ref idref="fl-f"/>
      </object_component>
      <object_component id="oc-189">
         <name>.debug_info</name>
         <load_address>0xebe0</load_address>
         <run_address>0xebe0</run_address>
         <size>0x2c</size>
         <input_file_ref idref="fl-f"/>
      </object_component>
      <object_component id="oc-1e9">
         <name>.debug_info</name>
         <load_address>0xec0c</load_address>
         <run_address>0xec0c</run_address>
         <size>0x2c</size>
         <input_file_ref idref="fl-f"/>
      </object_component>
      <object_component id="oc-80">
         <name>.debug_info</name>
         <load_address>0xec38</load_address>
         <run_address>0xec38</run_address>
         <size>0x433</size>
         <input_file_ref idref="fl-10"/>
      </object_component>
      <object_component id="oc-217">
         <name>.debug_info</name>
         <load_address>0xf06b</load_address>
         <run_address>0xf06b</run_address>
         <size>0x2e7</size>
         <input_file_ref idref="fl-11"/>
      </object_component>
      <object_component id="oc-1af">
         <name>.debug_info</name>
         <load_address>0xf352</load_address>
         <run_address>0xf352</run_address>
         <size>0x457</size>
         <input_file_ref idref="fl-11"/>
      </object_component>
      <object_component id="oc-34">
         <name>.debug_info</name>
         <load_address>0xf7a9</load_address>
         <run_address>0xf7a9</run_address>
         <size>0x131</size>
         <input_file_ref idref="fl-12"/>
      </object_component>
      <object_component id="oc-1a">
         <name>.debug_info</name>
         <load_address>0xf8da</load_address>
         <run_address>0xf8da</run_address>
         <size>0x270</size>
         <input_file_ref idref="fl-15"/>
      </object_component>
      <object_component id="oc-95">
         <name>.debug_info</name>
         <load_address>0xfb4a</load_address>
         <run_address>0xfb4a</run_address>
         <size>0x472</size>
         <input_file_ref idref="fl-16"/>
      </object_component>
      <object_component id="oc-26">
         <name>.debug_info</name>
         <load_address>0xffbc</load_address>
         <run_address>0xffbc</run_address>
         <size>0xd3</size>
         <input_file_ref idref="fl-16"/>
      </object_component>
      <object_component id="oc-3b">
         <name>.debug_info</name>
         <load_address>0x1008f</load_address>
         <run_address>0x1008f</run_address>
         <size>0x483</size>
         <input_file_ref idref="fl-16"/>
      </object_component>
      <object_component id="oc-40">
         <name>.debug_info</name>
         <load_address>0x10512</load_address>
         <run_address>0x10512</run_address>
         <size>0x1ee</size>
         <input_file_ref idref="fl-16"/>
      </object_component>
      <object_component id="oc-17c">
         <name>.debug_info</name>
         <load_address>0x10700</load_address>
         <run_address>0x10700</run_address>
         <size>0x4f</size>
         <input_file_ref idref="fl-16"/>
      </object_component>
      <object_component id="oc-d9">
         <name>.debug_info</name>
         <load_address>0x1074f</load_address>
         <run_address>0x1074f</run_address>
         <size>0x3d5</size>
         <input_file_ref idref="fl-17"/>
      </object_component>
      <object_component id="oc-74">
         <name>.debug_info</name>
         <load_address>0x10b24</load_address>
         <run_address>0x10b24</run_address>
         <size>0x583</size>
         <input_file_ref idref="fl-17"/>
      </object_component>
      <object_component id="oc-231">
         <name>.debug_info</name>
         <load_address>0x110a7</load_address>
         <run_address>0x110a7</run_address>
         <size>0x267</size>
         <input_file_ref idref="fl-d1"/>
      </object_component>
      <object_component id="oc-1cb">
         <name>.debug_info</name>
         <load_address>0x1130e</load_address>
         <run_address>0x1130e</run_address>
         <size>0x178</size>
         <input_file_ref idref="fl-d1"/>
      </object_component>
      <object_component id="oc-4b">
         <name>.debug_info</name>
         <load_address>0x11486</load_address>
         <run_address>0x11486</run_address>
         <size>0x84</size>
         <input_file_ref idref="fl-d1"/>
      </object_component>
      <object_component id="oc-2af">
         <name>.debug_info</name>
         <load_address>0x1150a</load_address>
         <run_address>0x1150a</run_address>
         <size>0x46</size>
         <input_file_ref idref="fl-d1"/>
      </object_component>
      <object_component id="oc-22c">
         <name>.debug_info</name>
         <load_address>0x11550</load_address>
         <run_address>0x11550</run_address>
         <size>0x39</size>
         <input_file_ref idref="fl-d1"/>
      </object_component>
      <object_component id="oc-1bc">
         <name>.debug_info</name>
         <load_address>0x11589</load_address>
         <run_address>0x11589</run_address>
         <size>0x52a</size>
         <input_file_ref idref="fl-d2"/>
      </object_component>
      <object_component id="oc-e6">
         <name>.debug_info</name>
         <load_address>0x11ab3</load_address>
         <run_address>0x11ab3</run_address>
         <size>0x17e</size>
         <input_file_ref idref="fl-d2"/>
      </object_component>
      <object_component id="oc-21a">
         <name>.debug_info</name>
         <load_address>0x11c31</load_address>
         <run_address>0x11c31</run_address>
         <size>0x39</size>
         <input_file_ref idref="fl-d2"/>
      </object_component>
      <object_component id="oc-2a3">
         <name>.debug_info</name>
         <load_address>0x11c6a</load_address>
         <run_address>0x11c6a</run_address>
         <size>0x39</size>
         <input_file_ref idref="fl-d2"/>
      </object_component>
      <object_component id="oc-21f">
         <name>.debug_info</name>
         <load_address>0x11ca3</load_address>
         <run_address>0x11ca3</run_address>
         <size>0x39</size>
         <input_file_ref idref="fl-d2"/>
      </object_component>
      <object_component id="oc-224">
         <name>.debug_info</name>
         <load_address>0x11cdc</load_address>
         <run_address>0x11cdc</run_address>
         <size>0xcd</size>
         <input_file_ref idref="fl-d2"/>
      </object_component>
      <object_component id="oc-be">
         <name>.debug_info</name>
         <load_address>0x11da9</load_address>
         <run_address>0x11da9</run_address>
         <size>0x2f1</size>
         <input_file_ref idref="fl-d4"/>
      </object_component>
      <object_component id="oc-5d">
         <name>.debug_info</name>
         <load_address>0x1209a</load_address>
         <run_address>0x1209a</run_address>
         <size>0x197</size>
         <input_file_ref idref="fl-d4"/>
      </object_component>
      <object_component id="oc-b9">
         <name>.debug_info</name>
         <load_address>0x12231</load_address>
         <run_address>0x12231</run_address>
         <size>0x46</size>
         <input_file_ref idref="fl-d4"/>
      </object_component>
      <object_component id="oc-5b">
         <name>.debug_info</name>
         <load_address>0x12277</load_address>
         <run_address>0x12277</run_address>
         <size>0x27b</size>
         <input_file_ref idref="fl-d5"/>
      </object_component>
      <object_component id="oc-13">
         <name>.debug_info</name>
         <load_address>0x124f2</load_address>
         <run_address>0x124f2</run_address>
         <size>0x1ad</size>
         <input_file_ref idref="fl-d5"/>
      </object_component>
      <object_component id="oc-56">
         <name>.debug_info</name>
         <load_address>0x1269f</load_address>
         <run_address>0x1269f</run_address>
         <size>0x46</size>
         <input_file_ref idref="fl-d5"/>
      </object_component>
      <object_component id="oc-b1">
         <name>.debug_info</name>
         <load_address>0x126e5</load_address>
         <run_address>0x126e5</run_address>
         <size>0x2c</size>
         <input_file_ref idref="fl-d5"/>
      </object_component>
      <object_component id="oc-af">
         <name>.debug_info</name>
         <load_address>0x12711</load_address>
         <run_address>0x12711</run_address>
         <size>0x276</size>
         <input_file_ref idref="fl-d6"/>
      </object_component>
      <object_component id="oc-d">
         <name>.debug_info</name>
         <load_address>0x12987</load_address>
         <run_address>0x12987</run_address>
         <size>0x228</size>
         <input_file_ref idref="fl-d6"/>
      </object_component>
      <object_component id="oc-46">
         <name>.debug_info</name>
         <load_address>0x12baf</load_address>
         <run_address>0x12baf</run_address>
         <size>0x60</size>
         <input_file_ref idref="fl-d6"/>
      </object_component>
      <object_component id="oc-182">
         <name>.debug_info</name>
         <load_address>0x12c0f</load_address>
         <run_address>0x12c0f</run_address>
         <size>0x46</size>
         <input_file_ref idref="fl-d6"/>
      </object_component>
      <object_component id="oc-aa">
         <name>.debug_info</name>
         <load_address>0x12c55</load_address>
         <run_address>0x12c55</run_address>
         <size>0x39</size>
         <input_file_ref idref="fl-d6"/>
      </object_component>
      <object_component id="oc-142">
         <name>.debug_info</name>
         <load_address>0x12c8e</load_address>
         <run_address>0x12c8e</run_address>
         <size>0xfa</size>
         <input_file_ref idref="fl-d7"/>
      </object_component>
      <object_component id="oc-1e8">
         <name>.debug_info</name>
         <load_address>0x12d88</load_address>
         <run_address>0x12d88</run_address>
         <size>0x30b</size>
         <input_file_ref idref="fl-d9"/>
      </object_component>
      <object_component id="oc-119">
         <name>.debug_info</name>
         <load_address>0x13093</load_address>
         <run_address>0x13093</run_address>
         <size>0x1a9</size>
         <input_file_ref idref="fl-d9"/>
      </object_component>
      <object_component id="oc-1dc">
         <name>.debug_info</name>
         <load_address>0x1323c</load_address>
         <run_address>0x1323c</run_address>
         <size>0x170</size>
         <input_file_ref idref="fl-d9"/>
      </object_component>
      <object_component id="oc-1e2">
         <name>.debug_info</name>
         <load_address>0x133ac</load_address>
         <run_address>0x133ac</run_address>
         <size>0x145</size>
         <input_file_ref idref="fl-d9"/>
      </object_component>
      <object_component id="oc-30a">
         <name>.debug_info</name>
         <load_address>0x134f1</load_address>
         <run_address>0x134f1</run_address>
         <size>0x2c</size>
         <input_file_ref idref="fl-d9"/>
      </object_component>
      <object_component id="oc-1ef">
         <name>.debug_info</name>
         <load_address>0x1351d</load_address>
         <run_address>0x1351d</run_address>
         <size>0x267</size>
         <input_file_ref idref="fl-da"/>
      </object_component>
      <object_component id="oc-11f">
         <name>.debug_info</name>
         <load_address>0x13784</load_address>
         <run_address>0x13784</run_address>
         <size>0x1d3</size>
         <input_file_ref idref="fl-da"/>
      </object_component>
      <object_component id="oc-51">
         <name>.debug_info</name>
         <load_address>0x13957</load_address>
         <run_address>0x13957</run_address>
         <size>0x15f</size>
         <input_file_ref idref="fl-db"/>
      </object_component>
      <object_component id="oc-c0">
         <name>.debug_info</name>
         <load_address>0x13ab6</load_address>
         <run_address>0x13ab6</run_address>
         <size>0x127</size>
         <input_file_ref idref="fl-dc"/>
      </object_component>
      <object_component id="oc-277">
         <name>.debug_info</name>
         <load_address>0x13bdd</load_address>
         <run_address>0x13bdd</run_address>
         <size>0x889</size>
         <input_file_ref idref="fl-dd"/>
      </object_component>
      <object_component id="oc-247">
         <name>.debug_info</name>
         <load_address>0x14466</load_address>
         <run_address>0x14466</run_address>
         <size>0x1f6</size>
         <input_file_ref idref="fl-dd"/>
      </object_component>
      <object_component id="oc-2cd">
         <name>.debug_info</name>
         <load_address>0x1465c</load_address>
         <run_address>0x1465c</run_address>
         <size>0x18b</size>
         <input_file_ref idref="fl-dd"/>
      </object_component>
      <object_component id="oc-2d3">
         <name>.debug_info</name>
         <load_address>0x147e7</load_address>
         <run_address>0x147e7</run_address>
         <size>0x1f3</size>
         <input_file_ref idref="fl-dd"/>
      </object_component>
      <object_component id="oc-24d">
         <name>.debug_info</name>
         <load_address>0x149da</load_address>
         <run_address>0x149da</run_address>
         <size>0x2ac</size>
         <input_file_ref idref="fl-dd"/>
      </object_component>
      <object_component id="oc-2da">
         <name>.debug_info</name>
         <load_address>0x14c86</load_address>
         <run_address>0x14c86</run_address>
         <size>0x1fc</size>
         <input_file_ref idref="fl-dd"/>
      </object_component>
      <object_component id="oc-2e0">
         <name>.debug_info</name>
         <load_address>0x14e82</load_address>
         <run_address>0x14e82</run_address>
         <size>0x1ed</size>
         <input_file_ref idref="fl-dd"/>
      </object_component>
      <object_component id="oc-253">
         <name>.debug_info</name>
         <load_address>0x1506f</load_address>
         <run_address>0x1506f</run_address>
         <size>0x1ed</size>
         <input_file_ref idref="fl-dd"/>
      </object_component>
      <object_component id="oc-259">
         <name>.debug_info</name>
         <load_address>0x1525c</load_address>
         <run_address>0x1525c</run_address>
         <size>0x218</size>
         <input_file_ref idref="fl-dd"/>
      </object_component>
      <object_component id="oc-25f">
         <name>.debug_info</name>
         <load_address>0x15474</load_address>
         <run_address>0x15474</run_address>
         <size>0x331</size>
         <input_file_ref idref="fl-dd"/>
      </object_component>
      <object_component id="oc-1d6">
         <name>.debug_info</name>
         <load_address>0x157a5</load_address>
         <run_address>0x157a5</run_address>
         <size>0x58a</size>
         <input_file_ref idref="fl-dd"/>
      </object_component>
      <object_component id="oc-278">
         <name>.debug_info</name>
         <load_address>0x15d2f</load_address>
         <run_address>0x15d2f</run_address>
         <size>0x86</size>
         <input_file_ref idref="fl-dd"/>
      </object_component>
      <object_component id="oc-30f">
         <name>.debug_info</name>
         <load_address>0x15db5</load_address>
         <run_address>0x15db5</run_address>
         <size>0x39</size>
         <input_file_ref idref="fl-dd"/>
      </object_component>
      <object_component id="oc-351">
         <name>.debug_info</name>
         <load_address>0x15dee</load_address>
         <run_address>0x15dee</run_address>
         <size>0xb6</size>
         <input_file_ref idref="fl-dd"/>
      </object_component>
      <object_component id="oc-314">
         <name>.debug_info</name>
         <load_address>0x15ea4</load_address>
         <run_address>0x15ea4</run_address>
         <size>0x46</size>
         <input_file_ref idref="fl-dd"/>
      </object_component>
      <object_component id="oc-27d">
         <name>.debug_info</name>
         <load_address>0x15eea</load_address>
         <run_address>0x15eea</run_address>
         <size>0x46</size>
         <input_file_ref idref="fl-dd"/>
      </object_component>
      <object_component id="oc-2ba">
         <name>.debug_info</name>
         <load_address>0x15f30</load_address>
         <run_address>0x15f30</run_address>
         <size>0x291</size>
         <input_file_ref idref="fl-de"/>
      </object_component>
      <object_component id="oc-241">
         <name>.debug_info</name>
         <load_address>0x161c1</load_address>
         <run_address>0x161c1</run_address>
         <size>0x154</size>
         <input_file_ref idref="fl-de"/>
      </object_component>
      <object_component id="oc-31e">
         <name>.debug_info</name>
         <load_address>0x16315</load_address>
         <run_address>0x16315</run_address>
         <size>0xd1</size>
         <input_file_ref idref="fl-df"/>
      </object_component>
      <object_component id="oc-2b7">
         <name>.debug_info</name>
         <load_address>0x163e6</load_address>
         <run_address>0x163e6</run_address>
         <size>0xdd</size>
         <input_file_ref idref="fl-df"/>
      </object_component>
      <object_component id="oc-32e">
         <name>.debug_info</name>
         <load_address>0x164c3</load_address>
         <run_address>0x164c3</run_address>
         <size>0x273</size>
         <input_file_ref idref="fl-e0"/>
      </object_component>
      <object_component id="oc-2c8">
         <name>.debug_info</name>
         <load_address>0x16736</load_address>
         <run_address>0x16736</run_address>
         <size>0x1bd</size>
         <input_file_ref idref="fl-e0"/>
      </object_component>
      <object_component id="oc-2fb">
         <name>.debug_info</name>
         <load_address>0x168f3</load_address>
         <run_address>0x168f3</run_address>
         <size>0x26e</size>
         <input_file_ref idref="fl-e1"/>
      </object_component>
      <object_component id="oc-265">
         <name>.debug_info</name>
         <load_address>0x16b61</load_address>
         <run_address>0x16b61</run_address>
         <size>0x18e</size>
         <input_file_ref idref="fl-e1"/>
      </object_component>
      <object_component id="oc-343">
         <name>.debug_info</name>
         <load_address>0x16cef</load_address>
         <run_address>0x16cef</run_address>
         <size>0x272</size>
         <input_file_ref idref="fl-e2"/>
      </object_component>
      <object_component id="oc-2f4">
         <name>.debug_info</name>
         <load_address>0x16f61</load_address>
         <run_address>0x16f61</run_address>
         <size>0x1f0</size>
         <input_file_ref idref="fl-e2"/>
      </object_component>
      <object_component id="oc-307">
         <name>.debug_info</name>
         <load_address>0x17151</load_address>
         <run_address>0x17151</run_address>
         <size>0x261</size>
         <input_file_ref idref="fl-e3"/>
      </object_component>
      <object_component id="oc-304">
         <name>.debug_info</name>
         <load_address>0x173b2</load_address>
         <run_address>0x173b2</run_address>
         <size>0xe6</size>
         <input_file_ref idref="fl-e3"/>
      </object_component>
      <object_component id="oc-271">
         <name>.debug_info</name>
         <load_address>0x17498</load_address>
         <run_address>0x17498</run_address>
         <size>0x126</size>
         <input_file_ref idref="fl-e3"/>
      </object_component>
      <object_component id="oc-334">
         <name>.debug_info</name>
         <load_address>0x175be</load_address>
         <run_address>0x175be</run_address>
         <size>0x272</size>
         <input_file_ref idref="fl-e4"/>
      </object_component>
      <object_component id="oc-2e8">
         <name>.debug_info</name>
         <load_address>0x17830</load_address>
         <run_address>0x17830</run_address>
         <size>0x166</size>
         <input_file_ref idref="fl-e4"/>
      </object_component>
      <object_component id="oc-35e">
         <name>.debug_info</name>
         <load_address>0x17996</load_address>
         <run_address>0x17996</run_address>
         <size>0x39</size>
         <input_file_ref idref="fl-e4"/>
      </object_component>
      <object_component id="oc-335">
         <name>.debug_info</name>
         <load_address>0x179cf</load_address>
         <run_address>0x179cf</run_address>
         <size>0x2c</size>
         <input_file_ref idref="fl-e4"/>
      </object_component>
      <object_component id="oc-341">
         <name>.debug_info</name>
         <load_address>0x179fb</load_address>
         <run_address>0x179fb</run_address>
         <size>0x2d5</size>
         <input_file_ref idref="fl-e5"/>
      </object_component>
      <object_component id="oc-2ee">
         <name>.debug_info</name>
         <load_address>0x17cd0</load_address>
         <run_address>0x17cd0</run_address>
         <size>0x185</size>
         <input_file_ref idref="fl-e5"/>
      </object_component>
      <object_component id="oc-302">
         <name>.debug_info</name>
         <load_address>0x17e55</load_address>
         <run_address>0x17e55</run_address>
         <size>0x267</size>
         <input_file_ref idref="fl-e6"/>
      </object_component>
      <object_component id="oc-26b">
         <name>.debug_info</name>
         <load_address>0x180bc</load_address>
         <run_address>0x180bc</run_address>
         <size>0x132</size>
         <input_file_ref idref="fl-e6"/>
      </object_component>
      <object_component id="oc-346">
         <name>.debug_info</name>
         <load_address>0x181ee</load_address>
         <run_address>0x181ee</run_address>
         <size>0x46</size>
         <input_file_ref idref="fl-e6"/>
      </object_component>
      <object_component id="oc-2fd">
         <name>.debug_info</name>
         <load_address>0x18234</load_address>
         <run_address>0x18234</run_address>
         <size>0x39</size>
         <input_file_ref idref="fl-e6"/>
      </object_component>
      <object_component id="oc-329">
         <name>.debug_info</name>
         <load_address>0x1826d</load_address>
         <run_address>0x1826d</run_address>
         <size>0x12a</size>
         <input_file_ref idref="fl-e7"/>
      </object_component>
      <object_component id="oc-2c1">
         <name>.debug_info</name>
         <load_address>0x18397</load_address>
         <run_address>0x18397</run_address>
         <size>0x12c</size>
         <input_file_ref idref="fl-e8"/>
      </object_component>
      <object_component id="oc-2bc">
         <name>.debug_info</name>
         <load_address>0x184c3</load_address>
         <run_address>0x184c3</run_address>
         <size>0x165</size>
         <input_file_ref idref="fl-e9"/>
      </object_component>
      <object_component id="oc-33b">
         <name>.debug_info</name>
         <load_address>0x18628</load_address>
         <run_address>0x18628</run_address>
         <size>0x139</size>
         <input_file_ref idref="fl-ea"/>
      </object_component>
      <object_component id="oc-323">
         <name>.debug_info</name>
         <load_address>0x18761</load_address>
         <run_address>0x18761</run_address>
         <size>0xf0</size>
         <input_file_ref idref="fl-eb"/>
      </object_component>
      <object_component id="oc-38e">
         <name>.debug_info</name>
         <load_address>0x18851</load_address>
         <run_address>0x18851</run_address>
         <size>0x95</size>
      </object_component>
      <object_component id="oc-216">
         <name>.debug_line</name>
         <load_address>0x0</load_address>
         <run_address>0x0</run_address>
         <size>0x20</size>
         <input_file_ref idref="fl-2"/>
      </object_component>
      <object_component id="oc-d7">
         <name>.debug_line</name>
         <load_address>0x20</load_address>
         <run_address>0x20</run_address>
         <size>0x56</size>
         <input_file_ref idref="fl-2"/>
      </object_component>
      <object_component id="oc-157">
         <name>.debug_line</name>
         <load_address>0x76</load_address>
         <run_address>0x76</run_address>
         <size>0x71</size>
         <input_file_ref idref="fl-2"/>
      </object_component>
      <object_component id="oc-91">
         <name>.debug_line</name>
         <load_address>0xe7</load_address>
         <run_address>0xe7</run_address>
         <size>0x5c</size>
         <input_file_ref idref="fl-2"/>
      </object_component>
      <object_component id="oc-a2">
         <name>.debug_line</name>
         <load_address>0x143</load_address>
         <run_address>0x143</run_address>
         <size>0x20</size>
         <input_file_ref idref="fl-2"/>
      </object_component>
      <object_component id="oc-9d">
         <name>.debug_line</name>
         <load_address>0x163</load_address>
         <run_address>0x163</run_address>
         <size>0x57</size>
         <input_file_ref idref="fl-2"/>
      </object_component>
      <object_component id="oc-213">
         <name>.debug_line</name>
         <load_address>0x1ba</load_address>
         <run_address>0x1ba</run_address>
         <size>0x75</size>
         <input_file_ref idref="fl-2"/>
      </object_component>
      <object_component id="oc-150">
         <name>.debug_line</name>
         <load_address>0x22f</load_address>
         <run_address>0x22f</run_address>
         <size>0x72</size>
         <input_file_ref idref="fl-2"/>
      </object_component>
      <object_component id="oc-a7">
         <name>.debug_line</name>
         <load_address>0x2a1</load_address>
         <run_address>0x2a1</run_address>
         <size>0x5a</size>
         <input_file_ref idref="fl-2"/>
      </object_component>
      <object_component id="oc-15c">
         <name>.debug_line</name>
         <load_address>0x2fb</load_address>
         <run_address>0x2fb</run_address>
         <size>0x59</size>
         <input_file_ref idref="fl-2"/>
      </object_component>
      <object_component id="oc-1a0">
         <name>.debug_line</name>
         <load_address>0x354</load_address>
         <run_address>0x354</run_address>
         <size>0x57</size>
         <input_file_ref idref="fl-2"/>
      </object_component>
      <object_component id="oc-161">
         <name>.debug_line</name>
         <load_address>0x3ab</load_address>
         <run_address>0x3ab</run_address>
         <size>0x57</size>
         <input_file_ref idref="fl-2"/>
      </object_component>
      <object_component id="oc-166">
         <name>.debug_line</name>
         <load_address>0x402</load_address>
         <run_address>0x402</run_address>
         <size>0x59</size>
         <input_file_ref idref="fl-2"/>
      </object_component>
      <object_component id="oc-16b">
         <name>.debug_line</name>
         <load_address>0x45b</load_address>
         <run_address>0x45b</run_address>
         <size>0x57</size>
         <input_file_ref idref="fl-2"/>
      </object_component>
      <object_component id="oc-170">
         <name>.debug_line</name>
         <load_address>0x4b2</load_address>
         <run_address>0x4b2</run_address>
         <size>0x5a</size>
         <input_file_ref idref="fl-2"/>
      </object_component>
      <object_component id="oc-175">
         <name>.debug_line</name>
         <load_address>0x50c</load_address>
         <run_address>0x50c</run_address>
         <size>0x5a</size>
         <input_file_ref idref="fl-2"/>
      </object_component>
      <object_component id="oc-17a">
         <name>.debug_line</name>
         <load_address>0x566</load_address>
         <run_address>0x566</run_address>
         <size>0x57</size>
         <input_file_ref idref="fl-2"/>
      </object_component>
      <object_component id="oc-1ba">
         <name>.debug_line</name>
         <load_address>0x5bd</load_address>
         <run_address>0x5bd</run_address>
         <size>0x53</size>
         <input_file_ref idref="fl-4"/>
      </object_component>
      <object_component id="oc-7d">
         <name>.debug_line</name>
         <load_address>0x610</load_address>
         <run_address>0x610</run_address>
         <size>0x365</size>
         <input_file_ref idref="fl-4"/>
      </object_component>
      <object_component id="oc-23">
         <name>.debug_line</name>
         <load_address>0x975</load_address>
         <run_address>0x975</run_address>
         <size>0x7c</size>
         <input_file_ref idref="fl-4"/>
      </object_component>
      <object_component id="oc-de">
         <name>.debug_line</name>
         <load_address>0x9f1</load_address>
         <run_address>0x9f1</run_address>
         <size>0x53</size>
         <input_file_ref idref="fl-4"/>
      </object_component>
      <object_component id="oc-289">
         <name>.debug_line</name>
         <load_address>0xa44</load_address>
         <run_address>0xa44</run_address>
         <size>0x20</size>
         <input_file_ref idref="fl-5"/>
      </object_component>
      <object_component id="oc-128">
         <name>.debug_line</name>
         <load_address>0xa64</load_address>
         <run_address>0xa64</run_address>
         <size>0x7a3</size>
         <input_file_ref idref="fl-5"/>
      </object_component>
      <object_component id="oc-1f5">
         <name>.debug_line</name>
         <load_address>0x1207</load_address>
         <run_address>0x1207</run_address>
         <size>0x55</size>
         <input_file_ref idref="fl-5"/>
      </object_component>
      <object_component id="oc-1a5">
         <name>.debug_line</name>
         <load_address>0x125c</load_address>
         <run_address>0x125c</run_address>
         <size>0x59</size>
         <input_file_ref idref="fl-5"/>
      </object_component>
      <object_component id="oc-1b7">
         <name>.debug_line</name>
         <load_address>0x12b5</load_address>
         <run_address>0x12b5</run_address>
         <size>0x5a</size>
         <input_file_ref idref="fl-5"/>
      </object_component>
      <object_component id="oc-28b">
         <name>.debug_line</name>
         <load_address>0x130f</load_address>
         <run_address>0x130f</run_address>
         <size>0x20</size>
         <input_file_ref idref="fl-6"/>
      </object_component>
      <object_component id="oc-12e">
         <name>.debug_line</name>
         <load_address>0x132f</load_address>
         <run_address>0x132f</run_address>
         <size>0x199</size>
         <input_file_ref idref="fl-6"/>
      </object_component>
      <object_component id="oc-28f">
         <name>.debug_line</name>
         <load_address>0x14c8</load_address>
         <run_address>0x14c8</run_address>
         <size>0x53</size>
         <input_file_ref idref="fl-6"/>
      </object_component>
      <object_component id="oc-192">
         <name>.debug_line</name>
         <load_address>0x151b</load_address>
         <run_address>0x151b</run_address>
         <size>0x20</size>
         <input_file_ref idref="fl-8"/>
      </object_component>
      <object_component id="oc-71">
         <name>.debug_line</name>
         <load_address>0x153b</load_address>
         <run_address>0x153b</run_address>
         <size>0x12f</size>
         <input_file_ref idref="fl-8"/>
      </object_component>
      <object_component id="oc-196">
         <name>.debug_line</name>
         <load_address>0x166a</load_address>
         <run_address>0x166a</run_address>
         <size>0x57</size>
         <input_file_ref idref="fl-8"/>
      </object_component>
      <object_component id="oc-19b">
         <name>.debug_line</name>
         <load_address>0x16c1</load_address>
         <run_address>0x16c1</run_address>
         <size>0x57</size>
         <input_file_ref idref="fl-8"/>
      </object_component>
      <object_component id="oc-cb">
         <name>.debug_line</name>
         <load_address>0x1718</load_address>
         <run_address>0x1718</run_address>
         <size>0x57</size>
         <input_file_ref idref="fl-8"/>
      </object_component>
      <object_component id="oc-1fe">
         <name>.debug_line</name>
         <load_address>0x176f</load_address>
         <run_address>0x176f</run_address>
         <size>0x53</size>
         <input_file_ref idref="fl-8"/>
      </object_component>
      <object_component id="oc-1aa">
         <name>.debug_line</name>
         <load_address>0x17c2</load_address>
         <run_address>0x17c2</run_address>
         <size>0x57</size>
         <input_file_ref idref="fl-8"/>
      </object_component>
      <object_component id="oc-23e">
         <name>.debug_line</name>
         <load_address>0x1819</load_address>
         <run_address>0x1819</run_address>
         <size>0x53</size>
         <input_file_ref idref="fl-8"/>
      </object_component>
      <object_component id="oc-d1">
         <name>.debug_line</name>
         <load_address>0x186c</load_address>
         <run_address>0x186c</run_address>
         <size>0xdc</size>
         <input_file_ref idref="fl-9"/>
      </object_component>
      <object_component id="oc-292">
         <name>.debug_line</name>
         <load_address>0x1948</load_address>
         <run_address>0x1948</run_address>
         <size>0x53</size>
         <input_file_ref idref="fl-a"/>
      </object_component>
      <object_component id="oc-134">
         <name>.debug_line</name>
         <load_address>0x199b</load_address>
         <run_address>0x199b</run_address>
         <size>0x2f5</size>
         <input_file_ref idref="fl-a"/>
      </object_component>
      <object_component id="oc-2c">
         <name>.debug_line</name>
         <load_address>0x1c90</load_address>
         <run_address>0x1c90</run_address>
         <size>0x4f</size>
         <input_file_ref idref="fl-a"/>
      </object_component>
      <object_component id="oc-235">
         <name>.debug_line</name>
         <load_address>0x1cdf</load_address>
         <run_address>0x1cdf</run_address>
         <size>0x6b</size>
         <input_file_ref idref="fl-b"/>
      </object_component>
      <object_component id="oc-233">
         <name>.debug_line</name>
         <load_address>0x1d4a</load_address>
         <run_address>0x1d4a</run_address>
         <size>0x36</size>
         <input_file_ref idref="fl-b"/>
      </object_component>
      <object_component id="oc-116">
         <name>.debug_line</name>
         <load_address>0x1d80</load_address>
         <run_address>0x1d80</run_address>
         <size>0x2ba</size>
         <input_file_ref idref="fl-b"/>
      </object_component>
      <object_component id="oc-239">
         <name>.debug_line</name>
         <load_address>0x203a</load_address>
         <run_address>0x203a</run_address>
         <size>0x36</size>
         <input_file_ref idref="fl-b"/>
      </object_component>
      <object_component id="oc-6c">
         <name>.debug_line</name>
         <load_address>0x2070</load_address>
         <run_address>0x2070</run_address>
         <size>0x2f2</size>
         <input_file_ref idref="fl-c"/>
      </object_component>
      <object_component id="oc-32">
         <name>.debug_line</name>
         <load_address>0x2362</load_address>
         <run_address>0x2362</run_address>
         <size>0x52</size>
         <input_file_ref idref="fl-e"/>
      </object_component>
      <object_component id="oc-201">
         <name>.debug_line</name>
         <load_address>0x23b4</load_address>
         <run_address>0x23b4</run_address>
         <size>0x1da</size>
         <input_file_ref idref="fl-f"/>
      </object_component>
      <object_component id="oc-205">
         <name>.debug_line</name>
         <load_address>0x258e</load_address>
         <run_address>0x258e</run_address>
         <size>0x3b</size>
         <input_file_ref idref="fl-f"/>
      </object_component>
      <object_component id="oc-203">
         <name>.debug_line</name>
         <load_address>0x25c9</load_address>
         <run_address>0x25c9</run_address>
         <size>0x3b</size>
         <input_file_ref idref="fl-f"/>
      </object_component>
      <object_component id="oc-89">
         <name>.debug_line</name>
         <load_address>0x2604</load_address>
         <run_address>0x2604</run_address>
         <size>0x10d</size>
         <input_file_ref idref="fl-f"/>
      </object_component>
      <object_component id="oc-18c">
         <name>.debug_line</name>
         <load_address>0x2711</load_address>
         <run_address>0x2711</run_address>
         <size>0x6d</size>
         <input_file_ref idref="fl-f"/>
      </object_component>
      <object_component id="oc-1ec">
         <name>.debug_line</name>
         <load_address>0x277e</load_address>
         <run_address>0x277e</run_address>
         <size>0x6d</size>
         <input_file_ref idref="fl-f"/>
      </object_component>
      <object_component id="oc-83">
         <name>.debug_line</name>
         <load_address>0x27eb</load_address>
         <run_address>0x27eb</run_address>
         <size>0x1f3</size>
         <input_file_ref idref="fl-10"/>
      </object_component>
      <object_component id="oc-2a2">
         <name>.debug_line</name>
         <load_address>0x29de</load_address>
         <run_address>0x29de</run_address>
         <size>0x20</size>
         <input_file_ref idref="fl-11"/>
      </object_component>
      <object_component id="oc-1b2">
         <name>.debug_line</name>
         <load_address>0x29fe</load_address>
         <run_address>0x29fe</run_address>
         <size>0x57</size>
         <input_file_ref idref="fl-11"/>
      </object_component>
      <object_component id="oc-37">
         <name>.debug_line</name>
         <load_address>0x2a55</load_address>
         <run_address>0x2a55</run_address>
         <size>0x4e</size>
         <input_file_ref idref="fl-12"/>
      </object_component>
      <object_component id="oc-1d">
         <name>.debug_line</name>
         <load_address>0x2aa3</load_address>
         <run_address>0x2aa3</run_address>
         <size>0x7b</size>
         <input_file_ref idref="fl-15"/>
      </object_component>
      <object_component id="oc-153">
         <name>.debug_line</name>
         <load_address>0x2b1e</load_address>
         <run_address>0x2b1e</run_address>
         <size>0x8a</size>
         <input_file_ref idref="fl-16"/>
      </object_component>
      <object_component id="oc-94">
         <name>.debug_line</name>
         <load_address>0x2ba8</load_address>
         <run_address>0x2ba8</run_address>
         <size>0x3a</size>
         <input_file_ref idref="fl-16"/>
      </object_component>
      <object_component id="oc-3e">
         <name>.debug_line</name>
         <load_address>0x2be2</load_address>
         <run_address>0x2be2</run_address>
         <size>0x1b2</size>
         <input_file_ref idref="fl-16"/>
      </object_component>
      <object_component id="oc-43">
         <name>.debug_line</name>
         <load_address>0x2d94</load_address>
         <run_address>0x2d94</run_address>
         <size>0xbc</size>
         <input_file_ref idref="fl-16"/>
      </object_component>
      <object_component id="oc-17f">
         <name>.debug_line</name>
         <load_address>0x2e50</load_address>
         <run_address>0x2e50</run_address>
         <size>0x3a</size>
         <input_file_ref idref="fl-16"/>
      </object_component>
      <object_component id="oc-1ae">
         <name>.debug_line</name>
[...]
         <value>0x5110</value>
         <object_component_ref idref="oc-112"/>
      </symbol>
      <symbol id="sm-3ff">
         <name>sciEnterResetState</name>
         <value>0x5408</value>
         <object_component_ref idref="oc-112"/>
      </symbol>
      <symbol id="sm-42b">
         <name>_iCacheInvalidate_</name>
         <value>0x7078</value>
         <object_component_ref idref="oc-68"/>
      </symbol>
      <symbol id="sm-42c">
         <name>_disable_IRQ_interrupt_</name>
         <value>0x6f08</value>
         <object_component_ref idref="oc-68"/>
      </symbol>
      <symbol id="sm-42d">
         <name>_coreGetInstructionFaultAddress_</name>
         <value>0x6ecc</value>
         <object_component_ref idref="oc-68"/>
      </symbol>
      <symbol id="sm-42e">
         <name>_coreGetDataFault_</name>
         <value>0x6e90</value>
         <object_component_ref idref="oc-68"/>
      </symbol>
      <symbol id="sm-42f">
         <name>_coreDisableEventBusExport_</name>
         <value>0x6e70</value>
         <object_component_ref idref="oc-68"/>
      </symbol>
      <symbol id="sm-430">
         <name>_coreClearDataFaultAddress_</name>
         <value>0x6ec0</value>
         <object_component_ref idref="oc-68"/>
      </symbol>
      <symbol id="sm-431">
         <name>__TI_PINIT_Base</name>
         <value>0x708c</value>
         <object_component_ref idref="oc-68"/>
      </symbol>
      <symbol id="sm-432">
         <name>_coreInitRegisters_</name>
         <value>0x6cd0</value>
         <object_component_ref idref="oc-68"/>
      </symbol>
      <symbol id="sm-433">
         <name>_coreClearInstructionFaultAddress_</name>
         <value>0x6ed4</value>
         <object_component_ref idref="oc-68"/>
      </symbol>
      <symbol id="sm-434">
         <name>_coreClearDataFault_</name>
         <value>0x6e98</value>
         <object_component_ref idref="oc-68"/>
      </symbol>
      <symbol id="sm-435">
         <name>_coreGetAuxiliaryDataFault_</name>
         <value>0x6ee0</value>
         <object_component_ref idref="oc-68"/>
      </symbol>
      <symbol id="sm-436">
         <name>_enable_interrupt_</name>
         <value>0x6f18</value>
         <object_component_ref idref="oc-68"/>
      </symbol>
      <symbol id="sm-437">
         <name>_coreClearAuxiliaryInstructionFault_</name>
         <value>0x6efc</value>
         <object_component_ref idref="oc-68"/>
      </symbol>
      <symbol id="sm-438">
         <name>_memInit_</name>
         <value>0x6fa8</value>
         <object_component_ref idref="oc-68"/>
      </symbol>
      <symbol id="sm-439">
         <name>_dCacheInvalidate_</name>
         <value>0x7064</value>
         <object_component_ref idref="oc-68"/>
      </symbol>
      <symbol id="sm-43a">
         <name>_coreGetDataFaultAddress_</name>
         <value>0x6eb8</value>
         <object_component_ref idref="oc-68"/>
      </symbol>
      <symbol id="sm-43b">
         <name>_coreClearInstructionFault_</name>
         <value>0x6eac</value>
         <object_component_ref idref="oc-68"/>
      </symbol>
      <symbol id="sm-43c">
         <name>_getCPSRValue_</name>
         <value>0x6e28</value>
         <object_component_ref idref="oc-68"/>
      </symbol>
      <symbol id="sm-43d">
         <name>_cacheDisable_</name>
         <value>0x7040</value>
         <object_component_ref idref="oc-68"/>
      </symbol>
      <symbol id="sm-43e">
         <name>_enable_IRQ_interrupt_</name>
         <value>0x6f10</value>
         <object_component_ref idref="oc-68"/>
      </symbol>
      <symbol id="sm-43f">
         <name>__TI_PINIT_Limit</name>
         <value>0x7090</value>
         <object_component_ref idref="oc-68"/>
      </symbol>
      <symbol id="sm-440">
         <name>_coreGetAuxiliaryInstructionFault_</name>
         <value>0x6ef4</value>
         <object_component_ref idref="oc-68"/>
      </symbol>
      <symbol id="sm-441">
         <name>_coreInitStackPointer_</name>
         <value>0x6ddc</value>
         <object_component_ref idref="oc-68"/>
      </symbol>
      <symbol id="sm-442">
         <name>_esmCcmErrorsClear_</name>
         <value>0x6f20</value>
         <object_component_ref idref="oc-68"/>
      </symbol>
      <symbol id="sm-443">
         <name>_gotoCPUIdle_</name>
         <value>0x6e30</value>
         <object_component_ref idref="oc-68"/>
      </symbol>
      <symbol id="sm-444">
         <name>_coreEnableIrqVicOffset_</name>
         <value>0x6e80</value>
         <object_component_ref idref="oc-68"/>
      </symbol>
      <symbol id="sm-445">
         <name>_coreGetInstructionFault_</name>
         <value>0x6ea4</value>
         <object_component_ref idref="oc-68"/>
      </symbol>
      <symbol id="sm-446">
         <name>_cacheEnable_</name>
         <value>0x6ffc</value>
         <object_component_ref idref="oc-68"/>
      </symbol>
      <symbol id="sm-447">
         <name>_coreEnableVfp_</name>
         <value>0x6e48</value>
         <object_component_ref idref="oc-68"/>
      </symbol>
      <symbol id="sm-448">
         <name>_coreClearAuxiliaryDataFault_</name>
         <value>0x6ee8</value>
         <object_component_ref idref="oc-68"/>
      </symbol>
      <symbol id="sm-449">
         <name>_coreEnableEventBusExport_</name>
         <value>0x6e60</value>
         <object_component_ref idref="oc-68"/>
      </symbol>
      <symbol id="sm-44a">
         <name>_checkMemInitOn_</name>
         <value>0x6fdc</value>
         <object_component_ref idref="oc-68"/>
      </symbol>
      <symbol id="sm-458">
         <name>resetEntry</name>
         <value>0x0</value>
         <object_component_ref idref="oc-2e"/>
      </symbol>
      <symbol id="sm-49d">
         <name>buf</name>
         <value>0x8001500</value>
      </symbol>
      <symbol id="sm-49e">
         <name>buf_len</name>
         <value>0x80015d0</value>
      </symbol>
      <symbol id="sm-49f">
         <name>receive_data</name>
         <value>0x80015e8</value>
         <object_component_ref idref="oc-13a"/>
      </symbol>
      <symbol id="sm-4a0">
         <name>rtiNotification</name>
         <value>0x69fc</value>
         <object_component_ref idref="oc-85"/>
      </symbol>
      <symbol id="sm-4a1">
         <name>catch_command</name>
         <value>0x6bd8</value>
         <object_component_ref idref="oc-85"/>
      </symbol>
      <symbol id="sm-4a2">
         <name>main</name>
         <value>0x68a8</value>
         <object_component_ref idref="oc-85"/>
      </symbol>
      <symbol id="sm-4a3">
         <name>pwm</name>
         <value>0x80015d4</value>
         <object_component_ref idref="oc-13d"/>
      </symbol>
      <symbol id="sm-4a4">
         <name>sci_display</name>
         <value>0x6b78</value>
         <object_component_ref idref="oc-85"/>
      </symbol>
      <symbol id="sm-4a5">
         <name>wait</name>
         <value>0x6b34</value>
         <object_component_ref idref="oc-85"/>
      </symbol>
      <symbol id="sm-4a6">
         <name>receive_before</name>
         <value>0x80015e9</value>
         <object_component_ref idref="oc-13a"/>
      </symbol>
      <symbol id="sm-4a7">
         <name>value</name>
         <value>0x80015ec</value>
         <object_component_ref idref="oc-13a"/>
      </symbol>
      <symbol id="sm-4c2">
         <name>_mpuSetRegionBaseAddress_</name>
         <value>0x73c4</value>
         <object_component_ref idref="oc-7f"/>
      </symbol>
      <symbol id="sm-4c3">
         <name>_mpuInit_</name>
         <value>0x7094</value>
         <object_component_ref idref="oc-7f"/>
      </symbol>
      <symbol id="sm-4c4">
         <name>_mpuSetRegionSizeRegister_</name>
         <value>0x73f8</value>
         <object_component_ref idref="oc-7f"/>
      </symbol>
      <symbol id="sm-4c5">
         <name>_mpuDisableBackgroundRegion_</name>
         <value>0x738c</value>
         <object_component_ref idref="oc-7f"/>
      </symbol>
      <symbol id="sm-4c6">
         <name>_mpuSetRegionTypeAndPermission_</name>
         <value>0x73d4</value>
         <object_component_ref idref="oc-7f"/>
      </symbol>
      <symbol id="sm-4c7">
         <name>_mpuGetRegionPermission_</name>
         <value>0x73ec</value>
         <object_component_ref idref="oc-7f"/>
      </symbol>
      <symbol id="sm-4c8">
         <name>_mpuEnable_</name>
         <value>0x734c</value>
         <object_component_ref idref="oc-7f"/>
      </symbol>
      <symbol id="sm-4c9">
         <name>_mpuGetNumberOfRegions_</name>
         <value>0x739c</value>
         <object_component_ref idref="oc-7f"/>
      </symbol>
      <symbol id="sm-4ca">
         <name>_mpuAreRegionsSeparate_</name>
         <value>0x73a8</value>
         <object_component_ref idref="oc-7f"/>
      </symbol>
      <symbol id="sm-4cb">
         <name>_mpuEnableBackgroundRegion_</name>
         <value>0x737c</value>
         <object_component_ref idref="oc-7f"/>
      </symbol>
      <symbol id="sm-4cc">
         <name>_mpuGetRegionType_</name>
         <value>0x73e0</value>
         <object_component_ref idref="oc-7f"/>
      </symbol>
      <symbol id="sm-4cd">
         <name>_mpuDisable_</name>
         <value>0x7364</value>
         <object_component_ref idref="oc-7f"/>
      </symbol>
      <symbol id="sm-4ce">
         <name>_mpuGetRegionBaseAddress_</name>
         <value>0x73cc</value>
         <object_component_ref idref="oc-7f"/>
      </symbol>
      <symbol id="sm-4cf">
         <name>_mpuSetRegion_</name>
         <value>0x73b4</value>
         <object_component_ref idref="oc-7f"/>
      </symbol>
      <symbol id="sm-4d0">
         <name>_mpuGetRegion_</name>
         <value>0x73bc</value>
         <object_component_ref idref="oc-7f"/>
      </symbol>
      <symbol id="sm-4e3">
         <name>phantomInterrupt</name>
         <value>0x91a4</value>
         <object_component_ref idref="oc-33"/>
      </symbol>
      <symbol id="sm-4f7">
         <name>_c_int00</name>
         <value>0x89ac</value>
         <object_component_ref idref="oc-19"/>
      </symbol>
      <symbol id="sm-59a">
         <name>vimChannelMap</name>
         <value>0x4538</value>
         <object_component_ref idref="oc-3a"/>
      </symbol>
      <symbol id="sm-59b">
         <name>vimInit</name>
         <value>0x4464</value>
         <object_component_ref idref="oc-3a"/>
      </symbol>
      <symbol id="sm-59c">
         <name>vimEnableInterrupt</name>
         <value>0x45dc</value>
         <object_component_ref idref="oc-3a"/>
      </symbol>
      <symbol id="sm-59d">
         <name>vimDisableInterrupt</name>
         <value>0x47a4</value>
         <object_component_ref idref="oc-3a"/>
      </symbol>
      <symbol id="sm-59e">
         <name>vimGetConfigValue</name>
         <value>0x4850</value>
         <object_component_ref idref="oc-3a"/>
      </symbol>
      <symbol id="sm-59f">
         <name>vimECCErrorHandler</name>
         <value>0x7400</value>
         <object_component_ref idref="oc-39"/>
      </symbol>
      <symbol id="sm-5ed">
         <name>systemGetConfigValue</name>
         <value>0x3f9c</value>
         <object_component_ref idref="oc-73"/>
      </symbol>
      <symbol id="sm-5ee">
         <name>trimLPO</name>
         <value>0x3b68</value>
         <object_component_ref idref="oc-73"/>
      </symbol>
      <symbol id="sm-5ef">
         <name>systemInit</name>
         <value>0x3dd0</value>
         <object_component_ref idref="oc-73"/>
      </symbol>
      <symbol id="sm-5f0">
         <name>periphInit</name>
         <value>0x3bf0</value>
         <object_component_ref idref="oc-73"/>
      </symbol>
      <symbol id="sm-5f1">
         <name>setupFlash</name>
         <value>0x3bb0</value>
         <object_component_ref idref="oc-73"/>
      </symbol>
      <symbol id="sm-5f2">
         <name>setupPLL</name>
         <value>0x3b08</value>
         <object_component_ref idref="oc-73"/>
      </symbol>
      <symbol id="sm-5f3">
         <name>getResetSource</name>
         <value>0x3e74</value>
         <object_component_ref idref="oc-73"/>
      </symbol>
      <symbol id="sm-5f4">
         <name>mapClocks</name>
         <value>0x3ca4</value>
         <object_component_ref idref="oc-73"/>
      </symbol>
      <symbol id="sm-5f5">
         <name>systemPowerDown</name>
         <value>0x3e44</value>
         <object_component_ref idref="oc-73"/>
      </symbol>
      <symbol id="sm-61e">
         <name>floorl</name>
         <value>0x84b0</value>
         <object_component_ref idref="oc-1ca"/>
      </symbol>
      <symbol id="sm-61f">
         <name>floor</name>
         <value>0x84b0</value>
         <object_component_ref idref="oc-1ca"/>
      </symbol>
      <symbol id="sm-647">
         <name>__TI_auto_init_nobinit_nopinit</name>
         <value>0x8e3c</value>
         <object_component_ref idref="oc-e2"/>
      </symbol>
      <symbol id="sm-65b">
         <name>__TI_zero_init_nomemset</name>
         <value>0x910c</value>
         <object_component_ref idref="oc-5c"/>
      </symbol>
      <symbol id="sm-672">
         <name>__TI_decompress_none</name>
         <value>0x917c</value>
         <object_component_ref idref="oc-12"/>
      </symbol>
      <symbol id="sm-695">
         <name>__TI_decompress_lzss</name>
         <value>0x8ba8</value>
         <object_component_ref idref="oc-c"/>
      </symbol>
      <symbol id="sm-6a0">
         <name>C$$EXIT</name>
         <value>0x919c</value>
         <object_component_ref idref="oc-141"/>
      </symbol>
      <symbol id="sm-6a1">
         <name>abort</name>
         <value>0x919c</value>
         <object_component_ref idref="oc-141"/>
      </symbol>
      <symbol id="sm-6c9">
         <name>sprintf</name>
         <value>0x8f08</value>
         <object_component_ref idref="oc-118"/>
      </symbol>
      <symbol id="sm-6d7">
         <name>strlen</name>
         <value>0x912c</value>
         <object_component_ref idref="oc-11e"/>
      </symbol>
      <symbol id="sm-6f0">
         <name>memcpy</name>
         <value>0x7f18</value>
         <object_component_ref idref="oc-50"/>
      </symbol>
      <symbol id="sm-6f1">
         <name>__aeabi_memcpy</name>
         <value>0x7f18</value>
         <object_component_ref idref="oc-50"/>
      </symbol>
      <symbol id="sm-6f2">
         <name>__aeabi_memcpy8</name>
         <value>0x7f18</value>
         <object_component_ref idref="oc-50"/>
      </symbol>
      <symbol id="sm-6f3">
         <name>__aeabi_memcpy4</name>
         <value>0x7f18</value>
         <object_component_ref idref="oc-50"/>
      </symbol>
      <symbol id="sm-702">
         <name>__aeabi_memset</name>
         <value>0x8a64</value>
         <object_component_ref idref="oc-bf"/>
      </symbol>
      <symbol id="sm-703">
         <name>memset</name>
         <value>0x8a70</value>
         <object_component_ref idref="oc-bf"/>
      </symbol>
      <symbol id="sm-704">
         <name>__aeabi_memset8</name>
         <value>0x8a64</value>
         <object_component_ref idref="oc-bf"/>
      </symbol>
      <symbol id="sm-705">
         <name>__aeabi_memset4</name>
         <value>0x8a64</value>
         <object_component_ref idref="oc-bf"/>
      </symbol>
      <symbol id="sm-706">
         <name>__aeabi_memclr8</name>
         <value>0x8a60</value>
         <object_component_ref idref="oc-bf"/>
      </symbol>
      <symbol id="sm-707">
         <name>__aeabi_memclr4</name>
         <value>0x8a60</value>
         <object_component_ref idref="oc-bf"/>
      </symbol>
      <symbol id="sm-708">
         <name>__aeabi_memclr</name>
         <value>0x8a60</value>
         <object_component_ref idref="oc-bf"/>
      </symbol>
      <symbol id="sm-84d">
         <name>__TI_printfi</name>
         <value>0x219c</value>
         <object_component_ref idref="oc-1d5"/>
      </symbol>
      <symbol id="sm-860">
         <name>atoi</name>
         <value>0x8cc4</value>
         <object_component_ref idref="oc-240"/>
      </symbol>
      <symbol id="sm-86b">
         <name>_ctypes_</name>
         <value>0x93c0</value>
         <object_component_ref idref="oc-2b6"/>
      </symbol>
      <symbol id="sm-879">
         <name>ltoa</name>
         <value>0x8d48</value>
         <object_component_ref idref="oc-2c6"/>
      </symbol>
      <symbol id="sm-888">
         <name>memccpy</name>
         <value>0x9094</value>
         <object_component_ref idref="oc-264"/>
      </symbol>
      <symbol id="sm-896">
         <name>strchr</name>
         <value>0x90c0</value>
         <object_component_ref idref="oc-2f3"/>
      </symbol>
      <symbol id="sm-8ac">
         <name>__aeabi_errno_addr</name>
         <value>0x9190</value>
         <object_component_ref idref="oc-270"/>
      </symbol>
      <symbol id="sm-8ad">
         <name>errno</name>
         <value>0x80015f0</value>
         <object_component_ref idref="oc-303"/>
      </symbol>
      <symbol id="sm-8ca">
         <name>frexpl</name>
         <value>0x8c38</value>
         <object_component_ref idref="oc-2e7"/>
      </symbol>
      <symbol id="sm-8cb">
         <name>frexp</name>
         <value>0x8c38</value>
         <object_component_ref idref="oc-2e7"/>
      </symbol>
      <symbol id="sm-8e5">
         <name>scalbn</name>
         <value>0x85ec</value>
         <object_component_ref idref="oc-2ed"/>
      </symbol>
      <symbol id="sm-8e6">
         <name>scalbnl</name>
         <value>0x85ec</value>
         <object_component_ref idref="oc-2ed"/>
      </symbol>
      <symbol id="sm-8e7">
         <name>ldexpl</name>
         <value>0x85ec</value>
         <object_component_ref idref="oc-2ed"/>
      </symbol>
      <symbol id="sm-8e8">
         <name>ldexp</name>
         <value>0x85ec</value>
         <object_component_ref idref="oc-2ed"/>
      </symbol>
      <symbol id="sm-900">
         <name>wcslen</name>
         <value>0x90e8</value>
         <object_component_ref idref="oc-26a"/>
      </symbol>
      <symbol id="sm-90c">
         <name>__aeabi_idivmod</name>
         <value>0x8fc0</value>
         <object_component_ref idref="oc-328"/>
      </symbol>
      <symbol id="sm-90d">
         <name>__aeabi_idiv</name>
         <value>0x8fc0</value>
         <object_component_ref idref="oc-328"/>
      </symbol>
      <symbol id="sm-919">
         <name>__aeabi_uidivmod</name>
         <value>0x9014</value>
         <object_component_ref idref="oc-2c0"/>
      </symbol>
      <symbol id="sm-91a">
         <name>__aeabi_uidiv</name>
         <value>0x9014</value>
         <object_component_ref idref="oc-2c0"/>
      </symbol>
      <symbol id="sm-936">
         <name>__aeabi_uldivmod</name>
         <value>0x7a18</value>
         <object_component_ref idref="oc-2bb"/>
      </symbol>
      <symbol id="sm-940">
         <name>copysign</name>
         <value>0x914c</value>
         <object_component_ref idref="oc-33a"/>
      </symbol>
      <symbol id="sm-941">
         <name>copysignl</name>
         <value>0x914c</value>
         <object_component_ref idref="oc-33a"/>
      </symbol>
      <symbol id="sm-94b">
         <name>__aeabi_idiv0</name>
         <value>0x91a8</value>
         <object_component_ref idref="oc-322"/>
      </symbol>
      <symbol id="sm-94c">
         <name>__aeabi_ldiv0</name>
         <value>0x91a8</value>
         <object_component_ref idref="oc-322"/>
      </symbol>
      <symbol id="sm-94d">
         <name>__TI_static_base__</name>
         <value>0x0</value>
      </symbol>
      <symbol id="sm-950">
         <name>SHT$$INIT_ARRAY$$Base</name>
         <value>0x0</value>
      </symbol>
      <symbol id="sm-951">
         <name>SHT$$INIT_ARRAY$$Limit</name>
         <value>0x0</value>
      </symbol>
      <symbol id="sm-952">
         <name>_system_post_cinit</name>
         <value>0x0</value>
      </symbol>
   </symbol_table>
   <title>Link successful</title>
</link_info>
