<?xml version="1.0" encoding="ISO-8859-1" ?>
<link_info>
   <banner>TI ARM Linker Unix v18.1.4.LTS</banner>
   <copyright>Copyright (c) 1996-2018 Texas Instruments Incorporated</copyright>
   <link_time>0x5c385df5</link_time>
   <link_errors>0x0</link_errors>
   <output_file>rf_bldc_test.out</output_file>
   <entry_point>
      <name>_c_int00</name>
      <address>0x8d58</address>
   </entry_point>
   <input_file_list>
      <input_file id="fl-2">
         <path>./source/</path>
         <kind>object</kind>
         <file>HL_ecap.obj</file>
         <name>HL_ecap.obj</name>
      </input_file>
      <input_file id="fl-3">
         <path>./source/</path>
         <kind>object</kind>
         <file>HL_epc.obj</file>
         <name>HL_epc.obj</name>
      </input_file>
      <input_file id="fl-4">
         <path>./source/</path>
         <kind>object</kind>
         <file>HL_errata.obj</file>
         <name>HL_errata.obj</name>
      </input_file>
      <input_file id="fl-5">
         <path>./source/</path>
         <kind>object</kind>
         <file>HL_esm.obj</file>
         <name>HL_esm.obj</name>
      </input_file>
      <input_file id="fl-6">
         <path>./source/</path>
         <kind>object</kind>
         <file>HL_etpwm.obj</file>
         <name>HL_etpwm.obj</name>
      </input_file>
      <input_file id="fl-7">
         <path>./source/</path>
         <kind>object</kind>
         <file>HL_gio.obj</file>
         <name>HL_gio.obj</name>
      </input_file>
      <input_file id="fl-8">
         <path>./source/</path>
         <kind>object</kind>
         <file>HL_nmpu.obj</file>
         <name>HL_nmpu.obj</name>
      </input_file>
      <input_file id="fl-9">
         <path>./source/</path>
         <kind>object</kind>
         <file>HL_notification.obj</file>
         <name>HL_notification.obj</name>
      </input_file>
      <input_file id="fl-a">
         <path>./source/</path>
         <kind>object</kind>
         <file>HL_pinmux.obj</file>
         <name>HL_pinmux.obj</name>
      </input_file>
      <input_file id="fl-b">
         <path>./source/</path>
         <kind>object</kind>
         <file>HL_sci.obj</file>
         <name>HL_sci.obj</name>
      </input_file>
      <input_file id="fl-c">
         <path>./source/</path>
         <kind>object</kind>
         <file>HL_sys_core.obj</file>
         <name>HL_sys_core.obj</name>
      </input_file>
      <input_file id="fl-d">
         <path>./source/</path>
         <kind>object</kind>
         <file>HL_sys_dma.obj</file>
         <name>HL_sys_dma.obj</name>
      </input_file>
      <input_file id="fl-e">
         <path>./source/</path>
         <kind>object</kind>
         <file>HL_sys_intvecs.obj</file>
         <name>HL_sys_intvecs.obj</name>
      </input_file>
      <input_file id="fl-f">
         <path>./source/</path>
         <kind>object</kind>
         <file>HL_sys_main.obj</file>
         <name>HL_sys_main.obj</name>
      </input_file>
      <input_file id="fl-10">
         <path>./source/</path>
         <kind>object</kind>
         <file>HL_sys_mpu.obj</file>
         <name>HL_sys_mpu.obj</name>
      </input_file>
      <input_file id="fl-11">
         <path>./source/</path>
         <kind>object</kind>
         <file>HL_sys_pcr.obj</file>
         <name>HL_sys_pcr.obj</name>
      </input_file>
      <input_file id="fl-12">
         <path>./source/</path>
         <kind>object</kind>
         <file>HL_sys_phantom.obj</file>
         <name>HL_sys_phantom.obj</name>
      </input_file>
      <input_file id="fl-13">
         <path>./source/</path>
         <kind>object</kind>
         <file>HL_sys_pmm.obj</file>
         <name>HL_sys_pmm.obj</name>
      </input_file>
      <input_file id="fl-14">
         <path>./source/</path>
         <kind>object</kind>
         <file>HL_sys_pmu.obj</file>
         <name>HL_sys_pmu.obj</name>
      </input_file>
      <input_file id="fl-15">
         <path>./source/</path>
         <kind>object</kind>
         <file>HL_sys_startup.obj</file>
         <name>HL_sys_startup.obj</name>
      </input_file>
      <input_file id="fl-16">
         <path>./source/</path>
         <kind>object</kind>
         <file>HL_sys_vim.obj</file>
         <name>HL_sys_vim.obj</name>
      </input_file>
      <input_file id="fl-17">
         <path>./source/</path>
         <kind>object</kind>
         <file>HL_system.obj</file>
         <name>HL_system.obj</name>
      </input_file>
      <input_file id="fl-1b">
         <kind>object</kind>
         <file>&lt;internal&gt;</file>
         <name>&lt;internal&gt;</name>
      </input_file>
      <input_file id="fl-d1">
         <path>/home/roro/ti/ccsv8/tools/compiler/ti-cgt-arm_18.1.4.LTS/lib/</path>
         <kind>archive</kind>
         <file>rtsv7R4_A_be_v3D16_eabi.lib</file>
         <name>s_floor.c.obj</name>
      </input_file>
      <input_file id="fl-d2">
         <path>/home/roro/ti/ccsv8/tools/compiler/ti-cgt-arm_18.1.4.LTS/lib/</path>
         <kind>archive</kind>
         <file>rtsv7R4_A_be_v3D16_eabi.lib</file>
         <name>autoinit.c.obj</name>
      </input_file>
      <input_file id="fl-d3">
         <path>/home/roro/ti/ccsv8/tools/compiler/ti-cgt-arm_18.1.4.LTS/lib/</path>
         <kind>archive</kind>
         <file>rtsv7R4_A_be_v3D16_eabi.lib</file>
         <name>cpy_tbl.c.obj</name>
      </input_file>
      <input_file id="fl-d4">
         <path>/home/roro/ti/ccsv8/tools/compiler/ti-cgt-arm_18.1.4.LTS/lib/</path>
         <kind>archive</kind>
         <file>rtsv7R4_A_be_v3D16_eabi.lib</file>
         <name>copy_zero_init.c.obj</name>
      </input_file>
      <input_file id="fl-d5">
         <path>/home/roro/ti/ccsv8/tools/compiler/ti-cgt-arm_18.1.4.LTS/lib/</path>
         <kind>archive</kind>
         <file>rtsv7R4_A_be_v3D16_eabi.lib</file>
         <name>copy_decompress_none.c.obj</name>
      </input_file>
      <input_file id="fl-d6">
         <path>/home/roro/ti/ccsv8/tools/compiler/ti-cgt-arm_18.1.4.LTS/lib/</path>
         <kind>archive</kind>
         <file>rtsv7R4_A_be_v3D16_eabi.lib</file>
         <name>copy_decompress_lzss.c.obj</name>
      </input_file>
      <input_file id="fl-d7">
         <path>/home/roro/ti/ccsv8/tools/compiler/ti-cgt-arm_18.1.4.LTS/lib/</path>
         <kind>archive</kind>
         <file>rtsv7R4_A_be_v3D16_eabi.lib</file>
         <name>exit.c.obj</name>
      </input_file>
      <input_file id="fl-d8">
         <path>/home/roro/ti/ccsv8/tools/compiler/ti-cgt-arm_18.1.4.LTS/lib/</path>
         <kind>archive</kind>
         <file>rtsv7R4_A_be_v3D16_eabi.lib</file>
         <name>_lock.c.obj</name>
      </input_file>
      <input_file id="fl-d9">
         <path>/home/roro/ti/ccsv8/tools/compiler/ti-cgt-arm_18.1.4.LTS/lib/</path>
         <kind>archive</kind>
         <file>rtsv7R4_A_be_v3D16_eabi.lib</file>
         <name>sprintf.c.obj</name>
      </input_file>
      <input_file id="fl-da">
         <path>/home/roro/ti/ccsv8/tools/compiler/ti-cgt-arm_18.1.4.LTS/lib/</path>
         <kind>archive</kind>
         <file>rtsv7R4_A_be_v3D16_eabi.lib</file>
         <name>strlen.c.obj</name>
      </input_file>
      <input_file id="fl-db">
         <path>/home/roro/ti/ccsv8/tools/compiler/ti-cgt-arm_18.1.4.LTS/lib/</path>
         <kind>archive</kind>
         <file>rtsv7R4_A_be_v3D16_eabi.lib</file>
         <name>memcpy32.asm.obj</name>
      </input_file>
      <input_file id="fl-dc">
         <path>/home/roro/ti/ccsv8/tools/compiler/ti-cgt-arm_18.1.4.LTS/lib/</path>
         <kind>archive</kind>
         <file>rtsv7R4_A_be_v3D16_eabi.lib</file>
         <name>memset32.asm.obj</name>
      </input_file>
      <input_file id="fl-dd">
         <path>/home/roro/ti/ccsv8/tools/compiler/ti-cgt-arm_18.1.4.LTS/lib/</path>
         <kind>archive</kind>
         <file>rtsv7R4_A_be_v3D16_eabi.lib</file>
         <name>_printfi.c.obj</name>
      </input_file>
      <input_file id="fl-de">
         <path>/home/roro/ti/ccsv8/tools/compiler/ti-cgt-arm_18.1.4.LTS/lib/</path>
         <kind>archive</kind>
         <file>rtsv7R4_A_be_v3D16_eabi.lib</file>
         <name>atoi.c.obj</name>
      </input_file>
      <input_file id="fl-df">
         <path>/home/roro/ti/ccsv8/tools/compiler/ti-cgt-arm_18.1.4.LTS/lib/</path>
         <kind>archive</kind>
         <file>rtsv7R4_A_be_v3D16_eabi.lib</file>
         <name>ctype.c.obj</name>
      </input_file>
      <input_file id="fl-e0">
         <path>/home/roro/ti/ccsv8/tools/compiler/ti-cgt-arm_18.1.4.LTS/lib/</path>
         <kind>archive</kind>
         <file>rtsv7R4_A_be_v3D16_eabi.lib</file>
         <name>ltoa.c.obj</name>
      </input_file>
      <input_file id="fl-e1">
         <path>/home/roro/ti/ccsv8/tools/compiler/ti-cgt-arm_18.1.4.LTS/lib/</path>
         <kind>archive</kind>
         <file>rtsv7R4_A_be_v3D16_eabi.lib</file>
         <name>memccpy.c.obj</name>
      </input_file>
      <input_file id="fl-e2">
         <path>/home/roro/ti/ccsv8/tools/compiler/ti-cgt-arm_18.1.4.LTS/lib/</path>
         <kind>archive</kind>
         <file>rtsv7R4_A_be_v3D16_eabi.lib</file>
         <name>strchr.c.obj</name>
      </input_file>
      <input_file id="fl-e3">
         <path>/home/roro/ti/ccsv8/tools/compiler/ti-cgt-arm_18.1.4.LTS/lib/</path>
         <kind>archive</kind>
         <file>rtsv7R4_A_be_v3D16_eabi.lib</file>
         <name>errno.c.obj</name>
      </input_file>
      <input_file id="fl-e4">
         <path>/home/roro/ti/ccsv8/tools/compiler/ti-cgt-arm_18.1.4.LTS/lib/</path>
         <kind>archive</kind>
         <file>rtsv7R4_A_be_v3D16_eabi.lib</file>
         <name>s_frexp.c.obj</name>
      </input_file>
      <input_file id="fl-e5">
         <path>/home/roro/ti/ccsv8/tools/compiler/ti-cgt-arm_18.1.4.LTS/lib/</path>
         <kind>archive</kind>
         <file>rtsv7R4_A_be_v3D16_eabi.lib</file>
         <name>s_scalbn.c.obj</name>
      </input_file>
      <input_file id="fl-e6">
         <path>/home/roro/ti/ccsv8/tools/compiler/ti-cgt-arm_18.1.4.LTS/lib/</path>
         <kind>archive</kind>
         <file>rtsv7R4_A_be_v3D16_eabi.lib</file>
         <name>wcslen.c.obj</name>
      </input_file>
      <input_file id="fl-e7">
         <path>/home/roro/ti/ccsv8/tools/compiler/ti-cgt-arm_18.1.4.LTS/lib/</path>
         <kind>archive</kind>
         <file>rtsv7R4_A_be_v3D16_eabi.lib</file>
         <name>i_div32.asm.obj</name>
      </input_file>
      <input_file id="fl-e8">
         <path>/home/roro/ti/ccsv8/tools/compiler/ti-cgt-arm_18.1.4.LTS/lib/</path>
         <kind>archive</kind>
         <file>rtsv7R4_A_be_v3D16_eabi.lib</file>
         <name>u_div32.asm.obj</name>
      </input_file>
      <input_file id="fl-e9">
         <path>/home/roro/ti/ccsv8/tools/compiler/ti-cgt-arm_18.1.4.LTS/lib/</path>
         <kind>archive</kind>
         <file>rtsv7R4_A_be_v3D16_eabi.lib</file>
         <name>ull_div32.asm.obj</name>
      </input_file>
      <input_file id="fl-ea">
         <path>/home/roro/ti/ccsv8/tools/compiler/ti-cgt-arm_18.1.4.LTS/lib/</path>
         <kind>archive</kind>
         <file>rtsv7R4_A_be_v3D16_eabi.lib</file>
         <name>s_copysign.c.obj</name>
      </input_file>
      <input_file id="fl-eb">
         <path>/home/roro/ti/ccsv8/tools/compiler/ti-cgt-arm_18.1.4.LTS/lib/</path>
         <kind>archive</kind>
         <file>rtsv7R4_A_be_v3D16_eabi.lib</file>
         <name>div0.asm.obj</name>
      </input_file>
   </input_file_list>
   <object_component_list>
      <object_component id="oc-2e">
         <name>.intvecs</name>
         <load_address>0x0</load_address>
         <run_address>0x0</run_address>
         <size>0x20</size>
         <input_file_ref idref="fl-e"/>
      </object_component>
      <object_component id="oc-12a">
         <name>.text</name>
         <load_address>0x20</load_address>
         <run_address>0x20</run_address>
         <size>0x2174</size>
         <input_file_ref idref="fl-6"/>
      </object_component>
      <object_component id="oc-1d1">
         <name>.text:__TI_printfi</name>
         <load_address>0x2194</load_address>
         <run_address>0x2194</run_address>
         <size>0xf9c</size>
         <input_file_ref idref="fl-dd"/>
      </object_component>
      <object_component id="oc-cd">
         <name>.text</name>
         <load_address>0x3130</load_address>
         <run_address>0x3130</run_address>
         <size>0x9dc</size>
         <input_file_ref idref="fl-a"/>
      </object_component>
      <object_component id="oc-73">
         <name>.text</name>
         <load_address>0x3b0c</load_address>
         <run_address>0x3b0c</run_address>
         <size>0x95c</size>
         <input_file_ref idref="fl-17"/>
      </object_component>
      <object_component id="oc-3a">
         <name>.text</name>
         <load_address>0x4468</load_address>
         <run_address>0x4468</run_address>
         <size>0x938</size>
         <input_file_ref idref="fl-16"/>
      </object_component>
      <object_component id="oc-130">
         <name>.text</name>
         <load_address>0x4da0</load_address>
         <run_address>0x4da0</run_address>
         <size>0x8ac</size>
         <input_file_ref idref="fl-2"/>
      </object_component>
      <object_component id="oc-112">
         <name>.text</name>
         <load_address>0x564c</load_address>
         <run_address>0x564c</run_address>
         <size>0x870</size>
         <input_file_ref idref="fl-b"/>
      </object_component>
      <object_component id="oc-79">
         <name>.text</name>
         <load_address>0x5ebc</load_address>
         <run_address>0x5ebc</run_address>
         <size>0x78c</size>
         <input_file_ref idref="fl-5"/>
      </object_component>
      <object_component id="oc-85">
         <name>.text</name>
         <load_address>0x6648</load_address>
         <run_address>0x6648</run_address>
         <size>0x4a0</size>
         <input_file_ref idref="fl-f"/>
      </object_component>
      <object_component id="oc-124">
         <name>.text</name>
         <load_address>0x6ae8</load_address>
         <run_address>0x6ae8</run_address>
         <size>0x484</size>
         <input_file_ref idref="fl-7"/>
      </object_component>
      <object_component id="oc-68">
         <name>.text</name>
         <load_address>0x6f6c</load_address>
         <run_address>0x6f6c</run_address>
         <size>0x3c4</size>
         <input_file_ref idref="fl-c"/>
      </object_component>
      <object_component id="oc-7f">
         <name>.text</name>
         <load_address>0x7330</load_address>
         <run_address>0x7330</run_address>
         <size>0x36c</size>
         <input_file_ref idref="fl-10"/>
      </object_component>
      <object_component id="oc-39">
         <name>.text:retain</name>
         <load_address>0x769c</load_address>
         <run_address>0x769c</run_address>
         <size>0x33c</size>
         <input_file_ref idref="fl-16"/>
      </object_component>
      <object_component id="oc-25b">
         <name>.text:_pconv_a</name>
         <load_address>0x79d8</load_address>
         <run_address>0x79d8</run_address>
         <size>0x2dc</size>
         <input_file_ref idref="fl-dd"/>
      </object_component>
      <object_component id="oc-2b8">
         <name>.text</name>
         <load_address>0x7cb4</load_address>
         <run_address>0x7cb4</run_address>
         <size>0x2b8</size>
         <input_file_ref idref="fl-e9"/>
      </object_component>
      <object_component id="oc-249">
         <name>.text:_pconv_g</name>
         <load_address>0x7f6c</load_address>
         <run_address>0x7f6c</run_address>
         <size>0x248</size>
         <input_file_ref idref="fl-dd"/>
      </object_component>
      <object_component id="oc-50">
         <name>.text</name>
         <load_address>0x81b4</load_address>
         <run_address>0x81b4</run_address>
         <size>0x180</size>
         <input_file_ref idref="fl-db"/>
      </object_component>
      <object_component id="oc-28">
         <name>.text:retain</name>
         <load_address>0x8334</load_address>
         <run_address>0x8334</run_address>
         <size>0x178</size>
         <input_file_ref idref="fl-5"/>
      </object_component>
      <object_component id="oc-255">
         <name>.text:_pconv_e</name>
         <load_address>0x84ac</load_address>
         <run_address>0x84ac</run_address>
         <size>0x15c</size>
         <input_file_ref idref="fl-dd"/>
      </object_component>
      <object_component id="oc-2d6">
         <name>.text:fcvt</name>
         <load_address>0x8608</load_address>
         <run_address>0x8608</run_address>
         <size>0x144</size>
         <input_file_ref idref="fl-dd"/>
      </object_component>
      <object_component id="oc-1c6">
         <name>.text:floor</name>
         <load_address>0x874c</load_address>
         <run_address>0x874c</run_address>
         <size>0x13c</size>
         <input_file_ref idref="fl-d1"/>
      </object_component>
      <object_component id="oc-2ea">
         <name>.text:scalbn</name>
         <load_address>0x8888</load_address>
         <run_address>0x8888</run_address>
         <size>0x120</size>
         <input_file_ref idref="fl-e5"/>
      </object_component>
      <object_component id="oc-243">
         <name>.text:_ltostr</name>
         <load_address>0x89a8</load_address>
         <run_address>0x89a8</run_address>
         <size>0x115</size>
         <input_file_ref idref="fl-dd"/>
      </object_component>
      <object_component id="oc-1f">
         <name>.text:retain</name>
         <load_address>0x8ac0</load_address>
         <run_address>0x8ac0</run_address>
         <size>0x110</size>
         <input_file_ref idref="fl-2"/>
      </object_component>
      <object_component id="oc-2cf">
         <name>.text:_mcpy</name>
         <load_address>0x8bd0</load_address>
         <run_address>0x8bd0</run_address>
         <size>0xc8</size>
         <input_file_ref idref="fl-dd"/>
      </object_component>
      <object_component id="oc-6d">
         <name>.text</name>
         <load_address>0x8c98</load_address>
         <run_address>0x8c98</run_address>
         <size>0xc0</size>
         <input_file_ref idref="fl-9"/>
      </object_component>
      <object_component id="oc-19">
         <name>.text:retain</name>
         <load_address>0x8d58</load_address>
         <run_address>0x8d58</run_address>
         <size>0xb4</size>
         <input_file_ref idref="fl-15"/>
      </object_component>
      <object_component id="oc-bf">
         <name>.text</name>
         <load_address>0x8e0c</load_address>
         <run_address>0x8e0c</run_address>
         <size>0xb0</size>
         <input_file_ref idref="fl-dc"/>
      </object_component>
      <object_component id="oc-2c9">
         <name>.text:_ecpy</name>
         <load_address>0x8ebc</load_address>
         <run_address>0x8ebc</run_address>
         <size>0x98</size>
         <input_file_ref idref="fl-dd"/>
      </object_component>
      <object_component id="oc-c">
         <name>.text:decompress:lzss:__TI_decompress_lzss</name>
         <load_address>0x8f54</load_address>
         <run_address>0x8f54</run_address>
         <size>0x90</size>
         <input_file_ref idref="fl-d6"/>
      </object_component>
      <object_component id="oc-2e4">
         <name>.text:frexp</name>
         <load_address>0x8fe4</load_address>
         <run_address>0x8fe4</run_address>
         <size>0x8c</size>
         <input_file_ref idref="fl-e4"/>
      </object_component>
      <object_component id="oc-23d">
         <name>.text:atoi</name>
         <load_address>0x9070</load_address>
         <run_address>0x9070</run_address>
         <size>0x84</size>
         <input_file_ref idref="fl-de"/>
      </object_component>
      <object_component id="oc-2c3">
         <name>.text:ltoa</name>
         <load_address>0x90f4</load_address>
         <run_address>0x90f4</run_address>
         <size>0x80</size>
         <input_file_ref idref="fl-e0"/>
      </object_component>
      <object_component id="oc-24f">
         <name>.text:_pconv_f</name>
         <load_address>0x9174</load_address>
         <run_address>0x9174</run_address>
         <size>0x74</size>
         <input_file_ref idref="fl-dd"/>
      </object_component>
      <object_component id="oc-e2">
         <name>.text:__TI_auto_init_nobinit_nopinit:__TI_auto_init_nobinit_nopinit</name>
         <load_address>0x91e8</load_address>
         <run_address>0x91e8</run_address>
         <size>0x68</size>
         <input_file_ref idref="fl-d2"/>
      </object_component>
      <object_component id="oc-2dc">
         <name>.text:_fcpy</name>
         <load_address>0x9250</load_address>
         <run_address>0x9250</run_address>
         <size>0x64</size>
         <input_file_ref idref="fl-dd"/>
      </object_component>
      <object_component id="oc-118">
         <name>.text:sprintf</name>
         <load_address>0x92b4</load_address>
         <run_address>0x92b4</run_address>
         <size>0x64</size>
         <input_file_ref idref="fl-d9"/>
      </object_component>
      <object_component id="oc-325">
         <name>.text</name>
         <load_address>0x9318</load_address>
         <run_address>0x9318</run_address>
         <size>0x54</size>
         <input_file_ref idref="fl-e7"/>
      </object_component>
      <object_component id="oc-2bd">
         <name>.text</name>
         <load_address>0x936c</load_address>
         <run_address>0x936c</run_address>
         <size>0x50</size>
         <input_file_ref idref="fl-e8"/>
      </object_component>
      <object_component id="oc-1d7">
         <name>.text:_outs</name>
         <load_address>0x93bc</load_address>
         <run_address>0x93bc</run_address>
         <size>0x30</size>
         <input_file_ref idref="fl-d9"/>
      </object_component>
      <object_component id="oc-261">
         <name>.text:memccpy</name>
         <load_address>0x93ec</load_address>
         <run_address>0x93ec</run_address>
         <size>0x2c</size>
         <input_file_ref idref="fl-e1"/>
      </object_component>
      <object_component id="oc-2f0">
         <name>.text:strchr</name>
         <load_address>0x9418</load_address>
         <run_address>0x9418</run_address>
         <size>0x28</size>
         <input_file_ref idref="fl-e2"/>
      </object_component>
      <object_component id="oc-267">
         <name>.text:wcslen</name>
         <load_address>0x9440</load_address>
         <run_address>0x9440</run_address>
         <size>0x24</size>
         <input_file_ref idref="fl-e6"/>
      </object_component>
      <object_component id="oc-5c">
         <name>.text:decompress:ZI:__TI_zero_init_nomemset:__TI_zero_init_nomemset</name>
         <load_address>0x9464</load_address>
         <run_address>0x9464</run_address>
         <size>0x20</size>
         <input_file_ref idref="fl-d4"/>
      </object_component>
      <object_component id="oc-11e">
         <name>.text:strlen</name>
         <load_address>0x9484</load_address>
         <run_address>0x9484</run_address>
         <size>0x20</size>
         <input_file_ref idref="fl-da"/>
      </object_component>
      <object_component id="oc-337">
         <name>.text:copysign</name>
         <load_address>0x94a4</load_address>
         <run_address>0x94a4</run_address>
         <size>0x1c</size>
         <input_file_ref idref="fl-ea"/>
      </object_component>
      <object_component id="oc-1dd">
         <name>.text:_outc</name>
         <load_address>0x94c0</load_address>
         <run_address>0x94c0</run_address>
         <size>0x14</size>
         <input_file_ref idref="fl-d9"/>
      </object_component>
      <object_component id="oc-12">
         <name>.text:decompress:none:__TI_decompress_none</name>
         <load_address>0x94d4</load_address>
         <run_address>0x94d4</run_address>
         <size>0x14</size>
         <input_file_ref idref="fl-d5"/>
      </object_component>
      <object_component id="oc-26d">
         <name>.text:__aeabi_errno_addr</name>
         <load_address>0x94e8</load_address>
         <run_address>0x94e8</run_address>
         <size>0xc</size>
         <input_file_ref idref="fl-e3"/>
      </object_component>
      <object_component id="oc-13d">
         <name>.text:abort:abort</name>
         <load_address>0x94f4</load_address>
         <run_address>0x94f4</run_address>
         <size>0x8</size>
         <input_file_ref idref="fl-d7"/>
      </object_component>
      <object_component id="oc-33">
         <name>.text:retain</name>
         <load_address>0x94fc</load_address>
         <run_address>0x94fc</run_address>
         <size>0x4</size>
         <input_file_ref idref="fl-12"/>
      </object_component>
      <object_component id="oc-31f">
         <name>.text</name>
         <load_address>0x9500</load_address>
         <run_address>0x9500</run_address>
         <size>0x4</size>
         <input_file_ref idref="fl-eb"/>
      </object_component>
      <object_component id="oc-25">
         <name>.const:s_vim_init</name>
         <load_address>0x9520</load_address>
         <run_address>0x9520</run_address>
         <size>0x200</size>
         <input_file_ref idref="fl-16"/>
      </object_component>
      <object_component id="oc-2b3">
         <name>.const:.string:_ctypes_</name>
         <load_address>0x9720</load_address>
         <run_address>0x9720</run_address>
         <size>0x101</size>
         <input_file_ref idref="fl-df"/>
      </object_component>
      <object_component id="oc-387">
         <name>__TI_handler_table</name>
         <load_address>0x9840</load_address>
         <run_address>0x9840</run_address>
         <size>0xc</size>
      </object_component>
      <object_component id="oc-389">
         <name>.cinit..bss.load</name>
         <load_address>0x9850</load_address>
         <run_address>0x9850</run_address>
         <size>0x8</size>
      </object_component>
      <object_component id="oc-38a">
         <name>.cinit..data.load</name>
         <load_address>0x9858</load_address>
         <run_address>0x9858</run_address>
         <size>0x7</size>
      </object_component>
      <object_component id="oc-388">
         <name>__TI_cinit_table</name>
         <load_address>0x9860</load_address>
         <run_address>0x9860</run_address>
         <size>0x10</size>
      </object_component>
      <object_component id="oc-1cc">
         <name>.bss:g_sciTransfer_t</name>
         <uninitialized>true</uninitialized>
         <run_address>0x8001580</run_address>
         <size>0x50</size>
         <input_file_ref idref="fl-b"/>
      </object_component>
      <object_component id="oc-136">
         <name>.common:buf</name>
         <uninitialized>true</uninitialized>
         <run_address>0x8001500</run_address>
         <size>0x80</size>
      </object_component>
      <object_component id="oc-139">
         <name>.common:buf_len</name>
         <uninitialized>true</uninitialized>
         <run_address>0x80015d8</run_address>
         <size>0x4</size>
      </object_component>
      <object_component id="oc-13a">
         <name>.common:aileron1</name>
         <uninitialized>true</uninitialized>
         <run_address>0x80015d0</run_address>
         <size>0x4</size>
      </object_component>
      <object_component id="oc-13b">
         <name>.common:aileron2</name>
         <uninitialized>true</uninitialized>
         <run_address>0x80015d4</run_address>
         <size>0x4</size>
      </object_component>
      <object_component id="oc-300">
         <name>.data</name>
         <load_address>0x80015dc</load_address>
         <run_address>0x80015dc</run_address>
         <size>0x4</size>
         <input_file_ref idref="fl-e3"/>
      </object_component>
      <object_component id="oc-17d">
         <name>.debug_info</name>
         <load_address>0x0</load_address>
         <run_address>0x0</run_address>
         <size>0x2f6</size>
         <input_file_ref idref="fl-2"/>
      </object_component>
      <object_component id="oc-131">
         <name>.debug_info</name>
         <load_address>0x2f6</load_address>
         <run_address>0x2f6</run_address>
         <size>0x17d6</size>
         <input_file_ref idref="fl-2"/>
      </object_component>
      <object_component id="oc-20">
         <name>.debug_info</name>
         <load_address>0x1acc</load_address>
         <run_address>0x1acc</run_address>
         <size>0x1e5</size>
         <input_file_ref idref="fl-2"/>
      </object_component>
      <object_component id="oc-1f6">
         <name>.debug_info</name>
         <load_address>0x1cb1</load_address>
         <run_address>0x1cb1</run_address>
         <size>0x359</size>
         <input_file_ref idref="fl-2"/>
      </object_component>
      <object_component id="oc-150">
         <name>.debug_info</name>
         <load_address>0x200a</load_address>
         <run_address>0x200a</run_address>
         <size>0x26b</size>
         <input_file_ref idref="fl-2"/>
      </object_component>
      <object_component id="oc-8e">
         <name>.debug_info</name>
         <load_address>0x2275</load_address>
         <run_address>0x2275</run_address>
         <size>0x157</size>
         <input_file_ref idref="fl-2"/>
      </object_component>
      <object_component id="oc-9f">
         <name>.debug_info</name>
         <load_address>0x23cc</load_address>
         <run_address>0x23cc</run_address>
         <size>0x8b</size>
         <input_file_ref idref="fl-2"/>
      </object_component>
      <object_component id="oc-9a">
         <name>.debug_info</name>
         <load_address>0x2457</load_address>
         <run_address>0x2457</run_address>
         <size>0x18c</size>
         <input_file_ref idref="fl-2"/>
      </object_component>
      <object_component id="oc-20c">
         <name>.debug_info</name>
         <load_address>0x25e3</load_address>
         <run_address>0x25e3</run_address>
         <size>0x297</size>
         <input_file_ref idref="fl-2"/>
      </object_component>
      <object_component id="oc-149">
         <name>.debug_info</name>
         <load_address>0x287a</load_address>
         <run_address>0x287a</run_address>
         <size>0xbb</size>
         <input_file_ref idref="fl-2"/>
      </object_component>
      <object_component id="oc-a4">
         <name>.debug_info</name>
         <load_address>0x2935</load_address>
         <run_address>0x2935</run_address>
         <size>0x86</size>
         <input_file_ref idref="fl-2"/>
      </object_component>
      <object_component id="oc-194">
         <name>.debug_info</name>
         <load_address>0x29bb</load_address>
         <run_address>0x29bb</run_address>
         <size>0x152</size>
         <input_file_ref idref="fl-2"/>
      </object_component>
      <object_component id="oc-173">
         <name>.debug_info</name>
         <load_address>0x2b0d</load_address>
         <run_address>0x2b0d</run_address>
         <size>0x36d</size>
         <input_file_ref idref="fl-2"/>
      </object_component>
      <object_component id="oc-211">
         <name>.debug_info</name>
         <load_address>0x2e7a</load_address>
         <run_address>0x2e7a</run_address>
         <size>0x376</size>
         <input_file_ref idref="fl-3"/>
      </object_component>
      <object_component id="oc-d4">
         <name>.debug_info</name>
         <load_address>0x31f0</load_address>
         <run_address>0x31f0</run_address>
         <size>0x429</size>
         <input_file_ref idref="fl-3"/>
      </object_component>
      <object_component id="oc-155">
         <name>.debug_info</name>
         <load_address>0x3619</load_address>
         <run_address>0x3619</run_address>
         <size>0x102</size>
         <input_file_ref idref="fl-3"/>
      </object_component>
      <object_component id="oc-199">
         <name>.debug_info</name>
         <load_address>0x371b</load_address>
         <run_address>0x371b</run_address>
         <size>0x142</size>
         <input_file_ref idref="fl-3"/>
      </object_component>
      <object_component id="oc-15a">
         <name>.debug_info</name>
         <load_address>0x385d</load_address>
         <run_address>0x385d</run_address>
         <size>0x285</size>
         <input_file_ref idref="fl-3"/>
      </object_component>
      <object_component id="oc-15f">
         <name>.debug_info</name>
         <load_address>0x3ae2</load_address>
         <run_address>0x3ae2</run_address>
         <size>0x44a</size>
         <input_file_ref idref="fl-3"/>
      </object_component>
      <object_component id="oc-164">
         <name>.debug_info</name>
         <load_address>0x3f2c</load_address>
         <run_address>0x3f2c</run_address>
         <size>0x1f9</size>
         <input_file_ref idref="fl-3"/>
      </object_component>
      <object_component id="oc-169">
         <name>.debug_info</name>
         <load_address>0x4125</load_address>
         <run_address>0x4125</run_address>
         <size>0x152</size>
         <input_file_ref idref="fl-3"/>
      </object_component>
      <object_component id="oc-16e">
         <name>.debug_info</name>
         <load_address>0x4277</load_address>
         <run_address>0x4277</run_address>
         <size>0x70a</size>
         <input_file_ref idref="fl-3"/>
      </object_component>
      <object_component id="oc-e0">
         <name>.debug_info</name>
         <load_address>0x4981</load_address>
         <run_address>0x4981</run_address>
         <size>0x342</size>
         <input_file_ref idref="fl-5"/>
      </object_component>
      <object_component id="oc-7a">
         <name>.debug_info</name>
         <load_address>0x4cc3</load_address>
         <run_address>0x4cc3</run_address>
         <size>0x10b7</size>
         <input_file_ref idref="fl-5"/>
      </object_component>
      <object_component id="oc-29">
         <name>.debug_info</name>
         <load_address>0x5d7a</load_address>
         <run_address>0x5d7a</run_address>
         <size>0x19f</size>
         <input_file_ref idref="fl-5"/>
      </object_component>
      <object_component id="oc-db">
         <name>.debug_info</name>
         <load_address>0x5f19</load_address>
         <run_address>0x5f19</run_address>
         <size>0x168</size>
         <input_file_ref idref="fl-5"/>
      </object_component>
      <object_component id="oc-1ef">
         <name>.debug_info</name>
         <load_address>0x6081</load_address>
         <run_address>0x6081</run_address>
         <size>0x2fe</size>
         <input_file_ref idref="fl-6"/>
      </object_component>
      <object_component id="oc-12b">
         <name>.debug_info</name>
         <load_address>0x637f</load_address>
         <run_address>0x637f</run_address>
         <size>0x2845</size>
         <input_file_ref idref="fl-6"/>
      </object_component>
      <object_component id="oc-1f0">
         <name>.debug_info</name>
         <load_address>0x8bc4</load_address>
         <run_address>0x8bc4</run_address>
         <size>0xc6d</size>
         <input_file_ref idref="fl-6"/>
      </object_component>
      <object_component id="oc-19e">
         <name>.debug_info</name>
         <load_address>0x9831</load_address>
         <run_address>0x9831</run_address>
         <size>0x396</size>
         <input_file_ref idref="fl-6"/>
      </object_component>
      <object_component id="oc-1b0">
         <name>.debug_info</name>
         <load_address>0x9bc7</load_address>
         <run_address>0x9bc7</run_address>
         <size>0x199</size>
         <input_file_ref idref="fl-6"/>
      </object_component>
      <object_component id="oc-1ed">
         <name>.debug_info</name>
         <load_address>0x9d60</load_address>
         <run_address>0x9d60</run_address>
         <size>0x2a7</size>
         <input_file_ref idref="fl-7"/>
      </object_component>
      <object_component id="oc-125">
         <name>.debug_info</name>
         <load_address>0xa007</load_address>
         <run_address>0xa007</run_address>
         <size>0x711</size>
         <input_file_ref idref="fl-7"/>
      </object_component>
      <object_component id="oc-287">
         <name>.debug_info</name>
         <load_address>0xa718</load_address>
         <run_address>0xa718</run_address>
         <size>0x12a</size>
         <input_file_ref idref="fl-7"/>
      </object_component>
      <object_component id="oc-c7">
         <name>.debug_info</name>
         <load_address>0xa842</load_address>
         <run_address>0xa842</run_address>
         <size>0x3bb</size>
         <input_file_ref idref="fl-9"/>
      </object_component>
      <object_component id="oc-6e">
         <name>.debug_info</name>
         <load_address>0xabfd</load_address>
         <run_address>0xabfd</run_address>
         <size>0x8ee</size>
         <input_file_ref idref="fl-9"/>
      </object_component>
      <object_component id="oc-18f">
         <name>.debug_info</name>
         <load_address>0xb4eb</load_address>
         <run_address>0xb4eb</run_address>
         <size>0xadd</size>
         <input_file_ref idref="fl-9"/>
      </object_component>
      <object_component id="oc-c8">
         <name>.debug_info</name>
         <load_address>0xbfc8</load_address>
         <run_address>0xbfc8</run_address>
         <size>0x6eb</size>
         <input_file_ref idref="fl-9"/>
      </object_component>
      <object_component id="oc-1a3">
         <name>.debug_info</name>
         <load_address>0xc6b3</load_address>
         <run_address>0xc6b3</run_address>
         <size>0x243</size>
         <input_file_ref idref="fl-9"/>
      </object_component>
      <object_component id="oc-238">
         <name>.debug_info</name>
         <load_address>0xc8f6</load_address>
         <run_address>0xc8f6</run_address>
         <size>0x18e</size>
         <input_file_ref idref="fl-9"/>
      </object_component>
      <object_component id="oc-ce">
         <name>.debug_info</name>
         <load_address>0xca84</load_address>
         <run_address>0xca84</run_address>
         <size>0x113</size>
         <input_file_ref idref="fl-a"/>
      </object_component>
      <object_component id="oc-1d0">
         <name>.debug_info</name>
         <load_address>0xcb97</load_address>
         <run_address>0xcb97</run_address>
         <size>0x2f4</size>
         <input_file_ref idref="fl-b"/>
      </object_component>
      <object_component id="oc-1cd">
         <name>.debug_info</name>
         <load_address>0xce8b</load_address>
         <run_address>0xce8b</run_address>
         <size>0xdc</size>
         <input_file_ref idref="fl-b"/>
      </object_component>
      <object_component id="oc-113">
         <name>.debug_info</name>
         <load_address>0xcf67</load_address>
         <run_address>0xcf67</run_address>
         <size>0xc94</size>
         <input_file_ref idref="fl-b"/>
      </object_component>
      <object_component id="oc-233">
         <name>.debug_info</name>
         <load_address>0xdbfb</load_address>
         <run_address>0xdbfb</run_address>
         <size>0x91</size>
         <input_file_ref idref="fl-b"/>
      </object_component>
      <object_component id="oc-69">
         <name>.debug_info</name>
         <load_address>0xdc8c</load_address>
         <run_address>0xdc8c</run_address>
         <size>0x809</size>
         <input_file_ref idref="fl-c"/>
      </object_component>
      <object_component id="oc-2f">
         <name>.debug_info</name>
         <load_address>0xe495</load_address>
         <run_address>0xe495</run_address>
         <size>0xff</size>
         <input_file_ref idref="fl-e"/>
      </object_component>
      <object_component id="oc-137">
         <name>.debug_info</name>
         <load_address>0xe594</load_address>
         <run_address>0xe594</run_address>
         <size>0x62e</size>
         <input_file_ref idref="fl-f"/>
      </object_component>
      <object_component id="oc-86">
         <name>.debug_info</name>
         <load_address>0xebc2</load_address>
         <run_address>0xebc2</run_address>
         <size>0x614</size>
         <input_file_ref idref="fl-f"/>
      </object_component>
      <object_component id="oc-1fd">
         <name>.debug_info</name>
         <load_address>0xf1d6</load_address>
         <run_address>0xf1d6</run_address>
         <size>0xcc</size>
         <input_file_ref idref="fl-f"/>
      </object_component>
      <object_component id="oc-1e5">
         <name>.debug_info</name>
         <load_address>0xf2a2</load_address>
         <run_address>0xf2a2</run_address>
         <size>0x2c</size>
         <input_file_ref idref="fl-f"/>
      </object_component>
      <object_component id="oc-80">
         <name>.debug_info</name>
         <load_address>0xf2ce</load_address>
         <run_address>0xf2ce</run_address>
         <size>0x436</size>
         <input_file_ref idref="fl-10"/>
      </object_component>
      <object_component id="oc-214">
         <name>.debug_info</name>
         <load_address>0xf704</load_address>
         <run_address>0xf704</run_address>
         <size>0x2ea</size>
         <input_file_ref idref="fl-11"/>
      </object_component>
      <object_component id="oc-1ab">
         <name>.debug_info</name>
         <load_address>0xf9ee</load_address>
         <run_address>0xf9ee</run_address>
         <size>0x457</size>
         <input_file_ref idref="fl-11"/>
      </object_component>
      <object_component id="oc-34">
         <name>.debug_info</name>
         <load_address>0xfe45</load_address>
         <run_address>0xfe45</run_address>
         <size>0x134</size>
         <input_file_ref idref="fl-12"/>
      </object_component>
      <object_component id="oc-1a">
         <name>.debug_info</name>
         <load_address>0xff79</load_address>
         <run_address>0xff79</run_address>
         <size>0x273</size>
         <input_file_ref idref="fl-15"/>
      </object_component>
      <object_component id="oc-95">
         <name>.debug_info</name>
         <load_address>0x101ec</load_address>
         <run_address>0x101ec</run_address>
         <size>0x48b</size>
         <input_file_ref idref="fl-16"/>
      </object_component>
      <object_component id="oc-26">
         <name>.debug_info</name>
         <load_address>0x10677</load_address>
         <run_address>0x10677</run_address>
         <size>0xd6</size>
         <input_file_ref idref="fl-16"/>
      </object_component>
      <object_component id="oc-3b">
         <name>.debug_info</name>
         <load_address>0x1074d</load_address>
         <run_address>0x1074d</run_address>
         <size>0x486</size>
         <input_file_ref idref="fl-16"/>
      </object_component>
      <object_component id="oc-40">
         <name>.debug_info</name>
         <load_address>0x10bd3</load_address>
         <run_address>0x10bd3</run_address>
         <size>0x1f1</size>
         <input_file_ref idref="fl-16"/>
      </object_component>
      <object_component id="oc-178">
         <name>.debug_info</name>
         <load_address>0x10dc4</load_address>
         <run_address>0x10dc4</run_address>
         <size>0x4f</size>
         <input_file_ref idref="fl-16"/>
      </object_component>
      <object_component id="oc-d9">
         <name>.debug_info</name>
         <load_address>0x10e13</load_address>
         <run_address>0x10e13</run_address>
         <size>0x3d8</size>
         <input_file_ref idref="fl-17"/>
      </object_component>
      <object_component id="oc-74">
         <name>.debug_info</name>
         <load_address>0x111eb</load_address>
         <run_address>0x111eb</run_address>
         <size>0x586</size>
         <input_file_ref idref="fl-17"/>
      </object_component>
      <object_component id="oc-22e">
         <name>.debug_info</name>
         <load_address>0x11771</load_address>
         <run_address>0x11771</run_address>
         <size>0x267</size>
         <input_file_ref idref="fl-d1"/>
      </object_component>
      <object_component id="oc-1c7">
         <name>.debug_info</name>
         <load_address>0x119d8</load_address>
         <run_address>0x119d8</run_address>
         <size>0x178</size>
         <input_file_ref idref="fl-d1"/>
      </object_component>
      <object_component id="oc-4b">
         <name>.debug_info</name>
         <load_address>0x11b50</load_address>
         <run_address>0x11b50</run_address>
         <size>0x84</size>
         <input_file_ref idref="fl-d1"/>
      </object_component>
      <object_component id="oc-2ac">
         <name>.debug_info</name>
         <load_address>0x11bd4</load_address>
         <run_address>0x11bd4</run_address>
         <size>0x46</size>
         <input_file_ref idref="fl-d1"/>
      </object_component>
      <object_component id="oc-229">
         <name>.debug_info</name>
         <load_address>0x11c1a</load_address>
         <run_address>0x11c1a</run_address>
         <size>0x39</size>
         <input_file_ref idref="fl-d1"/>
      </object_component>
      <object_component id="oc-1b8">
         <name>.debug_info</name>
         <load_address>0x11c53</load_address>
         <run_address>0x11c53</run_address>
         <size>0x52a</size>
         <input_file_ref idref="fl-d2"/>
      </object_component>
      <object_component id="oc-e6">
         <name>.debug_info</name>
         <load_address>0x1217d</load_address>
         <run_address>0x1217d</run_address>
         <size>0x17e</size>
         <input_file_ref idref="fl-d2"/>
      </object_component>
      <object_component id="oc-217">
         <name>.debug_info</name>
         <load_address>0x122fb</load_address>
         <run_address>0x122fb</run_address>
         <size>0x39</size>
         <input_file_ref idref="fl-d2"/>
      </object_component>
      <object_component id="oc-2a0">
         <name>.debug_info</name>
         <load_address>0x12334</load_address>
         <run_address>0x12334</run_address>
         <size>0x39</size>
         <input_file_ref idref="fl-d2"/>
      </object_component>
      <object_component id="oc-21c">
         <name>.debug_info</name>
         <load_address>0x1236d</load_address>
         <run_address>0x1236d</run_address>
         <size>0x39</size>
         <input_file_ref idref="fl-d2"/>
      </object_component>
      <object_component id="oc-221">
         <name>.debug_info</name>
         <load_address>0x123a6</load_address>
         <run_address>0x123a6</run_address>
         <size>0xcd</size>
         <input_file_ref idref="fl-d2"/>
      </object_component>
      <object_component id="oc-be">
         <name>.debug_info</name>
         <load_address>0x12473</load_address>
         <run_address>0x12473</run_address>
         <size>0x2f1</size>
         <input_file_ref idref="fl-d4"/>
      </object_component>
      <object_component id="oc-5d">
         <name>.debug_info</name>
         <load_address>0x12764</load_address>
         <run_address>0x12764</run_address>
         <size>0x197</size>
         <input_file_ref idref="fl-d4"/>
      </object_component>
      <object_component id="oc-b9">
         <name>.debug_info</name>
         <load_address>0x128fb</load_address>
         <run_address>0x128fb</run_address>
         <size>0x46</size>
         <input_file_ref idref="fl-d4"/>
      </object_component>
      <object_component id="oc-185">
         <name>.debug_info</name>
         <load_address>0x12941</load_address>
         <run_address>0x12941</run_address>
         <size>0x2c</size>
         <input_file_ref idref="fl-d4"/>
      </object_component>
      <object_component id="oc-5b">
         <name>.debug_info</name>
         <load_address>0x1296d</load_address>
         <run_address>0x1296d</run_address>
         <size>0x27b</size>
         <input_file_ref idref="fl-d5"/>
      </object_component>
      <object_component id="oc-13">
         <name>.debug_info</name>
         <load_address>0x12be8</load_address>
         <run_address>0x12be8</run_address>
         <size>0x1ad</size>
         <input_file_ref idref="fl-d5"/>
      </object_component>
      <object_component id="oc-56">
         <name>.debug_info</name>
         <load_address>0x12d95</load_address>
         <run_address>0x12d95</run_address>
         <size>0x46</size>
         <input_file_ref idref="fl-d5"/>
      </object_component>
      <object_component id="oc-b1">
         <name>.debug_info</name>
         <load_address>0x12ddb</load_address>
         <run_address>0x12ddb</run_address>
         <size>0x2c</size>
         <input_file_ref idref="fl-d5"/>
      </object_component>
      <object_component id="oc-af">
         <name>.debug_info</name>
         <load_address>0x12e07</load_address>
         <run_address>0x12e07</run_address>
         <size>0x276</size>
         <input_file_ref idref="fl-d6"/>
      </object_component>
      <object_component id="oc-d">
         <name>.debug_info</name>
         <load_address>0x1307d</load_address>
         <run_address>0x1307d</run_address>
         <size>0x228</size>
         <input_file_ref idref="fl-d6"/>
      </object_component>
      <object_component id="oc-46">
         <name>.debug_info</name>
         <load_address>0x132a5</load_address>
         <run_address>0x132a5</run_address>
         <size>0x60</size>
         <input_file_ref idref="fl-d6"/>
      </object_component>
      <object_component id="oc-17e">
         <name>.debug_info</name>
         <load_address>0x13305</load_address>
         <run_address>0x13305</run_address>
         <size>0x46</size>
         <input_file_ref idref="fl-d6"/>
      </object_component>
      <object_component id="oc-aa">
         <name>.debug_info</name>
         <load_address>0x1334b</load_address>
         <run_address>0x1334b</run_address>
         <size>0x39</size>
         <input_file_ref idref="fl-d6"/>
      </object_component>
      <object_component id="oc-13e">
         <name>.debug_info</name>
         <load_address>0x13384</load_address>
         <run_address>0x13384</run_address>
         <size>0xfa</size>
         <input_file_ref idref="fl-d7"/>
      </object_component>
      <object_component id="oc-1e4">
         <name>.debug_info</name>
         <load_address>0x1347e</load_address>
         <run_address>0x1347e</run_address>
         <size>0x30b</size>
         <input_file_ref idref="fl-d9"/>
      </object_component>
      <object_component id="oc-119">
         <name>.debug_info</name>
         <load_address>0x13789</load_address>
         <run_address>0x13789</run_address>
         <size>0x1a9</size>
         <input_file_ref idref="fl-d9"/>
      </object_component>
      <object_component id="oc-1d8">
         <name>.debug_info</name>
         <load_address>0x13932</load_address>
         <run_address>0x13932</run_address>
         <size>0x170</size>
         <input_file_ref idref="fl-d9"/>
      </object_component>
      <object_component id="oc-1de">
         <name>.debug_info</name>
         <load_address>0x13aa2</load_address>
         <run_address>0x13aa2</run_address>
         <size>0x145</size>
         <input_file_ref idref="fl-d9"/>
      </object_component>
      <object_component id="oc-307">
         <name>.debug_info</name>
         <load_address>0x13be7</load_address>
         <run_address>0x13be7</run_address>
         <size>0x2c</size>
         <input_file_ref idref="fl-d9"/>
      </object_component>
      <object_component id="oc-1eb">
         <name>.debug_info</name>
         <load_address>0x13c13</load_address>
         <run_address>0x13c13</run_address>
         <size>0x267</size>
         <input_file_ref idref="fl-da"/>
      </object_component>
      <object_component id="oc-11f">
         <name>.debug_info</name>
         <load_address>0x13e7a</load_address>
         <run_address>0x13e7a</run_address>
         <size>0x1d3</size>
         <input_file_ref idref="fl-da"/>
      </object_component>
      <object_component id="oc-51">
         <name>.debug_info</name>
         <load_address>0x1404d</load_address>
         <run_address>0x1404d</run_address>
         <size>0x15f</size>
         <input_file_ref idref="fl-db"/>
      </object_component>
      <object_component id="oc-c0">
         <name>.debug_info</name>
         <load_address>0x141ac</load_address>
         <run_address>0x141ac</run_address>
         <size>0x127</size>
         <input_file_ref idref="fl-dc"/>
      </object_component>
      <object_component id="oc-274">
         <name>.debug_info</name>
         <load_address>0x142d3</load_address>
         <run_address>0x142d3</run_address>
         <size>0x889</size>
         <input_file_ref idref="fl-dd"/>
      </object_component>
      <object_component id="oc-244">
         <name>.debug_info</name>
         <load_address>0x14b5c</load_address>
         <run_address>0x14b5c</run_address>
         <size>0x1f6</size>
         <input_file_ref idref="fl-dd"/>
      </object_component>
      <object_component id="oc-2ca">
         <name>.debug_info</name>
         <load_address>0x14d52</load_address>
         <run_address>0x14d52</run_address>
         <size>0x18b</size>
         <input_file_ref idref="fl-dd"/>
      </object_component>
      <object_component id="oc-2d0">
         <name>.debug_info</name>
         <load_address>0x14edd</load_address>
         <run_address>0x14edd</run_address>
         <size>0x1f3</size>
         <input_file_ref idref="fl-dd"/>
      </object_component>
      <object_component id="oc-24a">
         <name>.debug_info</name>
         <load_address>0x150d0</load_address>
         <run_address>0x150d0</run_address>
         <size>0x2ac</size>
         <input_file_ref idref="fl-dd"/>
      </object_component>
      <object_component id="oc-2d7">
         <name>.debug_info</name>
         <load_address>0x1537c</load_address>
         <run_address>0x1537c</run_address>
         <size>0x1fc</size>
         <input_file_ref idref="fl-dd"/>
      </object_component>
      <object_component id="oc-2dd">
         <name>.debug_info</name>
         <load_address>0x15578</load_address>
         <run_address>0x15578</run_address>
         <size>0x1ed</size>
         <input_file_ref idref="fl-dd"/>
      </object_component>
      <object_component id="oc-250">
         <name>.debug_info</name>
         <load_address>0x15765</load_address>
         <run_address>0x15765</run_address>
         <size>0x1ed</size>
         <input_file_ref idref="fl-dd"/>
      </object_component>
      <object_component id="oc-256">
         <name>.debug_info</name>
         <load_address>0x15952</load_address>
         <run_address>0x15952</run_address>
         <size>0x218</size>
         <input_file_ref idref="fl-dd"/>
      </object_component>
      <object_component id="oc-25c">
         <name>.debug_info</name>
         <load_address>0x15b6a</load_address>
         <run_address>0x15b6a</run_address>
         <size>0x331</size>
         <input_file_ref idref="fl-dd"/>
      </object_component>
      <object_component id="oc-1d2">
         <name>.debug_info</name>
         <load_address>0x15e9b</load_address>
         <run_address>0x15e9b</run_address>
         <size>0x58a</size>
         <input_file_ref idref="fl-dd"/>
      </object_component>
      <object_component id="oc-275">
         <name>.debug_info</name>
         <load_address>0x16425</load_address>
         <run_address>0x16425</run_address>
         <size>0x86</size>
         <input_file_ref idref="fl-dd"/>
      </object_component>
      <object_component id="oc-30c">
         <name>.debug_info</name>
         <load_address>0x164ab</load_address>
         <run_address>0x164ab</run_address>
         <size>0x39</size>
         <input_file_ref idref="fl-dd"/>
      </object_component>
      <object_component id="oc-34e">
         <name>.debug_info</name>
         <load_address>0x164e4</load_address>
         <run_address>0x164e4</run_address>
         <size>0xb6</size>
         <input_file_ref idref="fl-dd"/>
      </object_component>
      <object_component id="oc-311">
         <name>.debug_info</name>
         <load_address>0x1659a</load_address>
         <run_address>0x1659a</run_address>
         <size>0x46</size>
         <input_file_ref idref="fl-dd"/>
      </object_component>
      <object_component id="oc-27a">
         <name>.debug_info</name>
         <load_address>0x165e0</load_address>
         <run_address>0x165e0</run_address>
         <size>0x46</size>
         <input_file_ref idref="fl-dd"/>
      </object_component>
      <object_component id="oc-2b7">
         <name>.debug_info</name>
         <load_address>0x16626</load_address>
         <run_address>0x16626</run_address>
         <size>0x291</size>
         <input_file_ref idref="fl-de"/>
      </object_component>
      <object_component id="oc-23e">
         <name>.debug_info</name>
         <load_address>0x168b7</load_address>
         <run_address>0x168b7</run_address>
         <size>0x154</size>
         <input_file_ref idref="fl-de"/>
      </object_component>
      <object_component id="oc-31b">
         <name>.debug_info</name>
         <load_address>0x16a0b</load_address>
         <run_address>0x16a0b</run_address>
         <size>0xd1</size>
         <input_file_ref idref="fl-df"/>
      </object_component>
      <object_component id="oc-2b4">
         <name>.debug_info</name>
         <load_address>0x16adc</load_address>
         <run_address>0x16adc</run_address>
         <size>0xdd</size>
         <input_file_ref idref="fl-df"/>
      </object_component>
      <object_component id="oc-32b">
         <name>.debug_info</name>
         <load_address>0x16bb9</load_address>
         <run_address>0x16bb9</run_address>
         <size>0x273</size>
         <input_file_ref idref="fl-e0"/>
      </object_component>
      <object_component id="oc-2c5">
         <name>.debug_info</name>
         <load_address>0x16e2c</load_address>
         <run_address>0x16e2c</run_address>
         <size>0x1bd</size>
         <input_file_ref idref="fl-e0"/>
      </object_component>
      <object_component id="oc-2f8">
         <name>.debug_info</name>
         <load_address>0x16fe9</load_address>
         <run_address>0x16fe9</run_address>
         <size>0x26e</size>
         <input_file_ref idref="fl-e1"/>
      </object_component>
      <object_component id="oc-262">
         <name>.debug_info</name>
         <load_address>0x17257</load_address>
         <run_address>0x17257</run_address>
         <size>0x18e</size>
         <input_file_ref idref="fl-e1"/>
      </object_component>
      <object_component id="oc-340">
         <name>.debug_info</name>
         <load_address>0x173e5</load_address>
         <run_address>0x173e5</run_address>
         <size>0x272</size>
         <input_file_ref idref="fl-e2"/>
      </object_component>
      <object_component id="oc-2f1">
         <name>.debug_info</name>
         <load_address>0x17657</load_address>
         <run_address>0x17657</run_address>
         <size>0x1f0</size>
         <input_file_ref idref="fl-e2"/>
      </object_component>
      <object_component id="oc-304">
         <name>.debug_info</name>
         <load_address>0x17847</load_address>
         <run_address>0x17847</run_address>
         <size>0x261</size>
         <input_file_ref idref="fl-e3"/>
      </object_component>
      <object_component id="oc-301">
         <name>.debug_info</name>
         <load_address>0x17aa8</load_address>
         <run_address>0x17aa8</run_address>
         <size>0xe6</size>
         <input_file_ref idref="fl-e3"/>
      </object_component>
      <object_component id="oc-26e">
         <name>.debug_info</name>
         <load_address>0x17b8e</load_address>
         <run_address>0x17b8e</run_address>
         <size>0x126</size>
         <input_file_ref idref="fl-e3"/>
      </object_component>
      <object_component id="oc-331">
         <name>.debug_info</name>
         <load_address>0x17cb4</load_address>
         <run_address>0x17cb4</run_address>
         <size>0x272</size>
         <input_file_ref idref="fl-e4"/>
      </object_component>
      <object_component id="oc-2e5">
         <name>.debug_info</name>
         <load_address>0x17f26</load_address>
         <run_address>0x17f26</run_address>
         <size>0x166</size>
         <input_file_ref idref="fl-e4"/>
      </object_component>
      <object_component id="oc-35b">
         <name>.debug_info</name>
         <load_address>0x1808c</load_address>
         <run_address>0x1808c</run_address>
         <size>0x39</size>
         <input_file_ref idref="fl-e4"/>
      </object_component>
      <object_component id="oc-332">
         <name>.debug_info</name>
         <load_address>0x180c5</load_address>
         <run_address>0x180c5</run_address>
         <size>0x2c</size>
         <input_file_ref idref="fl-e4"/>
      </object_component>
      <object_component id="oc-33e">
         <name>.debug_info</name>
         <load_address>0x180f1</load_address>
         <run_address>0x180f1</run_address>
         <size>0x2d5</size>
         <input_file_ref idref="fl-e5"/>
      </object_component>
      <object_component id="oc-2eb">
         <name>.debug_info</name>
         <load_address>0x183c6</load_address>
         <run_address>0x183c6</run_address>
         <size>0x185</size>
         <input_file_ref idref="fl-e5"/>
      </object_component>
      <object_component id="oc-2ff">
         <name>.debug_info</name>
         <load_address>0x1854b</load_address>
         <run_address>0x1854b</run_address>
         <size>0x267</size>
         <input_file_ref idref="fl-e6"/>
      </object_component>
      <object_component id="oc-268">
         <name>.debug_info</name>
         <load_address>0x187b2</load_address>
         <run_address>0x187b2</run_address>
         <size>0x132</size>
         <input_file_ref idref="fl-e6"/>
      </object_component>
      <object_component id="oc-343">
         <name>.debug_info</name>
         <load_address>0x188e4</load_address>
         <run_address>0x188e4</run_address>
         <size>0x46</size>
         <input_file_ref idref="fl-e6"/>
      </object_component>
      <object_component id="oc-2fa">
         <name>.debug_info</name>
         <load_address>0x1892a</load_address>
         <run_address>0x1892a</run_address>
         <size>0x39</size>
         <input_file_ref idref="fl-e6"/>
      </object_component>
      <object_component id="oc-326">
         <name>.debug_info</name>
         <load_address>0x18963</load_address>
         <run_address>0x18963</run_address>
         <size>0x12a</size>
         <input_file_ref idref="fl-e7"/>
      </object_component>
      <object_component id="oc-2be">
         <name>.debug_info</name>
         <load_address>0x18a8d</load_address>
         <run_address>0x18a8d</run_address>
         <size>0x12c</size>
         <input_file_ref idref="fl-e8"/>
      </object_component>
      <object_component id="oc-2b9">
         <name>.debug_info</name>
         <load_address>0x18bb9</load_address>
         <run_address>0x18bb9</run_address>
         <size>0x165</size>
         <input_file_ref idref="fl-e9"/>
      </object_component>
      <object_component id="oc-338">
         <name>.debug_info</name>
         <load_address>0x18d1e</load_address>
         <run_address>0x18d1e</run_address>
         <size>0x139</size>
         <input_file_ref idref="fl-ea"/>
      </object_component>
      <object_component id="oc-320">
         <name>.debug_info</name>
         <load_address>0x18e57</load_address>
         <run_address>0x18e57</run_address>
         <size>0xf0</size>
         <input_file_ref idref="fl-eb"/>
      </object_component>
      <object_component id="oc-38b">
         <name>.debug_info</name>
         <load_address>0x18f47</load_address>
         <run_address>0x18f47</run_address>
         <size>0x98</size>
      </object_component>
      <object_component id="oc-213">
         <name>.debug_line</name>
         <load_address>0x0</load_address>
         <run_address>0x0</run_address>
         <size>0x57</size>
         <input_file_ref idref="fl-2"/>
      </object_component>
      <object_component id="oc-134">
         <name>.debug_line</name>
         <load_address>0x57</load_address>
         <run_address>0x57</run_address>
         <size>0x3e9</size>
         <input_file_ref idref="fl-2"/>
      </object_component>
      <object_component id="oc-23">
         <name>.debug_line</name>
         <load_address>0x440</load_address>
         <run_address>0x440</run_address>
         <size>0x74</size>
         <input_file_ref idref="fl-2"/>
      </object_component>
      <object_component id="oc-1f9">
         <name>.debug_line</name>
         <load_address>0x4b4</load_address>
         <run_address>0x4b4</run_address>
         <size>0x57</size>
         <input_file_ref idref="fl-2"/>
      </object_component>
      <object_component id="oc-153">
         <name>.debug_line</name>
         <load_address>0x50b</load_address>
         <run_address>0x50b</run_address>
         <size>0x71</size>
         <input_file_ref idref="fl-2"/>
      </object_component>
      <object_component id="oc-91">
         <name>.debug_line</name>
         <load_address>0x57c</load_address>
         <run_address>0x57c</run_address>
         <size>0x5f</size>
         <input_file_ref idref="fl-2"/>
      </object_component>
      <object_component id="oc-a2">
         <name>.debug_line</name>
         <load_address>0x5db</load_address>
         <run_address>0x5db</run_address>
         <size>0x20</size>
         <input_file_ref idref="fl-2"/>
      </object_component>
      <object_component id="oc-9d">
         <name>.debug_line</name>
         <load_address>0x5fb</load_address>
         <run_address>0x5fb</run_address>
         <size>0x5a</size>
         <input_file_ref idref="fl-2"/>
      </object_component>
      <object_component id="oc-20f">
         <name>.debug_line</name>
         <load_address>0x655</load_address>
         <run_address>0x655</run_address>
         <size>0x75</size>
         <input_file_ref idref="fl-2"/>
      </object_component>
      <object_component id="oc-14c">
         <name>.debug_line</name>
         <load_address>0x6ca</load_address>
         <run_address>0x6ca</run_address>
         <size>0x72</size>
         <input_file_ref idref="fl-2"/>
      </object_component>
      <object_component id="oc-a7">
         <name>.debug_line</name>
         <load_address>0x73c</load_address>
         <run_address>0x73c</run_address>
         <size>0x5d</size>
         <input_file_ref idref="fl-2"/>
      </object_component>
      <object_component id="oc-197">
         <name>.debug_line</name>
         <load_address>0x799</load_address>
         <run_address>0x799</run_address>
         <size>0x5b</size>
         <input_file_ref idref="fl-2"/>
      </object_component>
      <object_component id="oc-176">
         <name>.debug_line</name>
         <load_address>0x7f4</load_address>
         <run_address>0x7f4</run_address>
         <size>0x5a</size>
         <input_file_ref idref="fl-2"/>
      </object_component>
      <object_component id="oc-29d">
         <name>.debug_line</name>
         <load_address>0x84e</load_address>
         <run_address>0x84e</run_address>
         <size>0x20</size>
         <input_file_ref idref="fl-3"/>
      </object_component>
      <object_component id="oc-d7">
         <name>.debug_line</name>
         <load_address>0x86e</load_address>
         <run_address>0x86e</run_address>
         <size>0x59</size>
         <input_file_ref idref="fl-3"/>
      </object_component>
      <object_component id="oc-158">
         <name>.debug_line</name>
         <load_address>0x8c7</load_address>
         <run_address>0x8c7</run_address>
         <size>0x5c</size>
         <input_file_ref idref="fl-3"/>
      </object_component>
      <object_component id="oc-19c">
         <name>.debug_line</name>
         <load_address>0x923</load_address>
         <run_address>0x923</run_address>
         <size>0x5a</size>
         <input_file_ref idref="fl-3"/>
      </object_component>
      <object_component id="oc-15d">
         <name>.debug_line</name>
         <load_address>0x97d</load_address>
         <run_address>0x97d</run_address>
         <size>0x5a</size>
         <input_file_ref idref="fl-3"/>
      </object_component>
      <object_component id="oc-162">
         <name>.debug_line</name>
         <load_address>0x9d7</load_address>
         <run_address>0x9d7</run_address>
         <size>0x5c</size>
         <input_file_ref idref="fl-3"/>
      </object_component>
      <object_component id="oc-167">
         <name>.debug_line</name>
         <load_address>0xa33</load_address>
         <run_address>0xa33</run_address>
         <size>0x5a</size>
         <input_file_ref idref="fl-3"/>
      </object_component>
      <object_component id="oc-16c">
         <name>.debug_line</name>
         <load_address>0xa8d</load_address>
         <run_address>0xa8d</run_address>
         <size>0x5d</size>
         <input_file_ref idref="fl-3"/>
      </object_component>
      <object_component id="oc-171">
         <name>.debug_line</name>
         <load_address>0xaea</load_address>
         <run_address>0xaea</run_address>
         <size>0x5d</size>
         <input_file_ref idref="fl-3"/>
      </object_component>
      <object_component id="oc-1b6">
         <name>.debug_line</name>
         <load_address>0xb47</load_address>
         <run_address>0xb47</run_address>
         <size>0x56</size>
         <input_file_ref idref="fl-5"/>
      </object_component>
      <object_component id="oc-7d">
         <name>.debug_line</name>
         <load_address>0xb9d</load_address>
         <run_address>0xb9d</run_address>
         <size>0x365</size>
         <input_file_ref idref="fl-5"/>
      </object_component>
      <object_component id="oc-2c">
         <name>.debug_line</name>
         <load_address>0xf02</load_address>
         <run_address>0xf02</run_address>
         <size>0x7c</size>
         <input_file_ref idref="fl-5"/>
      </object_component>
      <object_component id="oc-de">
         <name>.debug_line</name>
         <load_address>0xf7e</load_address>
         <run_address>0xf7e</run_address>
         <size>0x56</size>
         <input_file_ref idref="fl-5"/>
      </object_component>
      <object_component id="oc-28d">
         <name>.debug_line</name>
         <load_address>0xfd4</load_address>
         <run_address>0xfd4</run_address>
         <size>0x20</size>
         <input_file_ref idref="fl-6"/>
      </object_component>
      <object_component id="oc-12e">
         <name>.debug_line</name>
         <load_address>0xff4</load_address>
         <run_address>0xff4</run_address>
         <size>0x7a0</size>
         <input_file_ref idref="fl-6"/>
      </object_component>
      <object_component id="oc-1f3">
         <name>.debug_line</name>
         <load_address>0x1794</load_address>
         <run_address>0x1794</run_address>
         <size>0x58</size>
         <input_file_ref idref="fl-6"/>
      </object_component>
      <object_component id="oc-1a1">
         <name>.debug_line</name>
         <load_address>0x17ec</load_address>
         <run_address>0x17ec</run_address>
         <size>0x5c</size>
         <input_file_ref idref="fl-6"/>
      </object_component>
      <object_component id="oc-1b3">
         <name>.debug_line</name>
         <load_address>0x1848</load_address>
         <run_address>0x1848</run_address>
         <size>0x5d</size>
         <input_file_ref idref="fl-6"/>
      </object_component>
      <object_component id="oc-286">
         <name>.debug_line</name>
         <load_address>0x18a5</load_address>
         <run_address>0x18a5</run_address>
         <size>0x20</size>
         <input_file_ref idref="fl-7"/>
      </object_component>
      <object_component id="oc-128">
         <name>.debug_line</name>
         <load_address>0x18c5</load_address>
         <run_address>0x18c5</run_address>
         <size>0x199</size>
         <input_file_ref idref="fl-7"/>
      </object_component>
      <object_component id="oc-28a">
         <name>.debug_line</name>
         <load_address>0x1a5e</load_address>
         <run_address>0x1a5e</run_address>
         <size>0x56</size>
         <input_file_ref idref="fl-7"/>
      </object_component>
      <object_component id="oc-18e">
         <name>.debug_line</name>
         <load_address>0x1ab4</load_address>
         <run_address>0x1ab4</run_address>
         <size>0x20</size>
         <input_file_ref idref="fl-9"/>
      </object_component>
      <object_component id="oc-71">
         <name>.debug_line</name>
         <load_address>0x1ad4</load_address>
         <run_address>0x1ad4</run_address>
         <size>0x12f</size>
         <input_file_ref idref="fl-9"/>
      </object_component>
      <object_component id="oc-192">
         <name>.debug_line</name>
         <load_address>0x1c03</load_address>
         <run_address>0x1c03</run_address>
         <size>0x5a</size>
         <input_file_ref idref="fl-9"/>
      </object_component>
      <object_component id="oc-cb">
         <name>.debug_line</name>
         <load_address>0x1c5d</load_address>
         <run_address>0x1c5d</run_address>
         <size>0x5a</size>
         <input_file_ref idref="fl-9"/>
      </object_component>
      <object_component id="oc-1a6">
         <name>.debug_line</name>
         <load_address>0x1cb7</load_address>
         <run_address>0x1cb7</run_address>
         <size>0x5a</size>
         <input_file_ref idref="fl-9"/>
      </object_component>
      <object_component id="oc-23b">
         <name>.debug_line</name>
         <load_address>0x1d11</load_address>
         <run_address>0x1d11</run_address>
         <size>0x56</size>
         <input_file_ref idref="fl-9"/>
      </object_component>
      <object_component id="oc-d1">
         <name>.debug_line</name>
         <load_address>0x1d67</load_address>
         <run_address>0x1d67</run_address>
         <size>0xdc</size>
         <input_file_ref idref="fl-a"/>
      </object_component>
      <object_component id="oc-232">
         <name>.debug_line</name>
         <load_address>0x1e43</load_address>
         <run_address>0x1e43</run_address>
         <size>0x6b</size>
         <input_file_ref idref="fl-b"/>
      </object_component>
      <object_component id="oc-230">
         <name>.debug_line</name>
         <load_address>0x1eae</load_address>
         <run_address>0x1eae</run_address>
         <size>0x36</size>
         <input_file_ref idref="fl-b"/>
      </object_component>
      <object_component id="oc-116">
         <name>.debug_line</name>
         <load_address>0x1ee4</load_address>
         <run_address>0x1ee4</run_address>
         <size>0x2c0</size>
         <input_file_ref idref="fl-b"/>
      </object_component>
      <object_component id="oc-236">
         <name>.debug_line</name>
         <load_address>0x21a4</load_address>
         <run_address>0x21a4</run_address>
         <size>0x36</size>
         <input_file_ref idref="fl-b"/>
      </object_component>
      <object_component id="oc-6c">
         <name>.debug_line</name>
         <load_address>0x21da</load_address>
         <run_address>0x21da</run_address>
         <size>0x2f2</size>
         <input_file_ref idref="fl-c"/>
      </object_component>
      <object_component id="oc-32">
         <name>.debug_line</name>
         <load_address>0x24cc</load_address>
         <run_address>0x24cc</run_address>
         <size>0x52</size>
         <input_file_ref idref="fl-e"/>
      </object_component>
      <object_component id="oc-1fc">
         <name>.debug_line</name>
         <load_address>0x251e</load_address>
         <run_address>0x251e</run_address>
         <size>0x1ea</size>
         <input_file_ref idref="fl-f"/>
      </object_component>
      <object_component id="oc-89">
         <name>.debug_line</name>
         <load_address>0x2708</load_address>
         <run_address>0x2708</run_address>
         <size>0x105</size>
         <input_file_ref idref="fl-f"/>
      </object_component>
      <object_component id="oc-200">
         <name>.debug_line</name>
         <load_address>0x280d</load_address>
         <run_address>0x280d</run_address>
         <size>0x6c</size>
         <input_file_ref idref="fl-f"/>
      </object_component>
      <object_component id="oc-1e8">
         <name>.debug_line</name>
         <load_address>0x2879</load_address>
         <run_address>0x2879</run_address>
         <size>0x6d</size>
         <input_file_ref idref="fl-f"/>
      </object_component>
      <object_component id="oc-83">
         <name>.debug_line</name>
         <load_address>0x28e6</load_address>
         <run_address>0x28e6</run_address>
         <size>0x1f3</size>
         <input_file_ref idref="fl-10"/>
      </object_component>
      <object_component id="oc-29f">
         <name>.debug_line</name>
         <load_address>0x2ad9</load_address>
         <run_address>0x2ad9</run_address>
         <size>0x20</size>
         <input_file_ref idref="fl-11"/>
      </object_component>
      <object_component id="oc-1ae">
         <name>.debug_line</name>
         <load_address>0x2af9</load_address>
         <run_address>0x2af9</run_address>
         <size>0x5a</size>
         <input_file_ref idref="fl-11"/>
      </object_component>
      <object_component id="oc-37">
         <name>.debug_line</name>
         <load_address>0x2b53</load_address>
         <run_address>0x2b53</run_address>
         <size>0x4e</size>
         <input_file_ref idref="fl-12"/>
      </object_component>
      <object_component id="oc-1d">
         <name>.debug_line</name>
         <load_address>0x2ba1</load_address>
         <run_address>0x2ba1</run_address>
         <size>0x7b</size>
         <input_file_ref idref="fl-15"/>
      </object_component>
      <object_component id="oc-14f">
         <name>.debug_line</name>
         <load_address>0x2c1c</load_address>
         <run_address>0x2c1c</run_address>
         <size>0x90</size>
         <input_file_ref idref="fl-16"/>
      </object_component>
      <object_component id="oc-94">
         <name>.debug_line</name>
         <load_address>0x2cac</load_address>
         <run_address>0x2cac</run_address>
         <size>0x3a</size>
         <input_file_ref idref="fl-16"/>
      </object_component>
      <object_component id="oc-3e">
         <name>.debug_line</name>
         <load_address>0x2ce6</load_address>
         <run_address>0x2ce6</run_address>
         <size>0x1b2</size>
         <input_file_ref idref="fl-16"/>
      </object_component>
      <object_component id="oc-43">
         <name>.debug_line</name>
         <load_address>0x2e98</load_address>
         <run_address>0x2e98</run_address>
         <size>0xbc</size>
         <input_file_ref idref="fl-16"/>
      </object_component>
      <object_component id="oc-17b">
         <name>.debug_line</name>
         <load_address>0x2f54</load_address>
         <run_address>0x2f54</run_address>
         <size>0x3a</size>
         <input_file_ref idref="fl-16"/>
      </object_component>
      <object_component id="oc-1aa">
         <name>.debug_line</name>
         <load_address>0x2f8e</load_address>
         <run_address>0x2f8e</run_address>
         <size>0x94</size>
         <input_file_ref idref="fl-17"/>
      </object_component>
      <object_component id="oc-77">
         <name>.debug_line</name>
         <load_address>0x3022</load_address>
         <run_address>0x3022</run_address>
         <size>0x21e</size>
         <input_file_ref idref="fl-17"/>
      </object_component>
      <object_component id="oc-2b2">
         <name>.debug_line</name>
         <load_address>0x3240</load_address>
         <run_address>0x3240</run_address>
         <size>0x20</size>
         <input_file_ref idref="fl-d1"/>
      </object_component>
      <object_component id="oc-1ca">
         <name>.debug_line</name>
         <load_address>0x3260</load_address>
[...]
      </symbol>
      <symbol id="sm-417">
         <name>sciReceiveByte</name>
         <value>0x5a0c</value>
         <object_component_ref idref="oc-112"/>
      </symbol>
      <symbol id="sm-418">
         <name>sciSendByte</name>
         <value>0x5810</value>
         <object_component_ref idref="oc-112"/>
      </symbol>
      <symbol id="sm-419">
         <name>sciEnableLoopback</name>
         <value>0x5b48</value>
         <object_component_ref idref="oc-112"/>
      </symbol>
      <symbol id="sm-41a">
         <name>sciIsIdleDetected</name>
         <value>0x59c0</value>
         <object_component_ref idref="oc-112"/>
      </symbol>
      <symbol id="sm-41b">
         <name>sciEnterResetState</name>
         <value>0x5cc8</value>
         <object_component_ref idref="oc-112"/>
      </symbol>
      <symbol id="sm-447">
         <name>_iCacheInvalidate_</name>
         <value>0x7314</value>
         <object_component_ref idref="oc-68"/>
      </symbol>
      <symbol id="sm-448">
         <name>_disable_IRQ_interrupt_</name>
         <value>0x71a4</value>
         <object_component_ref idref="oc-68"/>
      </symbol>
      <symbol id="sm-449">
         <name>_coreGetInstructionFaultAddress_</name>
         <value>0x7168</value>
         <object_component_ref idref="oc-68"/>
      </symbol>
      <symbol id="sm-44a">
         <name>_coreGetDataFault_</name>
         <value>0x712c</value>
         <object_component_ref idref="oc-68"/>
      </symbol>
      <symbol id="sm-44b">
         <name>_coreDisableEventBusExport_</name>
         <value>0x710c</value>
         <object_component_ref idref="oc-68"/>
      </symbol>
      <symbol id="sm-44c">
         <name>_coreClearDataFaultAddress_</name>
         <value>0x715c</value>
         <object_component_ref idref="oc-68"/>
      </symbol>
      <symbol id="sm-44d">
         <name>__TI_PINIT_Base</name>
         <value>0x7328</value>
         <object_component_ref idref="oc-68"/>
      </symbol>
      <symbol id="sm-44e">
         <name>_coreInitRegisters_</name>
         <value>0x6f6c</value>
         <object_component_ref idref="oc-68"/>
      </symbol>
      <symbol id="sm-44f">
         <name>_coreClearInstructionFaultAddress_</name>
         <value>0x7170</value>
         <object_component_ref idref="oc-68"/>
      </symbol>
      <symbol id="sm-450">
         <name>_coreClearDataFault_</name>
         <value>0x7134</value>
         <object_component_ref idref="oc-68"/>
      </symbol>
      <symbol id="sm-451">
         <name>_coreGetAuxiliaryDataFault_</name>
         <value>0x717c</value>
         <object_component_ref idref="oc-68"/>
      </symbol>
      <symbol id="sm-452">
         <name>_enable_interrupt_</name>
         <value>0x71b4</value>
         <object_component_ref idref="oc-68"/>
      </symbol>
      <symbol id="sm-453">
         <name>_coreClearAuxiliaryInstructionFault_</name>
         <value>0x7198</value>
         <object_component_ref idref="oc-68"/>
      </symbol>
      <symbol id="sm-454">
         <name>_memInit_</name>
         <value>0x7244</value>
         <object_component_ref idref="oc-68"/>
      </symbol>
      <symbol id="sm-455">
         <name>_dCacheInvalidate_</name>
         <value>0x7300</value>
         <object_component_ref idref="oc-68"/>
      </symbol>
      <symbol id="sm-456">
         <name>_coreGetDataFaultAddress_</name>
         <value>0x7154</value>
         <object_component_ref idref="oc-68"/>
      </symbol>
      <symbol id="sm-457">
         <name>_coreClearInstructionFault_</name>
         <value>0x7148</value>
         <object_component_ref idref="oc-68"/>
      </symbol>
      <symbol id="sm-458">
         <name>_getCPSRValue_</name>
         <value>0x70c4</value>
         <object_component_ref idref="oc-68"/>
      </symbol>
      <symbol id="sm-459">
         <name>_cacheDisable_</name>
         <value>0x72dc</value>
         <object_component_ref idref="oc-68"/>
      </symbol>
      <symbol id="sm-45a">
         <name>_enable_IRQ_interrupt_</name>
         <value>0x71ac</value>
         <object_component_ref idref="oc-68"/>
      </symbol>
      <symbol id="sm-45b">
         <name>__TI_PINIT_Limit</name>
         <value>0x732c</value>
         <object_component_ref idref="oc-68"/>
      </symbol>
      <symbol id="sm-45c">
         <name>_coreGetAuxiliaryInstructionFault_</name>
         <value>0x7190</value>
         <object_component_ref idref="oc-68"/>
      </symbol>
      <symbol id="sm-45d">
         <name>_coreInitStackPointer_</name>
         <value>0x7078</value>
         <object_component_ref idref="oc-68"/>
      </symbol>
      <symbol id="sm-45e">
         <name>_esmCcmErrorsClear_</name>
         <value>0x71bc</value>
         <object_component_ref idref="oc-68"/>
      </symbol>
      <symbol id="sm-45f">
         <name>_gotoCPUIdle_</name>
         <value>0x70cc</value>
         <object_component_ref idref="oc-68"/>
      </symbol>
      <symbol id="sm-460">
         <name>_coreEnableIrqVicOffset_</name>
         <value>0x711c</value>
         <object_component_ref idref="oc-68"/>
      </symbol>
      <symbol id="sm-461">
         <name>_coreGetInstructionFault_</name>
         <value>0x7140</value>
         <object_component_ref idref="oc-68"/>
      </symbol>
      <symbol id="sm-462">
         <name>_cacheEnable_</name>
         <value>0x7298</value>
         <object_component_ref idref="oc-68"/>
      </symbol>
      <symbol id="sm-463">
         <name>_coreEnableVfp_</name>
         <value>0x70e4</value>
         <object_component_ref idref="oc-68"/>
      </symbol>
      <symbol id="sm-464">
         <name>_coreClearAuxiliaryDataFault_</name>
         <value>0x7184</value>
         <object_component_ref idref="oc-68"/>
      </symbol>
      <symbol id="sm-465">
         <name>_coreEnableEventBusExport_</name>
         <value>0x70fc</value>
         <object_component_ref idref="oc-68"/>
      </symbol>
      <symbol id="sm-466">
         <name>_checkMemInitOn_</name>
         <value>0x7278</value>
         <object_component_ref idref="oc-68"/>
      </symbol>
      <symbol id="sm-474">
         <name>resetEntry</name>
         <value>0x0</value>
         <object_component_ref idref="oc-2e"/>
      </symbol>
      <symbol id="sm-4ac">
         <name>buf</name>
         <value>0x8001500</value>
      </symbol>
      <symbol id="sm-4ad">
         <name>buf_len</name>
         <value>0x80015d8</value>
      </symbol>
      <symbol id="sm-4ae">
         <name>aileron1</name>
         <value>0x80015d0</value>
      </symbol>
      <symbol id="sm-4af">
         <name>aileron2</name>
         <value>0x80015d4</value>
      </symbol>
      <symbol id="sm-4b0">
         <name>ecapNotification</name>
         <value>0x6770</value>
         <object_component_ref idref="oc-85"/>
      </symbol>
      <symbol id="sm-4b1">
         <name>main</name>
         <value>0x6648</value>
         <object_component_ref idref="oc-85"/>
      </symbol>
      <symbol id="sm-4b2">
         <name>sci_display</name>
         <value>0x6990</value>
         <object_component_ref idref="oc-85"/>
      </symbol>
      <symbol id="sm-4b3">
         <name>wait</name>
         <value>0x69f0</value>
         <object_component_ref idref="oc-85"/>
      </symbol>
      <symbol id="sm-4ce">
         <name>_mpuSetRegionBaseAddress_</name>
         <value>0x7660</value>
         <object_component_ref idref="oc-7f"/>
      </symbol>
      <symbol id="sm-4cf">
         <name>_mpuInit_</name>
         <value>0x7330</value>
         <object_component_ref idref="oc-7f"/>
      </symbol>
      <symbol id="sm-4d0">
         <name>_mpuSetRegionSizeRegister_</name>
         <value>0x7694</value>
         <object_component_ref idref="oc-7f"/>
      </symbol>
      <symbol id="sm-4d1">
         <name>_mpuDisableBackgroundRegion_</name>
         <value>0x7628</value>
         <object_component_ref idref="oc-7f"/>
      </symbol>
      <symbol id="sm-4d2">
         <name>_mpuSetRegionTypeAndPermission_</name>
         <value>0x7670</value>
         <object_component_ref idref="oc-7f"/>
      </symbol>
      <symbol id="sm-4d3">
         <name>_mpuGetRegionPermission_</name>
         <value>0x7688</value>
         <object_component_ref idref="oc-7f"/>
      </symbol>
      <symbol id="sm-4d4">
         <name>_mpuEnable_</name>
         <value>0x75e8</value>
         <object_component_ref idref="oc-7f"/>
      </symbol>
      <symbol id="sm-4d5">
         <name>_mpuGetNumberOfRegions_</name>
         <value>0x7638</value>
         <object_component_ref idref="oc-7f"/>
      </symbol>
      <symbol id="sm-4d6">
         <name>_mpuAreRegionsSeparate_</name>
         <value>0x7644</value>
         <object_component_ref idref="oc-7f"/>
      </symbol>
      <symbol id="sm-4d7">
         <name>_mpuEnableBackgroundRegion_</name>
         <value>0x7618</value>
         <object_component_ref idref="oc-7f"/>
      </symbol>
      <symbol id="sm-4d8">
         <name>_mpuGetRegionType_</name>
         <value>0x767c</value>
         <object_component_ref idref="oc-7f"/>
      </symbol>
      <symbol id="sm-4d9">
         <name>_mpuDisable_</name>
         <value>0x7600</value>
         <object_component_ref idref="oc-7f"/>
      </symbol>
      <symbol id="sm-4da">
         <name>_mpuGetRegionBaseAddress_</name>
         <value>0x7668</value>
         <object_component_ref idref="oc-7f"/>
      </symbol>
      <symbol id="sm-4db">
         <name>_mpuSetRegion_</name>
         <value>0x7650</value>
         <object_component_ref idref="oc-7f"/>
      </symbol>
      <symbol id="sm-4dc">
         <name>_mpuGetRegion_</name>
         <value>0x7658</value>
         <object_component_ref idref="oc-7f"/>
      </symbol>
      <symbol id="sm-4ef">
         <name>phantomInterrupt</name>
         <value>0x94fc</value>
         <object_component_ref idref="oc-33"/>
      </symbol>
      <symbol id="sm-503">
         <name>_c_int00</name>
         <value>0x8d58</value>
         <object_component_ref idref="oc-19"/>
      </symbol>
      <symbol id="sm-5a6">
         <name>vimChannelMap</name>
         <value>0x453c</value>
         <object_component_ref idref="oc-3a"/>
      </symbol>
      <symbol id="sm-5a7">
         <name>vimInit</name>
         <value>0x4468</value>
         <object_component_ref idref="oc-3a"/>
      </symbol>
      <symbol id="sm-5a8">
         <name>vimEnableInterrupt</name>
         <value>0x45e0</value>
         <object_component_ref idref="oc-3a"/>
      </symbol>
      <symbol id="sm-5a9">
         <name>vimDisableInterrupt</name>
         <value>0x47a8</value>
         <object_component_ref idref="oc-3a"/>
      </symbol>
      <symbol id="sm-5aa">
         <name>vimGetConfigValue</name>
         <value>0x4854</value>
         <object_component_ref idref="oc-3a"/>
      </symbol>
      <symbol id="sm-5ab">
         <name>vimECCErrorHandler</name>
         <value>0x769c</value>
         <object_component_ref idref="oc-39"/>
      </symbol>
      <symbol id="sm-5f9">
         <name>systemGetConfigValue</name>
         <value>0x3fa0</value>
         <object_component_ref idref="oc-73"/>
      </symbol>
      <symbol id="sm-5fa">
         <name>trimLPO</name>
         <value>0x3b6c</value>
         <object_component_ref idref="oc-73"/>
      </symbol>
      <symbol id="sm-5fb">
         <name>systemInit</name>
         <value>0x3dd4</value>
         <object_component_ref idref="oc-73"/>
      </symbol>
      <symbol id="sm-5fc">
         <name>periphInit</name>
         <value>0x3bf4</value>
         <object_component_ref idref="oc-73"/>
      </symbol>
      <symbol id="sm-5fd">
         <name>setupFlash</name>
         <value>0x3bb4</value>
         <object_component_ref idref="oc-73"/>
      </symbol>
      <symbol id="sm-5fe">
         <name>setupPLL</name>
         <value>0x3b0c</value>
         <object_component_ref idref="oc-73"/>
      </symbol>
      <symbol id="sm-5ff">
         <name>getResetSource</name>
         <value>0x3e78</value>
         <object_component_ref idref="oc-73"/>
      </symbol>
      <symbol id="sm-600">
         <name>mapClocks</name>
         <value>0x3ca8</value>
         <object_component_ref idref="oc-73"/>
      </symbol>
      <symbol id="sm-601">
         <name>systemPowerDown</name>
         <value>0x3e48</value>
         <object_component_ref idref="oc-73"/>
      </symbol>
      <symbol id="sm-62a">
         <name>floorl</name>
         <value>0x874c</value>
         <object_component_ref idref="oc-1c6"/>
      </symbol>
      <symbol id="sm-62b">
         <name>floor</name>
         <value>0x874c</value>
         <object_component_ref idref="oc-1c6"/>
      </symbol>
      <symbol id="sm-653">
         <name>__TI_auto_init_nobinit_nopinit</name>
         <value>0x91e8</value>
         <object_component_ref idref="oc-e2"/>
      </symbol>
      <symbol id="sm-66c">
         <name>__TI_zero_init_nomemset</name>
         <value>0x9464</value>
         <object_component_ref idref="oc-5c"/>
      </symbol>
      <symbol id="sm-683">
         <name>__TI_decompress_none</name>
         <value>0x94d4</value>
         <object_component_ref idref="oc-12"/>
      </symbol>
      <symbol id="sm-6a6">
         <name>__TI_decompress_lzss</name>
         <value>0x8f54</value>
         <object_component_ref idref="oc-c"/>
      </symbol>
      <symbol id="sm-6b1">
         <name>C$$EXIT</name>
         <value>0x94f4</value>
         <object_component_ref idref="oc-13d"/>
      </symbol>
      <symbol id="sm-6b2">
         <name>abort</name>
         <value>0x94f4</value>
         <object_component_ref idref="oc-13d"/>
      </symbol>
      <symbol id="sm-6da">
         <name>sprintf</name>
         <value>0x92b4</value>
         <object_component_ref idref="oc-118"/>
      </symbol>
      <symbol id="sm-6e8">
         <name>strlen</name>
         <value>0x9484</value>
         <object_component_ref idref="oc-11e"/>
      </symbol>
      <symbol id="sm-701">
         <name>memcpy</name>
         <value>0x81b4</value>
         <object_component_ref idref="oc-50"/>
      </symbol>
      <symbol id="sm-702">
         <name>__aeabi_memcpy</name>
         <value>0x81b4</value>
         <object_component_ref idref="oc-50"/>
      </symbol>
      <symbol id="sm-703">
         <name>__aeabi_memcpy8</name>
         <value>0x81b4</value>
         <object_component_ref idref="oc-50"/>
      </symbol>
      <symbol id="sm-704">
         <name>__aeabi_memcpy4</name>
         <value>0x81b4</value>
         <object_component_ref idref="oc-50"/>
      </symbol>
      <symbol id="sm-713">
         <name>__aeabi_memset</name>
         <value>0x8e10</value>
         <object_component_ref idref="oc-bf"/>
      </symbol>
      <symbol id="sm-714">
         <name>memset</name>
         <value>0x8e1c</value>
         <object_component_ref idref="oc-bf"/>
      </symbol>
      <symbol id="sm-715">
         <name>__aeabi_memset8</name>
         <value>0x8e10</value>
         <object_component_ref idref="oc-bf"/>
      </symbol>
      <symbol id="sm-716">
         <name>__aeabi_memset4</name>
         <value>0x8e10</value>
         <object_component_ref idref="oc-bf"/>
      </symbol>
      <symbol id="sm-717">
         <name>__aeabi_memclr8</name>
         <value>0x8e0c</value>
         <object_component_ref idref="oc-bf"/>
      </symbol>
      <symbol id="sm-718">
         <name>__aeabi_memclr4</name>
         <value>0x8e0c</value>
         <object_component_ref idref="oc-bf"/>
      </symbol>
      <symbol id="sm-719">
         <name>__aeabi_memclr</name>
         <value>0x8e0c</value>
         <object_component_ref idref="oc-bf"/>
      </symbol>
      <symbol id="sm-85e">
         <name>__TI_printfi</name>
         <value>0x2194</value>
         <object_component_ref idref="oc-1d1"/>
      </symbol>
      <symbol id="sm-871">
         <name>atoi</name>
         <value>0x9070</value>
         <object_component_ref idref="oc-23d"/>
      </symbol>
      <symbol id="sm-87c">
         <name>_ctypes_</name>
         <value>0x9720</value>
         <object_component_ref idref="oc-2b3"/>
      </symbol>
      <symbol id="sm-88a">
         <name>ltoa</name>
         <value>0x90f4</value>
         <object_component_ref idref="oc-2c3"/>
      </symbol>
      <symbol id="sm-899">
         <name>memccpy</name>
         <value>0x93ec</value>
         <object_component_ref idref="oc-261"/>
      </symbol>
      <symbol id="sm-8a7">
         <name>strchr</name>
         <value>0x9418</value>
         <object_component_ref idref="oc-2f0"/>
      </symbol>
      <symbol id="sm-8bd">
         <name>__aeabi_errno_addr</name>
         <value>0x94e8</value>
         <object_component_ref idref="oc-26d"/>
      </symbol>
      <symbol id="sm-8be">
         <name>errno</name>
         <value>0x80015dc</value>
         <object_component_ref idref="oc-300"/>
      </symbol>
      <symbol id="sm-8db">
         <name>frexpl</name>
         <value>0x8fe4</value>
         <object_component_ref idref="oc-2e4"/>
      </symbol>
      <symbol id="sm-8dc">
         <name>frexp</name>
         <value>0x8fe4</value>
         <object_component_ref idref="oc-2e4"/>
      </symbol>
      <symbol id="sm-8f6">
         <name>scalbn</name>
         <value>0x8888</value>
         <object_component_ref idref="oc-2ea"/>
      </symbol>
      <symbol id="sm-8f7">
         <name>scalbnl</name>
         <value>0x8888</value>
         <object_component_ref idref="oc-2ea"/>
      </symbol>
      <symbol id="sm-8f8">
         <name>ldexpl</name>
         <value>0x8888</value>
         <object_component_ref idref="oc-2ea"/>
      </symbol>
      <symbol id="sm-8f9">
         <name>ldexp</name>
         <value>0x8888</value>
         <object_component_ref idref="oc-2ea"/>
      </symbol>
      <symbol id="sm-911">
         <name>wcslen</name>
         <value>0x9440</value>
         <object_component_ref idref="oc-267"/>
      </symbol>
      <symbol id="sm-91d">
         <name>__aeabi_idivmod</name>
         <value>0x9318</value>
         <object_component_ref idref="oc-325"/>
      </symbol>
      <symbol id="sm-91e">
         <name>__aeabi_idiv</name>
         <value>0x9318</value>
         <object_component_ref idref="oc-325"/>
      </symbol>
      <symbol id="sm-92a">
         <name>__aeabi_uidivmod</name>
         <value>0x936c</value>
         <object_component_ref idref="oc-2bd"/>
      </symbol>
      <symbol id="sm-92b">
         <name>__aeabi_uidiv</name>
         <value>0x936c</value>
         <object_component_ref idref="oc-2bd"/>
      </symbol>
      <symbol id="sm-947">
         <name>__aeabi_uldivmod</name>
         <value>0x7cb4</value>
         <object_component_ref idref="oc-2b8"/>
      </symbol>
      <symbol id="sm-951">
         <name>copysign</name>
         <value>0x94a4</value>
         <object_component_ref idref="oc-337"/>
      </symbol>
      <symbol id="sm-952">
         <name>copysignl</name>
         <value>0x94a4</value>
         <object_component_ref idref="oc-337"/>
      </symbol>
      <symbol id="sm-95c">
         <name>__aeabi_idiv0</name>
         <value>0x9500</value>
         <object_component_ref idref="oc-31f"/>
      </symbol>
      <symbol id="sm-95d">
         <name>__aeabi_ldiv0</name>
         <value>0x9500</value>
         <object_component_ref idref="oc-31f"/>
      </symbol>
      <symbol id="sm-95e">
         <name>__TI_static_base__</name>
         <value>0x0</value>
      </symbol>
      <symbol id="sm-961">
         <name>SHT$$INIT_ARRAY$$Base</name>
         <value>0x0</value>
      </symbol>
      <symbol id="sm-962">
         <name>SHT$$INIT_ARRAY$$Limit</name>
         <value>0x0</value>
      </symbol>
      <symbol id="sm-963">
         <name>_system_post_cinit</name>
         <value>0x0</value>
      </symbol>
   </symbol_table>
   <title>Link successful</title>
</link_info>
