******************************************************************************
                  TI ARM Linker Unix v18.1.3                   
******************************************************************************
>> Linked Fri Jan 25 05:17:28 2019

OUTPUT FILE NAME:   <LAUNCHPAD_ANAL_DISTANCE.out>
ENTRY POINT SYMBOL: "_c_int00"  address: 00007088


MEMORY CONFIGURATION

         name            origin    length      used     unused   attr    fill
----------------------  --------  ---------  --------  --------  ----  --------
  VECTORS               00000000   00000020  00000020  00000000     X
  FLASH0                00000020   001fffe0  00008840  001f77a0  R  X
  FLASH1                00200000   00200000  00000000  00200000  R  X
  STACKS                08000000   00001500  00000000  00001500  RW  
  RAM                   08001500   0007eb00  00000c0c  0007def4  RW  


SEGMENT ALLOCATION MAP

run origin  load origin   length   init length attrs members
----------  ----------- ---------- ----------- ----- -------
00000000    00000000    00008494   00008494    r-x
  00000000    00000000    00000020   00000020    r-x .intvecs
  00000020    00000020    00008474   00008474    r-x .text
000084a0    000084a0    00000334   00000334    r--
  000084a0    000084a0    00000334   00000334    r-- .const
000087e0    000087e0    00000098   00000098    r--
  000087e0    000087e0    00000098   00000098    r-- .cinit
08001500    08001500    00000c0c   00000000    rw-
  08001500    08001500    00000800   00000000    rw- .sysmem
  08001d00    08001d00    00000220   00000000    rw- .bss
  08001f20    08001f20    000001ec   00000000    rw- .data


SECTION ALLOCATION MAP

 output                                  attributes/
section   page    origin      length       input sections
--------  ----  ----------  ----------   ----------------
.intvecs   0    00000000    00000020     
                  00000000    00000020     HL_sys_intvecs.obj (.intvecs)

.text      0    00000020    00008474     
                  00000020    00000f9c     rtsv7R4_A_be_v3D16_eabi.lib : _printfi.c.obj (.text:__TI_printfi)
                  00000fbc    00000aec     HL_adc.obj (.text)
                  00001aa8    000009c0     HL_pinmux.obj (.text)
                  00002468    0000095c     HL_system.obj (.text)
                  00002dc4    00000938     HL_sys_vim.obj (.text)
                  000036fc    00000870     HL_sci.obj (.text)
                  00003f6c    0000078c     HL_esm.obj (.text)
                  000046f8    00000484     HL_gio.obj (.text)
                  00004b7c    000003c4     HL_sys_core.obj (.text)
                  00004f40    0000036c     HL_sys_mpu.obj (.text)
                  000052ac    0000033c     HL_sys_vim.obj (.text:retain)
                  000055e8    000002dc     rtsv7R4_A_be_v3D16_eabi.lib : _printfi.c.obj (.text:_pconv_a)
                  000058c4    000002b8                                 : ull_div32.asm.obj (.text)
                  00005b7c    00000248                                 : _printfi.c.obj (.text:_pconv_g)
                  00005dc4    00000200     HL_sys_main.obj (.text)
                  00005fc4    000001a4     rtsv7R4_A_be_v3D16_eabi.lib : fputs.c.obj (.text:fputs)
                  00006168    00000180                                 : memcpy32.asm.obj (.text)
                  000062e8    00000178     HL_esm.obj (.text:retain)
                  00006460    0000016c     rtsv7R4_A_be_v3D16_eabi.lib : memory.c.obj (.text:free)
                  000065cc    0000015c                                 : _printfi.c.obj (.text:_pconv_e)
                  00006728    00000158                                 : setvbuf.c.obj (.text:setvbuf)
                  00006880    00000144                                 : _printfi.c.obj (.text:fcvt)
                  000069c4    0000013c                                 : s_floor.c.obj (.text:floor)
                  00006b00    00000120                                 : s_scalbn.c.obj (.text:scalbn)
                  00006c20    00000115                                 : _printfi.c.obj (.text:_ltostr)
                  00006d35    00000003     --HOLE-- [fill = 0]
                  00006d38    00000100                                 : fputc.c.obj (.text:fputc)
                  00006e38    000000d0                                 : memory.c.obj (.text:malloc)
                  00006f08    000000c8                                 : _printfi.c.obj (.text:_mcpy)
                  00006fd0    000000b8                                 : fclose.c.obj (.text:__TI_closefile)
                  00007088    000000b4     HL_sys_startup.obj (.text:retain)
                  0000713c    000000b0     rtsv7R4_A_be_v3D16_eabi.lib : memset32.asm.obj (.text)
                  000071ec    000000ac                                 : hostlseek.c.obj (.text:HOSTlseek)
                  00007298    000000a8                                 : fseek.c.obj (.text:fseek)
                  00007340    000000a4                                 : hostrename.c.obj (.text:HOSTrename)
                  000073e4    000000a0                                 : _io_perm.c.obj (.text:__TI_wrt_ok)
                  00007484    0000009c     HL_notification.obj (.text)
                  00007520    0000009c     rtsv7R4_A_be_v3D16_eabi.lib : printf.c.obj (.text:printf)
                  000075bc    00000098                                 : hostopen.c.obj (.text:HOSTopen)
                  00007654    00000098                                 : _printfi.c.obj (.text:_ecpy)
                  000076ec    00000098                                 : close.c.obj (.text:close)
                  00007784    00000090                                 : hostread.c.obj (.text:HOSTread)
                  00007814    00000090                                 : hostwrite.c.obj (.text:HOSTwrite)
                  000078a4    00000090                                 : copy_decompress_lzss.c.obj (.text:decompress:lzss:__TI_decompress_lzss)
                  00007934    0000008c                                 : s_frexp.c.obj (.text:frexp)
                  000079c0    00000084                                 : fflush.c.obj (.text:__TI_doflush)
                  00007a44    00000084                                 : atoi.c.obj (.text:atoi)
                  00007ac8    00000080                                 : ltoa.c.obj (.text:ltoa)
                  00007b48    0000007c                                 : exit.c.obj (.text:exit)
                  00007bc4    00000074                                 : hostclose.c.obj (.text:HOSTclose)
                  00007c38    00000074                                 : _printfi.c.obj (.text:_pconv_f)
                  00007cac    00000070                                 : hostunlink.c.obj (.text:HOSTunlink)
                  00007d1c    0000006c                                 : getdevice.c.obj (.text:getdevice)
                  00007d88    0000006c                                 : memory.c.obj (.text:minsert)
                  00007df4    00000068                                 : autoinit.c.obj (.text:__TI_auto_init_nobinit_nopinit:__TI_auto_init_nobinit_nopinit)
                  00007e5c    00000064                                 : _printfi.c.obj (.text:_fcpy)
                  00007ec0    00000064                                 : sprintf.c.obj (.text:sprintf)
                  00007f24    0000005c                                 : memory.c.obj (.text:minit)
                  00007f80    00000054                                 : fopen.c.obj (.text:__TI_cleanup)
                  00007fd4    00000054                                 : trgmsg.c.obj (.text:__TI_readmsg)
                  00008028    00000054                                 : trgmsg.c.obj (.text:__TI_writemsg)
                  0000807c    00000054                                 : getdevice.c.obj (.text:finddevice)
                  000080d0    00000054                                 : i_div32.asm.obj (.text)
                  00008124    00000050                                 : u_div32.asm.obj (.text)
                  00008174    00000048                                 : memory.c.obj (.text:mremove)
                  000081bc    00000048                                 : strncpy.c.obj (.text:strncpy)
                  00008204    00000048                                 : unlink.c.obj (.text:unlink)
                  0000824c    00000044                                 : lseek.c.obj (.text:lseek)
                  00008290    00000044                                 : write.c.obj (.text:write)
                  000082d4    00000030                                 : sprintf.c.obj (.text:_outs)
                  00008304    0000002c                                 : memccpy.c.obj (.text:memccpy)
                  00008330    0000002c                                 : memchr.c.obj (.text:memchr)
                  0000835c    00000028                                 : strchr.c.obj (.text:strchr)
                  00008384    00000028                                 : strcmp.c.obj (.text:strcmp)
                  000083ac    00000024                                 : wcslen.c.obj (.text:wcslen)
                  000083d0    00000020                                 : copy_zero_init.c.obj (.text:decompress:ZI:__TI_zero_init_nomemset:__TI_zero_init_nomemset)
                  000083f0    00000020                                 : strlen.c.obj (.text:strlen)
                  00008410    0000001c                                 : s_copysign.c.obj (.text:copysign)
                  0000842c    00000018                                 : strcpy.c.obj (.text:strcpy)
                  00008444    00000014                                 : sprintf.c.obj (.text:_outc)
                  00008458    00000014                                 : copy_decompress_none.c.obj (.text:decompress:none:__TI_decompress_none)
                  0000846c    0000000c                                 : errno.c.obj (.text:__aeabi_errno_addr)
                  00008478    00000008                                 : exit.c.obj (.text:abort:abort)
                  00008480    00000004                                 : _lock.c.obj (.text:_nop)
                  00008484    00000004                                 : printf.c.obj (.text:_outc)
                  00008488    00000004                                 : printf.c.obj (.text:_outs)
                  0000848c    00000004     HL_sys_phantom.obj (.text:retain)
                  00008490    00000004     rtsv7R4_A_be_v3D16_eabi.lib : div0.asm.obj (.text)

.const     0    000084a0    00000334     
                  000084a0    00000200     HL_sys_vim.obj (.const:s_vim_init)
                  000086a0    00000101     rtsv7R4_A_be_v3D16_eabi.lib : ctype.c.obj (.const:.string:_ctypes_)
                  000087a1    00000003     --HOLE-- [fill = 0]
                  000087a4    00000018     HL_adc.obj (.const:s_adcFiFoSize)
                  000087bc    00000018     HL_adc.obj (.const:s_adcSelect)

.cinit     0    000087e0    00000098     
                  000087e0    0000006f     (.cinit..data.load) [load image, compression = lzss]
                  0000884f    00000001     --HOLE-- [fill = 0]
                  00008850    0000000c     (__TI_handler_table)
                  0000885c    00000004     --HOLE-- [fill = 0]
                  00008860    00000008     (.cinit..bss.load) [load image, compression = zero_init]
                  00008868    00000010     (__TI_cinit_table)

.sysmem    0    08001500    00000800     UNINITIALIZED
                  08001500    00000008     rtsv7R4_A_be_v3D16_eabi.lib : memory.c.obj (.sysmem)
                  08001508    000007f8     --HOLE--

.bss       0    08001d00    00000220     UNINITIALIZED
                  08001d00    00000120     rtsv7R4_A_be_v3D16_eabi.lib : trgmsg.c.obj (.bss:_CIOBUF_)
                  08001e20    000000a0     (.common:__TI_tmpnams)
                  08001ec0    00000050     HL_sci.obj (.bss:g_sciTransfer_t)
                  08001f10    00000008     (.common:adc_data)
                  08001f18    00000008     (.common:parmbuf)

.data      0    08001f20    000001ec     UNINITIALIZED
                  08001f20    000000f0     rtsv7R4_A_be_v3D16_eabi.lib : defs.c.obj (.data:_ftable)
                  08002010    00000078                                 : write.c.obj (.data:_device)
                  08002088    00000050                                 : write.c.obj (.data:_stream)
                  080020d8    00000010                                 : defs.c.obj (.data)
                  080020e8    0000000c                                 : exit.c.obj (.data:$O1$$)
                  080020f4    0000000c                                 : memory.c.obj (.data:$O1$$)
                  08002100    00000008                                 : _lock.c.obj (.data:$O1$$)
                  08002108    00000004                                 : errno.c.obj (.data)

MODULE SUMMARY

       Module                       code    ro data   rw data
       ------                       ----    -------   -------
    ./source/
       HL_sys_vim.obj               3188    512       0      
       HL_adc.obj                   2796    48        0      
       HL_pinmux.obj                2496    0         0      
       HL_system.obj                2396    0         0      
       HL_esm.obj                   2308    0         0      
       HL_sci.obj                   2160    0         80     
       HL_gio.obj                   1156    0         0      
       HL_sys_core.obj              964     0         0      
       HL_sys_mpu.obj               876     0         0      
       HL_sys_main.obj              512     0         8      
       HL_sys_startup.obj           180     0         0      
       HL_notification.obj          156     0         0      
       HL_sys_intvecs.obj           32      0         0      
       HL_sys_phantom.obj           4       0         0      
    +--+----------------------------+-------+---------+---------+
       Total:                       19224   560       88     
                                                             
    /home/godric/ti/ccsv8/tools/compiler/ti-cgt-arm_18.1.3.LTS/lib/rtsv7R4_A_be_v3D16_eabi.lib
       _printfi.c.obj               6829    0         0      
       memory.c.obj                 844     0         12     
       ull_div32.asm.obj            696     0         0      
       trgmsg.c.obj                 168     0         288    
       fputs.c.obj                  420     0         0      
       defs.c.obj                   0       0         416    
       memcpy32.asm.obj             384     0         0      
       setvbuf.c.obj                344     0         0      
       s_floor.c.obj                316     0         0      
       s_scalbn.c.obj               288     0         0      
       write.c.obj                  68      0         200    
       ctype.c.obj                  0       257       0      
       fputc.c.obj                  256     0         0      
       getdevice.c.obj              192     0         0      
       fclose.c.obj                 184     0         0      
       memset32.asm.obj             176     0         0      
       hostlseek.c.obj              172     0         0      
       fseek.c.obj                  168     0         0      
       sprintf.c.obj                168     0         0      
       hostrename.c.obj             164     0         0      
       printf.c.obj                 164     0         0      
       _io_perm.c.obj               160     0         0      
       hostopen.c.obj               152     0         8      
       close.c.obj                  152     0         0      
       copy_decompress_lzss.c.obj   144     0         0      
       exit.c.obj                   132     0         12     
       hostread.c.obj               144     0         0      
       hostwrite.c.obj              144     0         0      
       s_frexp.c.obj                140     0         0      
       atoi.c.obj                   132     0         0      
       fflush.c.obj                 132     0         0      
       ltoa.c.obj                   128     0         0      
       hostclose.c.obj              116     0         0      
       hostunlink.c.obj             112     0         0      
       autoinit.c.obj               104     0         0      
       fopen.c.obj                  84      0         0      
       i_div32.asm.obj              84      0         0      
       u_div32.asm.obj              80      0         0      
       strncpy.c.obj                72      0         0      
       unlink.c.obj                 72      0         0      
       lseek.c.obj                  68      0         0      
       memccpy.c.obj                44      0         0      
       memchr.c.obj                 44      0         0      
       strchr.c.obj                 40      0         0      
       strcmp.c.obj                 40      0         0      
       wcslen.c.obj                 36      0         0      
       copy_zero_init.c.obj         32      0         0      
       strlen.c.obj                 32      0         0      
       s_copysign.c.obj             28      0         0      
       strcpy.c.obj                 24      0         0      
       copy_decompress_none.c.obj   20      0         0      
       errno.c.obj                  12      0         4      
       _lock.c.obj                  4       0         8      
       div0.asm.obj                 4       0         0      
    +--+----------------------------+-------+---------+---------+
       Total:                       14713   257       948    
                                                             
       Heap:                        0       0         2048   
       Linker Generated:            0       147       0      
    +--+----------------------------+-------+---------+---------+
       Grand Total:                 33937   964       3084   


LINKER GENERATED COPY TABLES

__TI_cinit_table @ 00008868 records: 2, size/record: 8, table size: 16
	.data: load addr=000087e0, load size=0000006f bytes, run addr=08001f20, run size=000001ec bytes, compression=lzss
	.bss: load addr=00008860, load size=00000008 bytes, run addr=08001d00, run size=00000220 bytes, compression=zero_init


LINKER GENERATED HANDLER TABLE

__TI_handler_table @ 00008850 records: 3, size/record: 4, table size: 12
	index: 0, handler: __TI_zero_init
	index: 1, handler: __TI_decompress_lzss
	index: 2, handler: __TI_decompress_none


GLOBAL SYMBOLS: SORTED ALPHABETICALLY BY Name 

address   name                                
-------   ----                                
00008478  C$$EXIT                             
00008070  C$$IO$$                             
00007bc4  HOSTclose                           
000071ec  HOSTlseek                           
000075bc  HOSTopen                            
00007784  HOSTread                            
00007340  HOSTrename                          
00007cac  HOSTunlink                          
00007814  HOSTwrite                           
UNDEFED   SHT$$INIT_ARRAY$$Base               
UNDEFED   SHT$$INIT_ARRAY$$Limit              
08001d00  __CIOBUF_                           
00000800  __SYSMEM_SIZE                       
00008868  __TI_CINIT_Base                     
00008878  __TI_CINIT_Limit                    
00008850  __TI_Handler_Table_Base             
0000885c  __TI_Handler_Table_Limit            
00004f38  __TI_PINIT_Base                     
00004f3c  __TI_PINIT_Limit                    
00007df4  __TI_auto_init_nobinit_nopinit      
00007f80  __TI_cleanup                        
080020e8  __TI_cleanup_ptr                    
00006fd0  __TI_closefile                      
000078a4  __TI_decompress_lzss                
00008458  __TI_decompress_none                
000079c0  __TI_doflush                        
080020ec  __TI_dtors_ptr                      
080020f0  __TI_enable_exit_profile_output     
080020d8  __TI_ft_end                         
ffffffff  __TI_pprof_out_hndl                 
00000020  __TI_printfi                        
ffffffff  __TI_prof_data_size                 
ffffffff  __TI_prof_data_start                
00007fd4  __TI_readmsg                        
00000000  __TI_static_base__                  
08001e20  __TI_tmpnams                        
00008028  __TI_writemsg                       
000073e4  __TI_wrt_ok                         
000083d0  __TI_zero_init_nomemset             
0000846c  __aeabi_errno_addr                  
000080d0  __aeabi_idiv                        
00008490  __aeabi_idiv0                       
000080d0  __aeabi_idivmod                     
00008490  __aeabi_ldiv0                       
0000713c  __aeabi_memclr                      
0000713c  __aeabi_memclr4                     
0000713c  __aeabi_memclr8                     
00006168  __aeabi_memcpy                      
00006168  __aeabi_memcpy4                     
00006168  __aeabi_memcpy8                     
00007140  __aeabi_memset                      
00007140  __aeabi_memset4                     
00007140  __aeabi_memset8                     
080020e4  __aeabi_stderr                      
080020dc  __aeabi_stdin                       
080020e0  __aeabi_stdout                      
00008124  __aeabi_uidiv                       
00008124  __aeabi_uidivmod                    
000058c4  __aeabi_uldivmod                    
ffffffff  __binit__                           
ffffffff  __c_args__                          
00007088  _c_int00                            
00004eec  _cacheDisable_                      
00004ea8  _cacheEnable_                       
00004e88  _checkMemInitOn_                    
00004d94  _coreClearAuxiliaryDataFault_       
00004da8  _coreClearAuxiliaryInstructionFault_
00004d6c  _coreClearDataFaultAddress_         
00004d44  _coreClearDataFault_                
00004d80  _coreClearInstructionFaultAddress_  
00004d58  _coreClearInstructionFault_         
00004d1c  _coreDisableEventBusExport_         
00004d0c  _coreEnableEventBusExport_          
00004d2c  _coreEnableIrqVicOffset_            
00004cf4  _coreEnableVfp_                     
00004d8c  _coreGetAuxiliaryDataFault_         
00004da0  _coreGetAuxiliaryInstructionFault_  
00004d64  _coreGetDataFaultAddress_           
00004d3c  _coreGetDataFault_                  
00004d78  _coreGetInstructionFaultAddress_    
00004d50  _coreGetInstructionFault_           
00004b7c  _coreInitRegisters_                 
00004c88  _coreInitStackPointer_              
000086a0  _ctypes_                            
00004f10  _dCacheInvalidate_                  
08002010  _device                             
00004db4  _disable_IRQ_interrupt_             
00004dbc  _enable_IRQ_interrupt_              
00004dc4  _enable_interrupt_                  
00004dcc  _esmCcmErrorsClear_                 
08001f20  _ftable                             
00004cd4  _getCPSRValue_                      
00004cdc  _gotoCPUIdle_                       
00004f24  _iCacheInvalidate_                  
08002100  _lock                               
00004e54  _memInit_                           
00005254  _mpuAreRegionsSeparate_             
00005238  _mpuDisableBackgroundRegion_        
00005210  _mpuDisable_                        
00005228  _mpuEnableBackgroundRegion_         
000051f8  _mpuEnable_                         
00005248  _mpuGetNumberOfRegions_             
00005278  _mpuGetRegionBaseAddress_           
00005298  _mpuGetRegionPermission_            
0000528c  _mpuGetRegionType_                  
00005268  _mpuGetRegion_                      
00004f40  _mpuInit_                           
00005270  _mpuSetRegionBaseAddress_           
000052a4  _mpuSetRegionSizeRegister_          
00005280  _mpuSetRegionTypeAndPermission_     
00005260  _mpuSetRegion_                      
00008480  _nop                                
08002088  _stream                             
08001500  _sys_memory                         
UNDEFED   _system_post_cinit                  
08002104  _unlock                             
00008478  abort                               
00001838  adc1GetConfigValue                  
00001414  adcCalibration                      
000017d8  adcDisableNotification              
00001788  adcEnableNotification               
000011ec  adcGetData                          
00001820  adcGetEVTPin                        
00000fbc  adcInit                             
000013e4  adcIsConversionComplete             
000013b4  adcIsFifoFull                       
000015ec  adcMidPointCalibration              
000074d0  adcNotification                     
000011c4  adcResetFiFo                        
00001800  adcSetEVTPin                        
00001118  adcStartConversion                  
0000119c  adcStopConversion                   
08001f10  adc_data                            
00007a44  atoi                                
ffffffff  binit                               
000076ec  close                               
00008410  copysign                            
00008410  copysignl                           
000074bc  dmaGroupANotification               
0000750c  epcCAMFullNotification              
00007510  epcFIFOFullNotification             
08002108  errno                               
0000417c  esmActivateNormalOperation          
000042c8  esmClearStatus                      
0000432c  esmClearStatusBuffer                
00004308  esmClearStatusUpper                 
00004128  esmDisableError                     
00004150  esmDisableErrorUpper                
000041d0  esmDisableInterrupt                 
000041f8  esmDisableInterruptUpper            
000040e4  esmEnableError                      
0000410c  esmEnableErrorUpper                 
0000418c  esmEnableInterrupt                  
000041b4  esmEnableInterruptUpper             
0000445c  esmEnterSelfTest                    
000040c8  esmError                            
00004534  esmGetConfigValue                   
00004368  esmGetStatus                        
00004434  esmGetStatusBuffer                  
000043ec  esmGetStatusUpper                   
00007484  esmGroup1Notification               
00007498  esmGroup2Notification               
000074ac  esmGroup3Notification               
000062e8  esmHighInterrupt                    
00003f6c  esmInit                             
000044e4  esmSelfTestStatus                   
00004348  esmSetCounterPreloadValue           
00004214  esmSetInterruptLevel                
00004288  esmSetInterruptLevelUpper           
0000416c  esmTriggerErrorPinReset             
00007b48  exit                                
0000807c  finddevice                          
000069c4  floor                               
000069c4  floorl                              
00006d38  fputc                               
00005fc4  fputs                               
00006460  free                                
00007934  frexp                               
00007934  frexpl                              
00007298  fseek                               
000027d4  getResetSource                      
00007d1c  getdevice                           
00004958  gioDisableNotification              
000048f0  gioEnableNotification               
00004858  gioGetBit                           
000049c0  gioGetConfigValue                   
00004880  gioGetPort                          
000046f8  gioInit                             
000074e4  gioNotification                     
000047e8  gioSetBit                           
000047c8  gioSetDirection                     
00004838  gioSetPort                          
00004898  gioToggleBit                        
00006b00  ldexp                               
00006b00  ldexpl                              
0000824c  lseek                               
00007ac8  ltoa                                
00005dc4  main                                
00006e38  malloc                              
00002604  mapClocks                           
00008304  memccpy                             
00008330  memchr                              
00006168  memcpy                              
0000714c  memset                              
00007f24  minit                               
00001aa8  muxInit                             
08001f18  parmbuf                             
00002550  periphInit                          
0000848c  phantomInterrupt                    
00007520  printf                              
00006d38  putc                                
00008204  remove                              
00000000  resetEntry                          
00006b00  scalbn                              
00006b00  scalbnl                             
00003db8  sci1GetConfigValue                  
00003c2c  sciDisableLoopback                  
00003ce0  sciDisableNotification              
00003bf8  sciEnableLoopback                   
00003c48  sciEnableNotification               
00003d78  sciEnterResetState                  
00003d98  sciExitResetState                   
000036fc  sciInit                             
00003a70  sciIsIdleDetected                   
00003a54  sciIsRxReady                        
000038a4  sciIsTxReady                        
000074f8  sciNotification                     
00003ae8  sciReceive                          
00003abc  sciReceiveByte                      
00003a8c  sciRxError                          
000038f0  sciSend                             
000038c0  sciSendByte                         
00003808  sciSetBaudrate                      
000037e8  sciSetFunctional                    
00005ee4  sci_display_txt                     
00002510  setupFlash                          
00002468  setupPLL                            
00006728  setvbuf                             
00007ec0  sprintf                             
0000835c  strchr                              
00008384  strcmp                              
0000842c  strcpy                              
000083f0  strlen                              
000081bc  strncpy                             
000028fc  systemGetConfigValue                
00002730  systemInit                          
000027a4  systemPowerDown                     
000024c8  trimLPO                             
00008204  unlink                              
00002e98  vimChannelMap                       
00003104  vimDisableInterrupt                 
000052ac  vimECCErrorHandler                  
00002f3c  vimEnableInterrupt                  
000031b0  vimGetConfigValue                   
00002dc4  vimInit                             
00005f44  wait                                
000083ac  wcslen                              
00008290  write                               


GLOBAL SYMBOLS: SORTED BY Symbol Address 

address   name                                
-------   ----                                
00000000  __TI_static_base__                  
00000000  resetEntry                          
00000020  __TI_printfi                        
00000800  __SYSMEM_SIZE                       
00000fbc  adcInit                             
00001118  adcStartConversion                  
0000119c  adcStopConversion                   
000011c4  adcResetFiFo                        
000011ec  adcGetData                          
000013b4  adcIsFifoFull                       
000013e4  adcIsConversionComplete             
00001414  adcCalibration                      
000015ec  adcMidPointCalibration              
00001788  adcEnableNotification               
000017d8  adcDisableNotification              
00001800  adcSetEVTPin                        
00001820  adcGetEVTPin                        
00001838  adc1GetConfigValue                  
00001aa8  muxInit                             
00002468  setupPLL                            
000024c8  trimLPO                             
00002510  setupFlash                          
00002550  periphInit                          
00002604  mapClocks                           
00002730  systemInit                          
000027a4  systemPowerDown                     
000027d4  getResetSource                      
000028fc  systemGetConfigValue                
00002dc4  vimInit                             
00002e98  vimChannelMap                       
00002f3c  vimEnableInterrupt                  
00003104  vimDisableInterrupt                 
000031b0  vimGetConfigValue                   
000036fc  sciInit                             
000037e8  sciSetFunctional                    
00003808  sciSetBaudrate                      
000038a4  sciIsTxReady                        
000038c0  sciSendByte                         
000038f0  sciSend                             
00003a54  sciIsRxReady                        
00003a70  sciIsIdleDetected                   
00003a8c  sciRxError                          
00003abc  sciReceiveByte                      
00003ae8  sciReceive                          
00003bf8  sciEnableLoopback                   
00003c2c  sciDisableLoopback                  
00003c48  sciEnableNotification               
00003ce0  sciDisableNotification              
00003d78  sciEnterResetState                  
00003d98  sciExitResetState                   
00003db8  sci1GetConfigValue                  
00003f6c  esmInit                             
000040c8  esmError                            
000040e4  esmEnableError                      
0000410c  esmEnableErrorUpper                 
00004128  esmDisableError                     
00004150  esmDisableErrorUpper                
0000416c  esmTriggerErrorPinReset             
0000417c  esmActivateNormalOperation          
0000418c  esmEnableInterrupt                  
000041b4  esmEnableInterruptUpper             
000041d0  esmDisableInterrupt                 
000041f8  esmDisableInterruptUpper            
00004214  esmSetInterruptLevel                
00004288  esmSetInterruptLevelUpper           
000042c8  esmClearStatus                      
00004308  esmClearStatusUpper                 
0000432c  esmClearStatusBuffer                
00004348  esmSetCounterPreloadValue           
00004368  esmGetStatus                        
000043ec  esmGetStatusUpper                   
00004434  esmGetStatusBuffer                  
0000445c  esmEnterSelfTest                    
000044e4  esmSelfTestStatus                   
00004534  esmGetConfigValue                   
000046f8  gioInit                             
000047c8  gioSetDirection                     
000047e8  gioSetBit                           
00004838  gioSetPort                          
00004858  gioGetBit                           
00004880  gioGetPort                          
00004898  gioToggleBit                        
000048f0  gioEnableNotification               
00004958  gioDisableNotification              
000049c0  gioGetConfigValue                   
00004b7c  _coreInitRegisters_                 
00004c88  _coreInitStackPointer_              
00004cd4  _getCPSRValue_                      
00004cdc  _gotoCPUIdle_                       
00004cf4  _coreEnableVfp_                     
00004d0c  _coreEnableEventBusExport_          
00004d1c  _coreDisableEventBusExport_         
00004d2c  _coreEnableIrqVicOffset_            
00004d3c  _coreGetDataFault_                  
00004d44  _coreClearDataFault_                
00004d50  _coreGetInstructionFault_           
00004d58  _coreClearInstructionFault_         
00004d64  _coreGetDataFaultAddress_           
00004d6c  _coreClearDataFaultAddress_         
00004d78  _coreGetInstructionFaultAddress_    
00004d80  _coreClearInstructionFaultAddress_  
00004d8c  _coreGetAuxiliaryDataFault_         
00004d94  _coreClearAuxiliaryDataFault_       
00004da0  _coreGetAuxiliaryInstructionFault_  
00004da8  _coreClearAuxiliaryInstructionFault_
00004db4  _disable_IRQ_interrupt_             
00004dbc  _enable_IRQ_interrupt_              
00004dc4  _enable_interrupt_                  
00004dcc  _esmCcmErrorsClear_                 
00004e54  _memInit_                           
00004e88  _checkMemInitOn_                    
00004ea8  _cacheEnable_                       
00004eec  _cacheDisable_                      
00004f10  _dCacheInvalidate_                  
00004f24  _iCacheInvalidate_                  
00004f38  __TI_PINIT_Base                     
00004f3c  __TI_PINIT_Limit                    
00004f40  _mpuInit_                           
000051f8  _mpuEnable_                         
00005210  _mpuDisable_                        
00005228  _mpuEnableBackgroundRegion_         
00005238  _mpuDisableBackgroundRegion_        
00005248  _mpuGetNumberOfRegions_             
00005254  _mpuAreRegionsSeparate_             
00005260  _mpuSetRegion_                      
00005268  _mpuGetRegion_                      
00005270  _mpuSetRegionBaseAddress_           
00005278  _mpuGetRegionBaseAddress_           
00005280  _mpuSetRegionTypeAndPermission_     
0000528c  _mpuGetRegionType_                  
00005298  _mpuGetRegionPermission_            
000052a4  _mpuSetRegionSizeRegister_          
000052ac  vimECCErrorHandler                  
000058c4  __aeabi_uldivmod                    
00005dc4  main                                
00005ee4  sci_display_txt                     
00005f44  wait                                
00005fc4  fputs                               
00006168  __aeabi_memcpy                      
00006168  __aeabi_memcpy4                     
00006168  __aeabi_memcpy8                     
00006168  memcpy                              
000062e8  esmHighInterrupt                    
00006460  free                                
00006728  setvbuf                             
000069c4  floor                               
000069c4  floorl                              
00006b00  ldexp                               
00006b00  ldexpl                              
00006b00  scalbn                              
00006b00  scalbnl                             
00006d38  fputc                               
00006d38  putc                                
00006e38  malloc                              
00006fd0  __TI_closefile                      
00007088  _c_int00                            
0000713c  __aeabi_memclr                      
0000713c  __aeabi_memclr4                     
0000713c  __aeabi_memclr8                     
00007140  __aeabi_memset                      
00007140  __aeabi_memset4                     
00007140  __aeabi_memset8                     
0000714c  memset                              
000071ec  HOSTlseek                           
00007298  fseek                               
00007340  HOSTrename                          
000073e4  __TI_wrt_ok                         
00007484  esmGroup1Notification               
00007498  esmGroup2Notification               
000074ac  esmGroup3Notification               
000074bc  dmaGroupANotification               
000074d0  adcNotification                     
000074e4  gioNotification                     
000074f8  sciNotification                     
0000750c  epcCAMFullNotification              
00007510  epcFIFOFullNotification             
00007520  printf                              
000075bc  HOSTopen                            
000076ec  close                               
00007784  HOSTread                            
00007814  HOSTwrite                           
000078a4  __TI_decompress_lzss                
00007934  frexp                               
00007934  frexpl                              
000079c0  __TI_doflush                        
00007a44  atoi                                
00007ac8  ltoa                                
00007b48  exit                                
00007bc4  HOSTclose                           
00007cac  HOSTunlink                          
00007d1c  getdevice                           
00007df4  __TI_auto_init_nobinit_nopinit      
00007ec0  sprintf                             
00007f24  minit                               
00007f80  __TI_cleanup                        
00007fd4  __TI_readmsg                        
00008028  __TI_writemsg                       
00008070  C$$IO$$                             
0000807c  finddevice                          
000080d0  __aeabi_idiv                        
000080d0  __aeabi_idivmod                     
00008124  __aeabi_uidiv                       
00008124  __aeabi_uidivmod                    
000081bc  strncpy                             
00008204  remove                              
00008204  unlink                              
0000824c  lseek                               
00008290  write                               
00008304  memccpy                             
00008330  memchr                              
0000835c  strchr                              
00008384  strcmp                              
000083ac  wcslen                              
000083d0  __TI_zero_init_nomemset             
000083f0  strlen                              
00008410  copysign                            
00008410  copysignl                           
0000842c  strcpy                              
00008458  __TI_decompress_none                
0000846c  __aeabi_errno_addr                  
00008478  C$$EXIT                             
00008478  abort                               
00008480  _nop                                
0000848c  phantomInterrupt                    
00008490  __aeabi_idiv0                       
00008490  __aeabi_ldiv0                       
000086a0  _ctypes_                            
00008850  __TI_Handler_Table_Base             
0000885c  __TI_Handler_Table_Limit            
00008868  __TI_CINIT_Base                     
00008878  __TI_CINIT_Limit                    
08001500  _sys_memory                         
08001d00  __CIOBUF_                           
08001e20  __TI_tmpnams                        
08001f10  adc_data                            
08001f18  parmbuf                             
08001f20  _ftable                             
08002010  _device                             
08002088  _stream                             
080020d8  __TI_ft_end                         
080020dc  __aeabi_stdin                       
080020e0  __aeabi_stdout                      
080020e4  __aeabi_stderr                      
080020e8  __TI_cleanup_ptr                    
080020ec  __TI_dtors_ptr                      
080020f0  __TI_enable_exit_profile_output     
08002100  _lock                               
08002104  _unlock                             
08002108  errno                               
ffffffff  __TI_pprof_out_hndl                 
ffffffff  __TI_prof_data_size                 
ffffffff  __TI_prof_data_start                
ffffffff  __binit__                           
ffffffff  __c_args__                          
ffffffff  binit                               
UNDEFED   SHT$$INIT_ARRAY$$Base               
UNDEFED   SHT$$INIT_ARRAY$$Limit              
UNDEFED   _system_post_cinit                  

[258 symbols]
